2026-05-21 11:53:04 [INFO] 日志系统已初始化，日志文件：C:\Users\EDY\Desktop\BOT_TEST\logs\2026\05\2026-05-21.log
2026-05-21 11:53:04 [INFO] 成功导入 pyautogui
2026-05-21 11:53:04 [INFO] 成功加载 1 个任务
2026-05-21 11:53:04 [INFO] 启动任务调度器...
2026-05-21 11:53:04 [INFO] 已安排任务：08:35 → 学员明细备份.xlsx → webhook[833b098e]
2026-05-21 11:53:04 [INFO] 已安排任务：10:35 → 学员明细备份.xlsx → webhook[833b098e]
2026-05-21 11:53:04 [INFO] 已安排任务：12:35 → 学员明细备份.xlsx → webhook[833b098e]
2026-05-21 11:53:04 [INFO] 已安排任务：14:35 → 学员明细备份.xlsx → webhook[833b098e]
2026-05-21 11:53:04 [INFO] 已安排任务：16:35 → 学员明细备份.xlsx → webhook[833b098e]
2026-05-21 11:53:04 [INFO] 已安排任务：18:35 → 学员明细备份.xlsx → webhook[833b098e]
2026-05-21 11:53:04 [INFO] 已安排任务：20:35 → 学员明细备份.xlsx → webhook[833b098e]
2026-05-21 11:53:04 [INFO] 已安排任务：22:00 → 学员明细备份.xlsx → webhook[833b098e]
2026-05-21 11:53:04 [INFO] 已安排任务：08:40 → 学员明细备份.xlsx → webhook[ee57f939]
2026-05-21 11:53:04 [INFO] 已安排任务：10:40 → 学员明细备份.xlsx → webhook[ee57f939]
2026-05-21 11:53:04 [INFO] 已安排任务：12:40 → 学员明细备份.xlsx → webhook[ee57f939]
2026-05-21 11:53:04 [INFO] 已安排任务：14:40 → 学员明细备份.xlsx → webhook[ee57f939]
2026-05-21 11:53:04 [INFO] 已安排任务：16:40 → 学员明细备份.xlsx → webhook[ee57f939]
2026-05-21 11:53:04 [INFO] 已安排任务：18:40 → 学员明细备份.xlsx → webhook[ee57f939]
2026-05-21 11:53:04 [INFO] 已安排任务：20:40 → 学员明细备份.xlsx → webhook[ee57f939]
2026-05-21 11:53:04 [INFO] 已安排任务：22:05 → 学员明细备份.xlsx → webhook[ee57f939]
2026-05-21 11:54:00 [INFO] 正在关闭调度器...
2026-05-21 11:54:12 [INFO] 日志系统已初始化，日志文件：C:\Users\EDY\Desktop\BOT_TEST\logs\2026\05\2026-05-21.log
2026-05-21 11:54:12 [INFO] 成功导入 pyautogui
2026-05-21 11:55:23 [INFO] 日志系统已初始化，日志文件：C:\Users\EDY\Desktop\BOT_TEST\logs\2026\05\2026-05-21.log
2026-05-21 11:55:23 [INFO] 成功导入 pyautogui
2026-05-21 11:55:23 [INFO] 成功加载 1 个任务
2026-05-21 11:55:23 [INFO] 启动任务调度器...
2026-05-21 11:55:23 [INFO] 已安排任务：08:35 → 学员明细备份.xlsx → webhook[833b098e]
2026-05-21 11:55:23 [INFO] 已安排任务：10:35 → 学员明细备份.xlsx → webhook[833b098e]
2026-05-21 11:55:23 [INFO] 已安排任务：12:35 → 学员明细备份.xlsx → webhook[833b098e]
2026-05-21 11:55:23 [INFO] 已安排任务：14:35 → 学员明细备份.xlsx → webhook[833b098e]
2026-05-21 11:55:23 [INFO] 已安排任务：16:35 → 学员明细备份.xlsx → webhook[833b098e]
2026-05-21 11:55:23 [INFO] 已安排任务：18:35 → 学员明细备份.xlsx → webhook[833b098e]
2026-05-21 11:55:23 [INFO] 已安排任务：20:35 → 学员明细备份.xlsx → webhook[833b098e]
2026-05-21 11:55:23 [INFO] 已安排任务：22:00 → 学员明细备份.xlsx → webhook[833b098e]
2026-05-21 11:55:23 [INFO] 已安排任务：08:40 → 学员明细备份.xlsx → webhook[ee57f939]
2026-05-21 11:55:23 [INFO] 已安排任务：10:40 → 学员明细备份.xlsx → webhook[ee57f939]
2026-05-21 11:55:23 [INFO] 已安排任务：12:40 → 学员明细备份.xlsx → webhook[ee57f939]
2026-05-21 11:55:23 [INFO] 已安排任务：14:40 → 学员明细备份.xlsx → webhook[ee57f939]
2026-05-21 11:55:23 [INFO] 已安排任务：16:40 → 学员明细备份.xlsx → webhook[ee57f939]
2026-05-21 11:55:23 [INFO] 已安排任务：18:40 → 学员明细备份.xlsx → webhook[ee57f939]
2026-05-21 11:55:23 [INFO] 已安排任务：20:40 → 学员明细备份.xlsx → webhook[ee57f939]
2026-05-21 11:55:23 [INFO] 已安排任务：22:05 → 学员明细备份.xlsx → webhook[ee57f939]
2026-05-21 11:55:51 [INFO] 正在关闭调度器...
2026-05-21 13:23:51 [INFO] 日志系统已初始化，日志文件：C:\Users\EDY\Desktop\BOT_TEST\logs\2026\05\2026-05-21.log
2026-05-21 13:23:51 [INFO] 成功导入 pyautogui
2026-05-21 13:23:51 [INFO] 成功加载 1 个任务
2026-05-21 13:23:51 [INFO] 启动任务调度器...
2026-05-21 13:23:51 [INFO] 已安排任务：08:35 → [0] 学员明细自动播报 → webhook[0-0][833b098e]
2026-05-21 13:23:51 [INFO] 已安排任务：10:35 → [0] 学员明细自动播报 → webhook[0-0][833b098e]
2026-05-21 13:23:51 [INFO] 已安排任务：12:35 → [0] 学员明细自动播报 → webhook[0-0][833b098e]
2026-05-21 13:23:51 [INFO] 已安排任务：14:35 → [0] 学员明细自动播报 → webhook[0-0][833b098e]
2026-05-21 13:23:51 [INFO] 已安排任务：16:35 → [0] 学员明细自动播报 → webhook[0-0][833b098e]
2026-05-21 13:23:51 [INFO] 已安排任务：18:35 → [0] 学员明细自动播报 → webhook[0-0][833b098e]
2026-05-21 13:23:51 [INFO] 已安排任务：20:35 → [0] 学员明细自动播报 → webhook[0-0][833b098e]
2026-05-21 13:23:51 [INFO] 已安排任务：22:00 → [0] 学员明细自动播报 → webhook[0-0][833b098e]
2026-05-21 13:23:51 [INFO] 已安排任务：08:40 → [0] 学员明细自动播报 → webhook[0-1][ee57f939]
2026-05-21 13:23:51 [INFO] 已安排任务：10:40 → [0] 学员明细自动播报 → webhook[0-1][ee57f939]
2026-05-21 13:23:51 [INFO] 已安排任务：12:40 → [0] 学员明细自动播报 → webhook[0-1][ee57f939]
2026-05-21 13:23:51 [INFO] 已安排任务：14:40 → [0] 学员明细自动播报 → webhook[0-1][ee57f939]
2026-05-21 13:23:51 [INFO] 已安排任务：16:40 → [0] 学员明细自动播报 → webhook[0-1][ee57f939]
2026-05-21 13:23:51 [INFO] 已安排任务：18:40 → [0] 学员明细自动播报 → webhook[0-1][ee57f939]
2026-05-21 13:23:51 [INFO] 已安排任务：20:40 → [0] 学员明细自动播报 → webhook[0-1][ee57f939]
2026-05-21 13:23:51 [INFO] 已安排任务：22:05 → [0] 学员明细自动播报 → webhook[0-1][ee57f939]
2026-05-21 13:37:29 [INFO] 日志系统已初始化，日志文件：C:\Users\EDY\Desktop\BOT_TEST\logs\2026\05\2026-05-21.log
2026-05-21 13:37:29 [INFO] 成功导入 pyautogui
2026-05-21 13:37:29 [INFO] 成功加载 1 个任务
2026-05-21 13:37:29 [INFO] 启动任务调度器...
2026-05-21 13:37:29 [INFO] 已安排任务：08:35 → [0] 学员明细自动播报 → webhook[0-0][833b098e]
2026-05-21 13:37:29 [INFO] 已安排任务：10:35 → [0] 学员明细自动播报 → webhook[0-0][833b098e]
2026-05-21 13:37:29 [INFO] 已安排任务：12:35 → [0] 学员明细自动播报 → webhook[0-0][833b098e]
2026-05-21 13:37:29 [INFO] 已安排任务：14:35 → [0] 学员明细自动播报 → webhook[0-0][833b098e]
2026-05-21 13:37:29 [INFO] 已安排任务：16:35 → [0] 学员明细自动播报 → webhook[0-0][833b098e]
2026-05-21 13:37:29 [INFO] 已安排任务：18:35 → [0] 学员明细自动播报 → webhook[0-0][833b098e]
2026-05-21 13:37:29 [INFO] 已安排任务：20:35 → [0] 学员明细自动播报 → webhook[0-0][833b098e]
2026-05-21 13:37:29 [INFO] 已安排任务：22:00 → [0] 学员明细自动播报 → webhook[0-0][833b098e]
2026-05-21 13:37:29 [INFO] 已安排任务：08:40 → [0] 学员明细自动播报 → webhook[0-1][ee57f939]
2026-05-21 13:37:29 [INFO] 已安排任务：10:40 → [0] 学员明细自动播报 → webhook[0-1][ee57f939]
2026-05-21 13:37:29 [INFO] 已安排任务：12:40 → [0] 学员明细自动播报 → webhook[0-1][ee57f939]
2026-05-21 13:37:29 [INFO] 已安排任务：14:40 → [0] 学员明细自动播报 → webhook[0-1][ee57f939]
2026-05-21 13:37:29 [INFO] 已安排任务：16:40 → [0] 学员明细自动播报 → webhook[0-1][ee57f939]
2026-05-21 13:37:29 [INFO] 已安排任务：18:40 → [0] 学员明细自动播报 → webhook[0-1][ee57f939]
2026-05-21 13:37:29 [INFO] 已安排任务：20:40 → [0] 学员明细自动播报 → webhook[0-1][ee57f939]
2026-05-21 13:37:29 [INFO] 已安排任务：22:05 → [0] 学员明细自动播报 → webhook[0-1][ee57f939]
2026-05-21 13:38:01 [INFO] 正在关闭调度器...
2026-05-21 13:38:02 [INFO] 日志系统已初始化，日志文件：C:\Users\EDY\Desktop\BOT_TEST\logs\2026\05\2026-05-21.log
2026-05-21 13:38:02 [INFO] 成功导入 pyautogui
2026-05-21 13:38:02 [INFO] 成功加载 1 个任务
2026-05-21 13:38:02 [INFO] 启动任务调度器...
2026-05-21 13:38:02 [INFO] 已安排任务：08:35 → [0] 学员明细自动播报 → webhook[0-0][833b098e]
2026-05-21 13:38:02 [INFO] 已安排任务：10:35 → [0] 学员明细自动播报 → webhook[0-0][833b098e]
2026-05-21 13:38:02 [INFO] 已安排任务：12:35 → [0] 学员明细自动播报 → webhook[0-0][833b098e]
2026-05-21 13:38:02 [INFO] 已安排任务：14:35 → [0] 学员明细自动播报 → webhook[0-0][833b098e]
2026-05-21 13:38:02 [INFO] 已安排任务：16:35 → [0] 学员明细自动播报 → webhook[0-0][833b098e]
2026-05-21 13:38:02 [INFO] 已安排任务：18:35 → [0] 学员明细自动播报 → webhook[0-0][833b098e]
2026-05-21 13:38:02 [INFO] 已安排任务：20:35 → [0] 学员明细自动播报 → webhook[0-0][833b098e]
2026-05-21 13:38:02 [INFO] 已安排任务：22:00 → [0] 学员明细自动播报 → webhook[0-0][833b098e]
2026-05-21 13:38:02 [INFO] 已安排任务：08:40 → [0] 学员明细自动播报 → webhook[0-1][ee57f939]
2026-05-21 13:38:02 [INFO] 已安排任务：10:40 → [0] 学员明细自动播报 → webhook[0-1][ee57f939]
2026-05-21 13:38:02 [INFO] 已安排任务：12:40 → [0] 学员明细自动播报 → webhook[0-1][ee57f939]
2026-05-21 13:38:02 [INFO] 已安排任务：14:40 → [0] 学员明细自动播报 → webhook[0-1][ee57f939]
2026-05-21 13:38:02 [INFO] 已安排任务：16:40 → [0] 学员明细自动播报 → webhook[0-1][ee57f939]
2026-05-21 13:38:02 [INFO] 已安排任务：18:40 → [0] 学员明细自动播报 → webhook[0-1][ee57f939]
2026-05-21 13:38:02 [INFO] 已安排任务：20:40 → [0] 学员明细自动播报 → webhook[0-1][ee57f939]
2026-05-21 13:38:02 [INFO] 已安排任务：22:05 → [0] 学员明细自动播报 → webhook[0-1][ee57f939]
2026-05-21 13:38:06 [INFO] 正在关闭调度器...
2026-05-21 13:38:14 [INFO] 日志系统已初始化，日志文件：C:\Users\EDY\Desktop\BOT_TEST\logs\2026\05\2026-05-21.log
2026-05-21 13:38:14 [INFO] 成功导入 pyautogui
2026-05-21 13:38:25 [INFO] 日志系统已初始化，日志文件：C:\Users\EDY\Desktop\BOT_TEST\logs\2026\05\2026-05-21.log
2026-05-21 13:38:25 [INFO] 成功导入 pyautogui
2026-05-21 13:38:25 [INFO] 成功加载 1 个任务
2026-05-21 13:38:25 [INFO] 进入调试模式...
2026-05-21 13:38:25 [INFO] 当前任务配置：
2026-05-21 13:38:25 [INFO]   [0] 学员明细备份.xlsx
2026-05-21 13:38:25 [INFO]     - [0] webhook: 833b098e-d..., times: ['08:35', '10:35', '12:35', '14:35', '16:35', '18:35', '20:35', '22:00']
2026-05-21 13:38:25 [INFO]     - [1] webhook: ee57f939-0..., times: ['08:40', '10:40', '12:40', '14:40', '16:40', '18:40', '20:40', '22:05']
2026-05-21 13:38:25 [INFO] ====================================================================================================
2026-05-21 13:38:25 [INFO] 启动任务：学员明细备份.xlsx
2026-05-21 13:38:25 [INFO] ====================================================================================================
2026-05-21 13:38:25 [DEBUG] 成功创建 Excel 实例
2026-05-21 13:38:25 [DEBUG] 成功设置 Excel 可见性: True
2026-05-21 13:38:25 [DEBUG] 成功设置 DisplayAlerts = False
2026-05-21 13:38:28 [DEBUG] 成功打开文件：学员明细备份.xlsx
2026-05-21 13:38:28 [INFO] 开始刷新数据...
2026-05-21 13:38:28 [DEBUG] 发现链接数据源的表格：工作表 [昨日课量备份] - 查询 [昨日课量备份] - 范围 [$A$1:$B$59147]
2026-05-21 13:38:28 [INFO] 共发现 1 个链接了数据源的表格
2026-05-21 13:38:28 [INFO]   - 工作表 [昨日课量备份] - 查询 [昨日课量备份] - 范围 [$A$1:$B$59147]
2026-05-21 13:38:28 [INFO] 检查数据连接属性：
2026-05-21 13:38:28 [INFO]   工作表 [昨日课量备份] - 查询 [昨日课量备份]:
2026-05-21 13:38:28 [INFO]     - 全部刷新时刷新此连接: ✗ 未设置
2026-05-21 13:38:38 [INFO] 执行全部刷新...
2026-05-21 13:38:40 [INFO] 没有需要验证的表格，刷新完成
2026-05-21 13:38:40 [INFO] 启动弹窗守护线程，超时时间：90秒
2026-05-21 13:38:40 [DEBUG] 重新应用筛选：昨日课量备份
2026-05-21 13:38:40 [DEBUG] 未检测到按钮 view_all_content.png ：
2026-05-21 13:38:40 [INFO] 处理Webhook：833b098e...
2026-05-21 13:38:40 [INFO] 开始截图，共 1 个区域
2026-05-21 13:38:40 [DEBUG] 截图区域地址: $A$1:$A$2
2026-05-21 13:38:40 [INFO] 弹窗守护线程结束
2026-05-21 13:38:41 [INFO] 截图成功：[test_webhook1] 工作表[sheet1] 区域[A1]
2026-05-21 13:38:42 [DEBUG] 已将所有工作表缩放比例恢复为100%
2026-05-21 13:38:42 [INFO] 处理Webhook：ee57f939...
2026-05-21 13:38:42 [INFO] 开始截图，共 1 个区域
2026-05-21 13:38:42 [DEBUG] 截图区域地址: $A$1
2026-05-21 13:38:43 [INFO] 截图成功：[test_webhook2] 工作表[sheet2] 区域[A1]
2026-05-21 13:38:43 [DEBUG] 已将所有工作表缩放比例恢复为100%
2026-05-21 13:38:44 [DEBUG] Excel 进程已释放
2026-05-21 13:38:44 [INFO] _deliver_results 被调用
2026-05-21 13:38:44 [INFO]   webhook: 833b098e...
2026-05-21 13:38:44 [INFO]   screenshots数量: 1
2026-05-21 13:38:44 [INFO]   send_file_enable: 1
2026-05-21 13:38:45 [INFO] 发送成功：截图 学员明细备份_test_webhook1_20260521_133840_631911.png
2026-05-21 13:38:45 [INFO] send_file_enable 为真，准备发送文件
2026-05-21 13:38:45 [INFO] 准备发送文件，file_path: C:/Users/EDY/OneDrive - PPLINGO PTE LTD/自动播报文件/学员明细备份.xlsx
2026-05-21 13:38:45 [INFO] send_file_enable 检查，webhook: 833b098e...
2026-05-21 13:38:45 [INFO] 开始上传文件：学员明细备份.xlsx
2026-05-21 13:38:45 [INFO] 上传URL: https://qyapi.weixin.qq.com/cgi-bin/webhook/upload_media?key=833b098e-d8b8-43ea-bfdf-cade0d040fb6&type=file
2026-05-21 13:38:45 [INFO] 正在上传文件：C:/Users/EDY/OneDrive - PPLINGO PTE LTD/自动播报文件/学员明细备份.xlsx
2026-05-21 13:38:45 [INFO] 上传文件名：学员明细备份_2026-05-21.xlsx
2026-05-21 13:38:47 [INFO] 上传响应状态码: 200
2026-05-21 13:38:47 [INFO] 上传响应内容: {"errcode":0,"errmsg":"ok","type":"file","media_id":"3r6YQpPoTd284G03hBzIzveSptsshlxNtagCGJnjF96y788znH42JM_c7ick3klai","created_at":"1779341925"}
2026-05-21 13:38:47 [INFO] 上传结果: {'errcode': 0, 'errmsg': 'ok', 'type': 'file', 'media_id': '3r6YQpPoTd284G03hBzIzveSptsshlxNtagCGJnjF96y788znH42JM_c7ick3klai', 'created_at': '1779341925'}
2026-05-21 13:38:47 [INFO] 文件上传成功，media_id: 3r6YQpPoTd284G03hBzIzveSptsshlxNtagCGJnjF96y788znH42JM_c7ick3klai
2026-05-21 13:38:47 [INFO] 发送成功：文件 学员明细备份.xlsx
2026-05-21 13:38:47 [DEBUG] 清理临时文件：学员明细备份_test_webhook1_20260521_133840_631911.png
2026-05-21 13:38:47 [INFO] _deliver_results 被调用
2026-05-21 13:38:47 [INFO]   webhook: ee57f939...
2026-05-21 13:38:47 [INFO]   screenshots数量: 1
2026-05-21 13:38:47 [INFO]   send_file_enable: 0
2026-05-21 13:38:48 [INFO] 发送成功：截图 学员明细备份_test_webhook2_20260521_133842_107414.png
2026-05-21 13:38:48 [INFO] send_file_enable 为假，跳过发送文件
2026-05-21 13:38:48 [DEBUG] 清理临时文件：学员明细备份_test_webhook2_20260521_133842_107414.png
2026-05-21 13:38:48 [INFO] 任务耗时：23.00s
2026-05-21 13:38:48 [INFO] ====================================================================================================
2026-05-21 13:42:57 [INFO] 日志系统已初始化，日志文件：C:\Users\EDY\Desktop\BOT_TEST\logs\2026\05\2026-05-21.log
2026-05-21 13:42:57 [INFO] 成功导入 pyautogui
2026-05-21 13:42:57 [INFO] 成功加载 1 个任务
2026-05-21 13:42:57 [INFO] 进入调试模式...
2026-05-21 13:42:57 [INFO] 当前任务配置：
2026-05-21 13:42:57 [INFO]   [0] 学员明细备份.xlsx
2026-05-21 13:42:57 [INFO]     - [0] webhook: 833b098e-d..., times: ['08:35', '10:35', '12:35', '14:35', '16:35', '18:35', '20:35', '22:00']
2026-05-21 13:42:57 [INFO]     - [1] webhook: ee57f939-0..., times: ['08:40', '10:40', '12:40', '14:40', '16:40', '18:40', '20:40', '22:05']
2026-05-21 13:42:57 [INFO] 将执行任务 0 的 webhook 0
2026-05-21 13:42:57 [INFO] 执行指定的 webhook: 833b098e-d...
2026-05-21 13:42:57 [INFO] ====================================================================================================
2026-05-21 13:42:57 [INFO] 启动任务：学员明细备份.xlsx
2026-05-21 13:42:57 [INFO] Webhook：833b098e...
2026-05-21 13:42:57 [INFO] ====================================================================================================
2026-05-21 13:42:58 [DEBUG] 成功创建 Excel 实例
2026-05-21 13:42:58 [DEBUG] 成功设置 Excel 可见性: True
2026-05-21 13:42:58 [DEBUG] 成功设置 DisplayAlerts = False
2026-05-21 13:43:00 [DEBUG] 成功打开文件：学员明细备份.xlsx
2026-05-21 13:43:00 [INFO] 开始刷新数据...
2026-05-21 13:43:00 [DEBUG] 发现链接数据源的表格：工作表 [昨日课量备份] - 查询 [昨日课量备份] - 范围 [$A$1:$B$59147]
2026-05-21 13:43:00 [INFO] 共发现 1 个链接了数据源的表格
2026-05-21 13:43:00 [INFO]   - 工作表 [昨日课量备份] - 查询 [昨日课量备份] - 范围 [$A$1:$B$59147]
2026-05-21 13:43:00 [INFO] 检查数据连接属性：
2026-05-21 13:43:00 [INFO]   工作表 [昨日课量备份] - 查询 [昨日课量备份]:
2026-05-21 13:43:00 [INFO]     - 全部刷新时刷新此连接: ✗ 未设置
2026-05-21 13:43:10 [INFO] 执行全部刷新...
2026-05-21 13:43:11 [INFO] 没有需要验证的表格，刷新完成
2026-05-21 13:43:11 [INFO] 启动弹窗守护线程，超时时间：90秒
2026-05-21 13:43:12 [DEBUG] 未检测到按钮 view_all_content.png ：
2026-05-21 13:43:12 [DEBUG] 重新应用筛选：昨日课量备份
2026-05-21 13:43:12 [INFO] 处理Webhook：833b098e...
2026-05-21 13:43:12 [INFO] 开始截图，共 1 个区域
2026-05-21 13:43:12 [DEBUG] 截图区域地址: $A$1:$A$2
2026-05-21 13:43:12 [INFO] 弹窗守护线程结束
2026-05-21 13:43:13 [INFO] 截图成功：[test_webhook1] 工作表[sheet1] 区域[A1]
2026-05-21 13:43:13 [DEBUG] 已将所有工作表缩放比例恢复为100%
2026-05-21 13:43:14 [DEBUG] Excel 进程已释放
2026-05-21 13:43:14 [INFO] _deliver_results 被调用
2026-05-21 13:43:14 [INFO]   webhook: 833b098e...
2026-05-21 13:43:14 [INFO]   screenshots数量: 1
2026-05-21 13:43:14 [INFO]   send_file_enable: 1
2026-05-21 13:43:15 [INFO] 发送成功：截图 学员明细备份_test_webhook1_20260521_134312_311139.png
2026-05-21 13:43:15 [INFO] send_file_enable 为真，准备发送文件
2026-05-21 13:43:15 [INFO] 准备发送文件，file_path: C:/Users/EDY/OneDrive - PPLINGO PTE LTD/自动播报文件/学员明细备份.xlsx
2026-05-21 13:43:15 [INFO] send_file_enable 检查，webhook: 833b098e...
2026-05-21 13:43:15 [INFO] 开始上传文件：学员明细备份.xlsx
2026-05-21 13:43:15 [INFO] 上传URL: https://qyapi.weixin.qq.com/cgi-bin/webhook/upload_media?key=833b098e-d8b8-43ea-bfdf-cade0d040fb6&type=file
2026-05-21 13:43:15 [INFO] 正在上传文件：C:/Users/EDY/OneDrive - PPLINGO PTE LTD/自动播报文件/学员明细备份.xlsx
2026-05-21 13:43:15 [INFO] 上传文件名：学员明细备份_2026-05-21.xlsx
2026-05-21 13:43:16 [INFO] 上传响应状态码: 200
2026-05-21 13:43:16 [INFO] 上传响应内容: {"errcode":0,"errmsg":"ok","type":"file","media_id":"3xBcPd3oxu64CY61k2u5tMmtlGdrMopyboBouOyWtxdLnhQ1_JxlBvIU3MiMU0unE","created_at":"1779342194"}
2026-05-21 13:43:16 [INFO] 上传结果: {'errcode': 0, 'errmsg': 'ok', 'type': 'file', 'media_id': '3xBcPd3oxu64CY61k2u5tMmtlGdrMopyboBouOyWtxdLnhQ1_JxlBvIU3MiMU0unE', 'created_at': '1779342194'}
2026-05-21 13:43:16 [INFO] 文件上传成功，media_id: 3xBcPd3oxu64CY61k2u5tMmtlGdrMopyboBouOyWtxdLnhQ1_JxlBvIU3MiMU0unE
2026-05-21 13:43:17 [INFO] 发送成功：文件 学员明细备份.xlsx
2026-05-21 13:43:17 [DEBUG] 清理临时文件：学员明细备份_test_webhook1_20260521_134312_311139.png
2026-05-21 13:43:17 [INFO] 任务耗时：19.31s
2026-05-21 13:43:17 [INFO] ====================================================================================================
2026-05-21 13:47:28 [INFO] 日志系统已初始化，日志文件：C:\Users\EDY\Desktop\BOT_TEST\logs\2026\05\2026-05-21.log
2026-05-21 13:47:28 [INFO] 成功导入 pyautogui
2026-05-21 13:47:28 [INFO] 成功加载 1 个任务
2026-05-21 13:47:28 [INFO] 进入调试模式...
2026-05-21 13:47:28 [INFO] 当前任务配置：
2026-05-21 13:47:28 [INFO]   [0] 学员明细备份.xlsx
2026-05-21 13:47:28 [INFO]     - [0] webhook: 833b098e-d..., times: ['08:35', '10:35', '12:35', '14:35', '16:35', '18:35', '20:35', '22:00']
2026-05-21 13:47:28 [INFO]     - [1] webhook: ee57f939-0..., times: ['08:40', '10:40', '12:40', '14:40', '16:40', '18:40', '20:40', '22:05']
2026-05-21 13:47:28 [INFO] 将执行任务 0 的 webhook 2
2026-05-21 13:47:28 [ERROR] 执行异常：list index out of range
2026-05-21 13:47:34 [INFO] 日志系统已初始化，日志文件：C:\Users\EDY\Desktop\BOT_TEST\logs\2026\05\2026-05-21.log
2026-05-21 13:47:34 [INFO] 成功导入 pyautogui
2026-05-21 13:47:34 [INFO] 成功加载 1 个任务
2026-05-21 13:47:34 [INFO] 进入调试模式...
2026-05-21 13:47:34 [INFO] 当前任务配置：
2026-05-21 13:47:34 [INFO]   [0] 学员明细备份.xlsx
2026-05-21 13:47:34 [INFO]     - [0] webhook: 833b098e-d..., times: ['08:35', '10:35', '12:35', '14:35', '16:35', '18:35', '20:35', '22:00']
2026-05-21 13:47:34 [INFO]     - [1] webhook: ee57f939-0..., times: ['08:40', '10:40', '12:40', '14:40', '16:40', '18:40', '20:40', '22:05']
2026-05-21 13:47:34 [INFO] 将执行任务 0 的 webhook 1
2026-05-21 13:47:34 [INFO] 执行指定的 webhook: ee57f939-0...
2026-05-21 13:47:34 [INFO] ====================================================================================================
2026-05-21 13:47:34 [INFO] 启动任务：学员明细备份.xlsx
2026-05-21 13:47:34 [INFO] Webhook：ee57f939...
2026-05-21 13:47:34 [INFO] ====================================================================================================
2026-05-21 13:47:34 [DEBUG] 成功创建 Excel 实例
2026-05-21 13:47:34 [DEBUG] 成功设置 Excel 可见性: True
2026-05-21 13:47:34 [DEBUG] 成功设置 DisplayAlerts = False
2026-05-21 13:47:36 [DEBUG] 成功打开文件：学员明细备份.xlsx
2026-05-21 13:47:36 [INFO] 开始刷新数据...
2026-05-21 13:47:36 [DEBUG] 发现链接数据源的表格：工作表 [昨日课量备份] - 查询 [昨日课量备份] - 范围 [$A$1:$B$59147]
2026-05-21 13:47:36 [INFO] 共发现 1 个链接了数据源的表格
2026-05-21 13:47:36 [INFO]   - 工作表 [昨日课量备份] - 查询 [昨日课量备份] - 范围 [$A$1:$B$59147]
2026-05-21 13:47:36 [INFO] 检查数据连接属性：
2026-05-21 13:47:36 [INFO]   工作表 [昨日课量备份] - 查询 [昨日课量备份]:
2026-05-21 13:47:36 [INFO]     - 全部刷新时刷新此连接: ✗ 未设置
2026-05-21 13:47:46 [INFO] 执行全部刷新...
2026-05-21 13:47:47 [INFO] 没有需要验证的表格，刷新完成
2026-05-21 13:47:47 [INFO] 启动弹窗守护线程，超时时间：90秒
2026-05-21 13:47:48 [DEBUG] 未检测到按钮 view_all_content.png ：
2026-05-21 13:47:48 [DEBUG] 重新应用筛选：昨日课量备份
2026-05-21 13:47:48 [INFO] 处理Webhook：ee57f939...
2026-05-21 13:47:48 [INFO] 开始截图，共 1 个区域
2026-05-21 13:47:48 [DEBUG] 截图区域地址: $A$1
2026-05-21 13:47:48 [INFO] 弹窗守护线程结束
2026-05-21 13:47:49 [INFO] 截图成功：[test_webhook2] 工作表[sheet2] 区域[A1]
2026-05-21 13:47:49 [DEBUG] 已将所有工作表缩放比例恢复为100%
2026-05-21 13:47:53 [DEBUG] Excel 进程已释放
2026-05-21 13:47:53 [INFO] _deliver_results 被调用
2026-05-21 13:47:53 [INFO]   webhook: ee57f939...
2026-05-21 13:47:53 [INFO]   screenshots数量: 1
2026-05-21 13:47:53 [INFO]   send_file_enable: 0
2026-05-21 13:47:53 [INFO] 发送成功：截图 学员明细备份_test_webhook2_20260521_134748_443107.png
2026-05-21 13:47:53 [INFO] send_file_enable 为假，跳过发送文件
2026-05-21 13:47:53 [DEBUG] 清理临时文件：学员明细备份_test_webhook2_20260521_134748_443107.png
2026-05-21 13:47:53 [INFO] 任务耗时：19.42s
2026-05-21 13:47:53 [INFO] ====================================================================================================
2026-05-21 13:50:59 [INFO] 日志系统已初始化，日志文件：C:\Users\EDY\Desktop\BOT_TEST\logs\2026\05\2026-05-21.log
2026-05-21 13:50:59 [INFO] 成功导入 pyautogui
2026-05-21 13:50:59 [INFO] 成功加载 1 个任务
2026-05-21 13:50:59 [INFO] 进入调试模式...
2026-05-21 13:50:59 [INFO] 当前任务配置：
2026-05-21 13:50:59 [INFO]   [0] 学员明细备份.xlsx
2026-05-21 13:50:59 [INFO]     - [0] webhook: 833b098e-d..., times: ['08:35', '10:35', '12:35', '14:35', '16:35', '18:35', '20:35', '22:00']
2026-05-21 13:50:59 [INFO]     - [1] webhook: ee57f939-0..., times: ['08:40', '10:40', '12:40', '14:40', '16:40', '18:40', '20:40', '22:05']
2026-05-21 13:50:59 [INFO] 将执行任务 0 的 webhook 0
2026-05-21 13:50:59 [INFO] 执行指定的 webhook: 833b098e-d...
2026-05-21 13:50:59 [INFO] ====================================================================================================
2026-05-21 13:50:59 [INFO] 启动任务：学员明细备份.xlsx
2026-05-21 13:50:59 [INFO] Webhook：833b098e...
2026-05-21 13:50:59 [INFO] ====================================================================================================
2026-05-21 13:51:00 [DEBUG] 成功创建 Excel 实例
2026-05-21 13:51:00 [DEBUG] 成功设置 Excel 可见性: True
2026-05-21 13:51:00 [DEBUG] 成功设置 DisplayAlerts = False
2026-05-21 13:51:02 [DEBUG] 成功打开文件：学员明细备份.xlsx
2026-05-21 13:51:02 [INFO] 开始刷新数据...
2026-05-21 13:51:02 [DEBUG] 发现链接数据源的表格：工作表 [昨日课量备份] - 查询 [昨日课量备份] - 范围 [$A$1:$B$59147]
2026-05-21 13:51:02 [INFO] 共发现 1 个链接了数据源的表格
2026-05-21 13:51:02 [INFO]   - 工作表 [昨日课量备份] - 查询 [昨日课量备份] - 范围 [$A$1:$B$59147]
2026-05-21 13:51:02 [INFO] 检查数据连接属性：
2026-05-21 13:51:02 [INFO]   工作表 [昨日课量备份] - 查询 [昨日课量备份]:
2026-05-21 13:51:02 [INFO]     - 全部刷新时刷新此连接: ✗ 未设置
2026-05-21 13:51:12 [INFO] 执行全部刷新...
2026-05-21 13:51:13 [INFO] 没有需要验证的表格，刷新完成
2026-05-21 13:51:13 [INFO] 启动弹窗守护线程，超时时间：90秒
2026-05-21 13:51:14 [DEBUG] 未检测到按钮 view_all_content.png ：
2026-05-21 13:51:14 [DEBUG] 未检测到按钮 view_all_content.png ：
2026-05-21 13:51:15 [INFO] 检测到弹窗，已点击按钮：view_all_content.png
2026-05-21 13:51:15 [DEBUG] 重新应用筛选：昨日课量备份
2026-05-21 13:51:15 [INFO] 处理Webhook：833b098e...
2026-05-21 13:51:15 [INFO] 开始截图，共 1 个区域
2026-05-21 13:51:15 [INFO] 弹窗守护线程结束
2026-05-21 13:51:15 [DEBUG] 截图区域地址: $A$1:$A$2
2026-05-21 13:51:16 [INFO] 截图成功：[test_webhook1] 工作表[sheet1] 区域[A1]
2026-05-21 13:51:16 [DEBUG] 已将所有工作表缩放比例恢复为100%
2026-05-21 13:51:24 [DEBUG] Excel 进程已释放
2026-05-21 13:51:24 [INFO] _deliver_results 被调用
2026-05-21 13:51:24 [INFO]   webhook: 833b098e...
2026-05-21 13:51:24 [INFO]   screenshots数量: 1
2026-05-21 13:51:24 [INFO]   send_file_enable: 1
2026-05-21 13:51:25 [INFO] 发送成功：截图 学员明细备份_test_webhook1_20260521_135115_431279.png
2026-05-21 13:51:25 [INFO] send_file_enable 为真，准备发送文件
2026-05-21 13:51:25 [INFO] 准备发送文件，file_path: C:/Users/EDY/OneDrive - PPLINGO PTE LTD/自动播报文件/学员明细备份.xlsx
2026-05-21 13:51:25 [INFO] send_file_enable 检查，webhook: 833b098e...
2026-05-21 13:51:25 [INFO] 开始上传文件：学员明细备份.xlsx
2026-05-21 13:51:25 [INFO] 上传URL: https://qyapi.weixin.qq.com/cgi-bin/webhook/upload_media?key=833b098e-d8b8-43ea-bfdf-cade0d040fb6&type=file
2026-05-21 13:51:25 [INFO] 正在上传文件：C:/Users/EDY/OneDrive - PPLINGO PTE LTD/自动播报文件/学员明细备份.xlsx
2026-05-21 13:51:25 [INFO] 上传文件名：学员明细备份_2026-05-21.xlsx
2026-05-21 13:51:26 [INFO] 上传响应状态码: 200
2026-05-21 13:51:26 [INFO] 上传响应内容: {"errcode":0,"errmsg":"ok","type":"file","media_id":"3GV0hZIG42-Xz-rzNaW27olrZ7pziZ3YQo3nLBzn5of8WjjPNMSKjRt6BrJMrHecU","created_at":"1779342685"}
2026-05-21 13:51:26 [INFO] 上传结果: {'errcode': 0, 'errmsg': 'ok', 'type': 'file', 'media_id': '3GV0hZIG42-Xz-rzNaW27olrZ7pziZ3YQo3nLBzn5of8WjjPNMSKjRt6BrJMrHecU', 'created_at': '1779342685'}
2026-05-21 13:51:26 [INFO] 文件上传成功，media_id: 3GV0hZIG42-Xz-rzNaW27olrZ7pziZ3YQo3nLBzn5of8WjjPNMSKjRt6BrJMrHecU
2026-05-21 13:51:27 [INFO] 发送成功：文件 学员明细备份.xlsx
2026-05-21 13:51:27 [DEBUG] 清理临时文件：学员明细备份_test_webhook1_20260521_135115_431279.png
2026-05-21 13:51:27 [INFO] 任务耗时：27.25s
2026-05-21 13:51:27 [INFO] ====================================================================================================
2026-05-21 13:56:16 [INFO] 正在关闭调度器...
