2026-05-20 11:54:30 [INFO] 日志系统已初始化，日志文件：C:\Users\EDY\Desktop\BOT_TEST\logs\2026\05\2026-05-20.log
2026-05-20 11:54:30 [INFO] 成功导入 pyautogui
2026-05-20 11:54:30 [INFO] 成功加载 1 个任务
2026-05-20 11:54:30 [INFO] 启动任务调度器...
2026-05-20 11:54:30 [INFO] 已安排任务：08:35 → 学员明细备份.xlsx → webhook[833b098e]
2026-05-20 11:54:30 [INFO] 已安排任务：10:35 → 学员明细备份.xlsx → webhook[833b098e]
2026-05-20 11:54:30 [INFO] 已安排任务：12:35 → 学员明细备份.xlsx → webhook[833b098e]
2026-05-20 11:54:30 [INFO] 已安排任务：14:35 → 学员明细备份.xlsx → webhook[833b098e]
2026-05-20 11:54:30 [INFO] 已安排任务：16:35 → 学员明细备份.xlsx → webhook[833b098e]
2026-05-20 11:54:30 [INFO] 已安排任务：18:35 → 学员明细备份.xlsx → webhook[833b098e]
2026-05-20 11:54:30 [INFO] 已安排任务：20:35 → 学员明细备份.xlsx → webhook[833b098e]
2026-05-20 11:54:30 [INFO] 已安排任务：22:00 → 学员明细备份.xlsx → webhook[833b098e]
2026-05-20 11:54:30 [INFO] 已安排任务：08:40 → 学员明细备份.xlsx → webhook[ee57f939]
2026-05-20 11:54:30 [INFO] 已安排任务：10:40 → 学员明细备份.xlsx → webhook[ee57f939]
2026-05-20 11:54:30 [INFO] 已安排任务：12:40 → 学员明细备份.xlsx → webhook[ee57f939]
2026-05-20 11:54:30 [INFO] 已安排任务：14:40 → 学员明细备份.xlsx → webhook[ee57f939]
2026-05-20 11:54:30 [INFO] 已安排任务：16:40 → 学员明细备份.xlsx → webhook[ee57f939]
2026-05-20 11:54:30 [INFO] 已安排任务：18:40 → 学员明细备份.xlsx → webhook[ee57f939]
2026-05-20 11:54:30 [INFO] 已安排任务：20:40 → 学员明细备份.xlsx → webhook[ee57f939]
2026-05-20 11:54:30 [INFO] 已安排任务：22:05 → 学员明细备份.xlsx → webhook[ee57f939]
2026-05-20 11:55:43 [INFO] 正在关闭调度器...
2026-05-20 11:56:09 [INFO] 日志系统已初始化，日志文件：C:\Users\EDY\Desktop\BOT_TEST\logs\2026\05\2026-05-20.log
2026-05-20 11:56:09 [INFO] 成功导入 pyautogui
2026-05-20 11:56:09 [INFO] 成功加载 1 个任务
2026-05-20 11:56:09 [INFO] 进入调试模式...
2026-05-20 11:56:09 [INFO] 当前任务配置：
2026-05-20 11:56:09 [INFO]   [0] 学员明细备份.xlsx
2026-05-20 11:56:09 [INFO]     - [0] webhook: 833b098e-d..., times: ['08:35', '10:35', '12:35', '14:35', '16:35', '18:35', '20:35', '22:00']
2026-05-20 11:56:09 [INFO]     - [1] webhook: ee57f939-0..., times: ['08:40', '10:40', '12:40', '14:40', '16:40', '18:40', '20:40', '22:05']
2026-05-20 11:56:09 [INFO] 将执行任务 0 的 webhook 0
2026-05-20 11:56:09 [INFO] 执行指定的 webhook: 833b098e-d...
2026-05-20 11:56:09 [INFO] ====================================================================================================
2026-05-20 11:56:09 [INFO] 启动任务：学员明细备份.xlsx
2026-05-20 11:56:09 [INFO] Webhook：833b098e...
2026-05-20 11:56:09 [INFO] ====================================================================================================
2026-05-20 11:56:09 [DEBUG] 成功创建 Excel 实例
2026-05-20 11:56:09 [DEBUG] 成功设置 Excel 可见性: True
2026-05-20 11:56:09 [DEBUG] 成功设置 DisplayAlerts = False
2026-05-20 11:56:12 [DEBUG] 成功打开文件：学员明细备份.xlsx
2026-05-20 11:56:12 [INFO] 开始刷新数据...
2026-05-20 11:56:12 [DEBUG] 发现链接数据源的表格：工作表 [昨日课量备份] - 查询 [昨日课量备份] - 范围 [$A$1:$B$59147]
2026-05-20 11:56:12 [INFO] 共发现 1 个链接了数据源的表格
2026-05-20 11:56:12 [INFO]   - 工作表 [昨日课量备份] - 查询 [昨日课量备份] - 范围 [$A$1:$B$59147]
2026-05-20 11:56:12 [INFO] 检查数据连接属性：
2026-05-20 11:56:12 [INFO]   工作表 [昨日课量备份] - 查询 [昨日课量备份]:
2026-05-20 11:56:12 [INFO]     - 全部刷新时刷新此连接: ✗ 未设置
2026-05-20 11:56:22 [INFO] 执行全部刷新...
2026-05-20 11:56:24 [INFO] 没有需要验证的表格，刷新完成
2026-05-20 11:56:24 [INFO] 启动弹窗守护线程，超时时间：90秒
2026-05-20 11:56:24 [DEBUG] 重新应用筛选：昨日课量备份
2026-05-20 11:56:24 [DEBUG] 未检测到按钮 view_all_content.png ：
2026-05-20 11:56:24 [INFO] 处理Webhook：833b098e...
2026-05-20 11:56:24 [INFO] 开始截图，共 1 个区域
2026-05-20 11:56:24 [DEBUG] 截图区域地址: $A$1:$A$2
2026-05-20 11:56:24 [INFO] 弹窗守护线程结束
2026-05-20 11:56:25 [INFO] 截图成功：[test_webhook1] 工作表[sheet1] 区域[A1]
2026-05-20 11:56:26 [DEBUG] 已将所有工作表缩放比例恢复为100%
2026-05-20 11:56:28 [DEBUG] Excel 进程已释放
2026-05-20 11:56:28 [INFO] _deliver_results 被调用
2026-05-20 11:56:28 [INFO]   webhook: 833b098e...
2026-05-20 11:56:28 [INFO]   screenshots数量: 1
2026-05-20 11:56:28 [INFO]   send_file_enable: 1
2026-05-20 11:56:29 [INFO] 发送成功：截图 学员明细备份_test_webhook1_20260520_115624_602063.png
2026-05-20 11:56:29 [INFO] send_file_enable 为真，准备发送文件
2026-05-20 11:56:29 [INFO] 准备发送文件，file_path: C:/Users/EDY/OneDrive - PPLINGO PTE LTD/自动播报文件/学员明细备份.xlsx
2026-05-20 11:56:29 [INFO] send_file_enable 检查，webhook: 833b098e...
2026-05-20 11:56:29 [INFO] 开始上传文件：学员明细备份.xlsx
2026-05-20 11:56:29 [INFO] 上传URL: https://qyapi.weixin.qq.com/cgi-bin/webhook/upload_media?key=833b098e-d8b8-43ea-bfdf-cade0d040fb6&type=file
2026-05-20 11:56:29 [INFO] 正在上传文件：C:/Users/EDY/OneDrive - PPLINGO PTE LTD/自动播报文件/学员明细备份.xlsx
2026-05-20 11:56:29 [INFO] 上传文件名：学员明细备份_2026-05-20.xlsx
2026-05-20 11:56:30 [INFO] 上传响应状态码: 200
2026-05-20 11:56:30 [INFO] 上传响应内容: {"errcode":0,"errmsg":"ok","type":"file","media_id":"3nN7Iom_2EVFm8uzTItusPKzqrermL7PcWkz7kVjZwC6vVz6t4Yr3E7n225VlVLLz","created_at":"1779249388"}
2026-05-20 11:56:30 [INFO] 上传结果: {'errcode': 0, 'errmsg': 'ok', 'type': 'file', 'media_id': '3nN7Iom_2EVFm8uzTItusPKzqrermL7PcWkz7kVjZwC6vVz6t4Yr3E7n225VlVLLz', 'created_at': '1779249388'}
2026-05-20 11:56:30 [INFO] 文件上传成功，media_id: 3nN7Iom_2EVFm8uzTItusPKzqrermL7PcWkz7kVjZwC6vVz6t4Yr3E7n225VlVLLz
2026-05-20 11:56:31 [INFO] 发送成功：文件 学员明细备份.xlsx
2026-05-20 11:56:31 [DEBUG] 清理临时文件：学员明细备份_test_webhook1_20260520_115624_602063.png
2026-05-20 11:56:31 [INFO] 任务耗时：21.78s
2026-05-20 11:56:31 [INFO] ====================================================================================================
2026-05-20 13:25:12 [INFO] 日志系统已初始化，日志文件：C:\Users\EDY\Desktop\BOT_TEST\logs\2026\05\2026-05-20.log
2026-05-20 13:25:12 [INFO] 成功导入 pyautogui
2026-05-20 13:25:12 [INFO] 成功加载 1 个任务
2026-05-20 13:25:12 [INFO] 启动任务调度器...
2026-05-20 13:25:12 [INFO] 已安排任务：08:35 → 学员明细备份.xlsx → webhook[833b098e]
2026-05-20 13:25:12 [INFO] 已安排任务：10:35 → 学员明细备份.xlsx → webhook[833b098e]
2026-05-20 13:25:12 [INFO] 已安排任务：12:35 → 学员明细备份.xlsx → webhook[833b098e]
2026-05-20 13:25:12 [INFO] 已安排任务：14:35 → 学员明细备份.xlsx → webhook[833b098e]
2026-05-20 13:25:12 [INFO] 已安排任务：16:35 → 学员明细备份.xlsx → webhook[833b098e]
2026-05-20 13:25:12 [INFO] 已安排任务：18:35 → 学员明细备份.xlsx → webhook[833b098e]
2026-05-20 13:25:12 [INFO] 已安排任务：20:35 → 学员明细备份.xlsx → webhook[833b098e]
2026-05-20 13:25:12 [INFO] 已安排任务：22:00 → 学员明细备份.xlsx → webhook[833b098e]
2026-05-20 13:25:12 [INFO] 已安排任务：08:40 → 学员明细备份.xlsx → webhook[ee57f939]
2026-05-20 13:25:12 [INFO] 已安排任务：10:40 → 学员明细备份.xlsx → webhook[ee57f939]
2026-05-20 13:25:12 [INFO] 已安排任务：12:40 → 学员明细备份.xlsx → webhook[ee57f939]
2026-05-20 13:25:12 [INFO] 已安排任务：14:40 → 学员明细备份.xlsx → webhook[ee57f939]
2026-05-20 13:25:12 [INFO] 已安排任务：16:40 → 学员明细备份.xlsx → webhook[ee57f939]
2026-05-20 13:25:12 [INFO] 已安排任务：18:40 → 学员明细备份.xlsx → webhook[ee57f939]
2026-05-20 13:25:12 [INFO] 已安排任务：20:40 → 学员明细备份.xlsx → webhook[ee57f939]
2026-05-20 13:25:12 [INFO] 已安排任务：22:05 → 学员明细备份.xlsx → webhook[ee57f939]
2026-05-20 13:29:47 [INFO] 正在关闭调度器...
2026-05-20 13:29:48 [INFO] 日志系统已初始化，日志文件：C:\Users\EDY\Desktop\BOT_TEST\logs\2026\05\2026-05-20.log
2026-05-20 13:29:48 [INFO] 成功导入 pyautogui
2026-05-20 13:29:48 [INFO] 成功加载 1 个任务
2026-05-20 13:29:48 [INFO] 启动任务调度器...
2026-05-20 13:29:48 [INFO] 已安排任务：08:35 → 学员明细备份.xlsx → webhook[833b098e]
2026-05-20 13:29:48 [INFO] 已安排任务：10:35 → 学员明细备份.xlsx → webhook[833b098e]
2026-05-20 13:29:48 [INFO] 已安排任务：12:35 → 学员明细备份.xlsx → webhook[833b098e]
2026-05-20 13:29:48 [INFO] 已安排任务：14:35 → 学员明细备份.xlsx → webhook[833b098e]
2026-05-20 13:29:48 [INFO] 已安排任务：16:35 → 学员明细备份.xlsx → webhook[833b098e]
2026-05-20 13:29:48 [INFO] 已安排任务：18:35 → 学员明细备份.xlsx → webhook[833b098e]
2026-05-20 13:29:48 [INFO] 已安排任务：20:35 → 学员明细备份.xlsx → webhook[833b098e]
2026-05-20 13:29:48 [INFO] 已安排任务：22:00 → 学员明细备份.xlsx → webhook[833b098e]
2026-05-20 13:29:48 [INFO] 已安排任务：08:40 → 学员明细备份.xlsx → webhook[ee57f939]
2026-05-20 13:29:48 [INFO] 已安排任务：10:40 → 学员明细备份.xlsx → webhook[ee57f939]
2026-05-20 13:29:48 [INFO] 已安排任务：12:40 → 学员明细备份.xlsx → webhook[ee57f939]
2026-05-20 13:29:48 [INFO] 已安排任务：14:40 → 学员明细备份.xlsx → webhook[ee57f939]
2026-05-20 13:29:48 [INFO] 已安排任务：16:40 → 学员明细备份.xlsx → webhook[ee57f939]
2026-05-20 13:29:48 [INFO] 已安排任务：18:40 → 学员明细备份.xlsx → webhook[ee57f939]
2026-05-20 13:29:48 [INFO] 已安排任务：20:40 → 学员明细备份.xlsx → webhook[ee57f939]
2026-05-20 13:29:48 [INFO] 已安排任务：22:05 → 学员明细备份.xlsx → webhook[ee57f939]
2026-05-20 13:30:12 [INFO] 正在关闭调度器...
2026-05-20 13:45:00 [INFO] 日志系统已初始化，日志文件：C:\Users\EDY\Desktop\BOT_TEST\logs\2026\05\2026-05-20.log
2026-05-20 13:45:00 [INFO] 成功导入 pyautogui
2026-05-20 13:45:42 [INFO] 日志系统已初始化，日志文件：C:\Users\EDY\Desktop\BOT_TEST\logs\2026\05\2026-05-20.log
2026-05-20 13:45:42 [INFO] 成功导入 pyautogui
2026-05-20 13:46:19 [INFO] 日志系统已初始化，日志文件：C:\Users\EDY\Desktop\BOT_TEST\logs\2026\05\2026-05-20.log
2026-05-20 13:46:19 [INFO] 成功导入 pyautogui
