2026-05-19 11:48:37 [INFO] 日志系统已初始化，日志文件：C:\Users\EDY\Desktop\BOT_TEST\logs\2026\05\2026-05-19.log
2026-05-19 11:48:37 [INFO] 成功导入 pyautogui
2026-05-19 11:48:37 [INFO] 已启用测试webhook模式
2026-05-19 11:48:37 [INFO] 成功加载 2 个任务
2026-05-19 11:48:37 [INFO] 启动任务调度器...
2026-05-19 11:48:37 [INFO] 已安排任务：08:35 → 学员明细备份.xlsx
2026-05-19 11:48:37 [INFO] 已安排任务：10:35 → 学员明细备份.xlsx
2026-05-19 11:48:37 [INFO] 已安排任务：12:35 → 学员明细备份.xlsx
2026-05-19 11:48:37 [INFO] 已安排任务：14:35 → 学员明细备份.xlsx
2026-05-19 11:48:37 [INFO] 已安排任务：16:35 → 学员明细备份.xlsx
2026-05-19 11:48:37 [INFO] 已安排任务：18:35 → 学员明细备份.xlsx
2026-05-19 11:48:37 [INFO] 已安排任务：20:35 → 学员明细备份.xlsx
2026-05-19 11:48:37 [INFO] 已安排任务：22:00 → 学员明细备份.xlsx
2026-05-19 11:48:37 [INFO] 已安排任务：08:35 → 线索-工作簿2026-当月往期+顺次1.xlsx
2026-05-19 11:48:37 [INFO] 已安排任务：10:35 → 线索-工作簿2026-当月往期+顺次1.xlsx
2026-05-19 11:48:37 [INFO] 已安排任务：12:35 → 线索-工作簿2026-当月往期+顺次1.xlsx
2026-05-19 11:48:37 [INFO] 已安排任务：14:35 → 线索-工作簿2026-当月往期+顺次1.xlsx
2026-05-19 11:48:37 [INFO] 已安排任务：16:35 → 线索-工作簿2026-当月往期+顺次1.xlsx
2026-05-19 11:48:37 [INFO] 已安排任务：18:35 → 线索-工作簿2026-当月往期+顺次1.xlsx
2026-05-19 11:48:37 [INFO] 已安排任务：20:35 → 线索-工作簿2026-当月往期+顺次1.xlsx
2026-05-19 11:48:37 [INFO] 已安排任务：22:00 → 线索-工作簿2026-当月往期+顺次1.xlsx
2026-05-19 12:35:00 [INFO] 
2026-05-19 12:35:00 [INFO] 定时任务触发 - 2026-05-19 12:35:00
2026-05-19 12:35:00 [INFO] ====================================================================================================
2026-05-19 12:35:00 [INFO] ====================================================================================================
2026-05-19 12:35:00 [INFO] 启动任务：学员明细备份.xlsx
2026-05-19 12:35:00 [INFO] ====================================================================================================
2026-05-19 12:35:03 [INFO] 开始刷新数据...
2026-05-19 12:35:03 [INFO] 共发现 1 个链接了数据源的表格
2026-05-19 12:35:03 [INFO]   - 工作表 [昨日课量备份] - 查询 [昨日课量备份] - 范围 [$A$1:$B$59147]
2026-05-19 12:35:03 [INFO] 检查数据连接属性：
2026-05-19 12:35:03 [INFO]   工作表 [昨日课量备份] - 查询 [昨日课量备份]:
2026-05-19 12:35:03 [INFO]     - 全部刷新时刷新此连接: ✗ 未设置
2026-05-19 12:35:13 [INFO] 执行全部刷新...
2026-05-19 12:35:20 [INFO] 没有需要验证的表格，刷新完成
2026-05-19 12:35:20 [INFO] 启动弹窗守护线程，超时时间：90秒
2026-05-19 12:35:21 [INFO] 开始截图，共 1 个区域
2026-05-19 12:35:21 [INFO] 弹窗守护线程结束
2026-05-19 12:35:23 [ERROR] 截图异常：(-2147352567, '发生意外。', (0, 'Microsoft Excel', '类 Range 的 CopyPicture 方法无效', 'xlmain11.chm', 0, -2146827284), None)
Traceback (most recent call last):
  File "C:\Users\EDY\Desktop\BOT_TEST\excel.py", line 597, in _capture_range
    range_obj.CopyPicture(Format=1)
  File "<COMObject <unknown>>", line 2, in CopyPicture
  File "D:\Program\Miniconda\lib\site-packages\win32com\client\dynamic.py", line 356, in _ApplyTypes_
    result = self._oleobj_.InvokeTypes(
pywintypes.com_error: (-2147352567, '发生意外。', (0, 'Microsoft Excel', '类 Range 的 CopyPicture 方法无效', 'xlmain11.chm', 0, -2146827284), None)
2026-05-19 12:35:23 [WARNING] 截图失败：[test] 工作表[sheet1] 区域[A1]
2026-05-19 12:35:25 [WARNING] 截图重试第 1/3 次，待重试区域 1 个
2026-05-19 12:35:27 [ERROR] 截图异常：(-2147352567, '发生意外。', (0, 'Microsoft Excel', '类 Range 的 CopyPicture 方法无效', 'xlmain11.chm', 0, -2146827284), None)
Traceback (most recent call last):
  File "C:\Users\EDY\Desktop\BOT_TEST\excel.py", line 597, in _capture_range
    range_obj.CopyPicture(Format=1)
  File "<COMObject <unknown>>", line 2, in CopyPicture
  File "D:\Program\Miniconda\lib\site-packages\win32com\client\dynamic.py", line 356, in _ApplyTypes_
    result = self._oleobj_.InvokeTypes(
pywintypes.com_error: (-2147352567, '发生意外。', (0, 'Microsoft Excel', '类 Range 的 CopyPicture 方法无效', 'xlmain11.chm', 0, -2146827284), None)
2026-05-19 12:35:27 [WARNING] 截图失败：[test] 工作表[sheet1] 区域[A1]
2026-05-19 12:35:29 [WARNING] 截图重试第 2/3 次，待重试区域 1 个
2026-05-19 12:35:31 [ERROR] 截图异常：(-2147352567, '发生意外。', (0, 'Microsoft Excel', '类 Range 的 CopyPicture 方法无效', 'xlmain11.chm', 0, -2146827284), None)
Traceback (most recent call last):
  File "C:\Users\EDY\Desktop\BOT_TEST\excel.py", line 597, in _capture_range
    range_obj.CopyPicture(Format=1)
  File "<COMObject <unknown>>", line 2, in CopyPicture
  File "D:\Program\Miniconda\lib\site-packages\win32com\client\dynamic.py", line 356, in _ApplyTypes_
    result = self._oleobj_.InvokeTypes(
pywintypes.com_error: (-2147352567, '发生意外。', (0, 'Microsoft Excel', '类 Range 的 CopyPicture 方法无效', 'xlmain11.chm', 0, -2146827284), None)
2026-05-19 12:35:31 [WARNING] 截图失败：[test] 工作表[sheet1] 区域[A1]
2026-05-19 12:35:33 [WARNING] 截图重试第 3/3 次，待重试区域 1 个
2026-05-19 12:35:35 [ERROR] 截图异常：(-2147352567, '发生意外。', (0, 'Microsoft Excel', '类 Range 的 CopyPicture 方法无效', 'xlmain11.chm', 0, -2146827284), None)
Traceback (most recent call last):
  File "C:\Users\EDY\Desktop\BOT_TEST\excel.py", line 597, in _capture_range
    range_obj.CopyPicture(Format=1)
  File "<COMObject <unknown>>", line 2, in CopyPicture
  File "D:\Program\Miniconda\lib\site-packages\win32com\client\dynamic.py", line 356, in _ApplyTypes_
    result = self._oleobj_.InvokeTypes(
pywintypes.com_error: (-2147352567, '发生意外。', (0, 'Microsoft Excel', '类 Range 的 CopyPicture 方法无效', 'xlmain11.chm', 0, -2146827284), None)
2026-05-19 12:35:35 [WARNING] 截图失败：[test] 工作表[sheet1] 区域[A1]
2026-05-19 12:35:35 [ERROR] 截图在重试 3 次后仍失败，共 1 个区域：test(sheet1:A1)
2026-05-19 12:35:35 [INFO] 发送成功：截图失败通知
2026-05-19 12:35:37 [INFO] 任务耗时：36.05s
2026-05-19 12:35:37 [INFO] ====================================================================================================
2026-05-19 12:35:37 [INFO] 
2026-05-19 12:35:37 [INFO] 定时任务触发 - 2026-05-19 12:35:37
2026-05-19 12:35:37 [INFO] ====================================================================================================
2026-05-19 12:35:37 [INFO] ====================================================================================================
2026-05-19 12:35:37 [INFO] 启动任务：线索-工作簿2026-当月往期+顺次1.xlsx
2026-05-19 12:35:37 [INFO] ====================================================================================================
2026-05-19 12:35:49 [INFO] 开始刷新数据...
2026-05-19 12:35:49 [INFO] 共发现 2 个链接了数据源的表格
2026-05-19 12:35:49 [INFO]   - 工作表 [view_cnsale_first_sale_m1_detai] - 查询 [view_cnsale_first_sale_m1_details_key_57ce2n6vq7pcw0e8] - 范围 [$A$1:$CW$31564]
2026-05-19 12:35:49 [INFO]   - 工作表 [view_cnsale_sale_wq_detai_lastm] - 查询 [view_cnsale_sale_wq_detai_lastmonth1?key_57ce2n6vq7pcw0e8] - 范围 [$A$1:$CW$8911]
2026-05-19 12:35:49 [INFO] 检查数据连接属性：
2026-05-19 12:35:49 [INFO]   工作表 [view_cnsale_first_sale_m1_detai] - 查询 [view_cnsale_first_sale_m1_details_key_57ce2n6vq7pcw0e8]:
2026-05-19 12:35:49 [INFO]     - 全部刷新时刷新此连接: ✓ 已设置
2026-05-19 12:35:49 [INFO]     - 数据源表格范围: $A$1:$CW$31564
2026-05-19 12:35:49 [INFO]   工作表 [view_cnsale_sale_wq_detai_lastm] - 查询 [view_cnsale_sale_wq_detai_lastmonth1?key_57ce2n6vq7pcw0e8]:
2026-05-19 12:35:49 [INFO]     - 全部刷新时刷新此连接: ✓ 已设置
2026-05-19 12:35:49 [INFO]     - 数据源表格范围: $A$1:$CW$8911
2026-05-19 12:35:49 [INFO] 在 2 个工作表中设置左上角单元格值为1
2026-05-19 12:35:49 [INFO]   工作表 [view_cnsale_first_sale_m1_detai] - 已将 $A$1 单元格值设置为 1
2026-05-19 12:35:49 [INFO]   工作表 [view_cnsale_sale_wq_detai_lastm] - 已将 $A$1 单元格值设置为 1
2026-05-19 12:35:59 [INFO] 执行全部刷新...
2026-05-19 12:38:12 [INFO] 工作表 [view_cnsale_first_sale_m1_detai] - 查询 [view_cnsale_first_sale_m1_details_key_57ce2n6vq7pcw0e8] 的 $A$1 单元格值已更新，刷新成功
2026-05-19 12:38:12 [INFO] 工作表 [view_cnsale_sale_wq_detai_lastm] - 查询 [view_cnsale_sale_wq_detai_lastmonth1?key_57ce2n6vq7pcw0e8] 的 $A$1 单元格值已更新，刷新成功
2026-05-19 12:38:12 [INFO] 所有表格刷新成功！
2026-05-19 12:38:12 [INFO] 启动弹窗守护线程，超时时间：90秒
2026-05-19 12:38:13 [INFO] 弹窗守护线程结束
2026-05-19 12:38:56 [INFO] 开始截图，共 1 个区域
2026-05-19 12:38:57 [ERROR] 截图异常：(-2147352567, '发生意外。', (0, 'Microsoft Excel', '类 Range 的 CopyPicture 方法无效', 'xlmain11.chm', 0, -2146827284), None)
Traceback (most recent call last):
  File "C:\Users\EDY\Desktop\BOT_TEST\excel.py", line 597, in _capture_range
    range_obj.CopyPicture(Format=1)
  File "<COMObject <unknown>>", line 2, in CopyPicture
  File "D:\Program\Miniconda\lib\site-packages\win32com\client\dynamic.py", line 356, in _ApplyTypes_
    result = self._oleobj_.InvokeTypes(
pywintypes.com_error: (-2147352567, '发生意外。', (0, 'Microsoft Excel', '类 Range 的 CopyPicture 方法无效', 'xlmain11.chm', 0, -2146827284), None)
2026-05-19 12:38:57 [WARNING] 截图失败：[test] 工作表[总览页面] 区域[AD1]
2026-05-19 12:39:00 [WARNING] 截图重试第 1/3 次，待重试区域 1 个
2026-05-19 12:39:01 [ERROR] 截图异常：(-2147352567, '发生意外。', (0, 'Microsoft Excel', '类 Range 的 CopyPicture 方法无效', 'xlmain11.chm', 0, -2146827284), None)
Traceback (most recent call last):
  File "C:\Users\EDY\Desktop\BOT_TEST\excel.py", line 597, in _capture_range
    range_obj.CopyPicture(Format=1)
  File "<COMObject <unknown>>", line 2, in CopyPicture
  File "D:\Program\Miniconda\lib\site-packages\win32com\client\dynamic.py", line 356, in _ApplyTypes_
    result = self._oleobj_.InvokeTypes(
pywintypes.com_error: (-2147352567, '发生意外。', (0, 'Microsoft Excel', '类 Range 的 CopyPicture 方法无效', 'xlmain11.chm', 0, -2146827284), None)
2026-05-19 12:39:01 [WARNING] 截图失败：[test] 工作表[总览页面] 区域[AD1]
2026-05-19 12:39:03 [WARNING] 截图重试第 2/3 次，待重试区域 1 个
2026-05-19 12:39:05 [ERROR] 截图异常：(-2147352567, '发生意外。', (0, 'Microsoft Excel', '类 Range 的 CopyPicture 方法无效', 'xlmain11.chm', 0, -2146827284), None)
Traceback (most recent call last):
  File "C:\Users\EDY\Desktop\BOT_TEST\excel.py", line 597, in _capture_range
    range_obj.CopyPicture(Format=1)
  File "<COMObject <unknown>>", line 2, in CopyPicture
  File "D:\Program\Miniconda\lib\site-packages\win32com\client\dynamic.py", line 356, in _ApplyTypes_
    result = self._oleobj_.InvokeTypes(
pywintypes.com_error: (-2147352567, '发生意外。', (0, 'Microsoft Excel', '类 Range 的 CopyPicture 方法无效', 'xlmain11.chm', 0, -2146827284), None)
2026-05-19 12:39:05 [WARNING] 截图失败：[test] 工作表[总览页面] 区域[AD1]
2026-05-19 12:39:07 [WARNING] 截图重试第 3/3 次，待重试区域 1 个
2026-05-19 12:39:09 [ERROR] 截图异常：(-2147352567, '发生意外。', (0, 'Microsoft Excel', '类 Range 的 CopyPicture 方法无效', 'xlmain11.chm', 0, -2146827284), None)
Traceback (most recent call last):
  File "C:\Users\EDY\Desktop\BOT_TEST\excel.py", line 597, in _capture_range
    range_obj.CopyPicture(Format=1)
  File "<COMObject <unknown>>", line 2, in CopyPicture
  File "D:\Program\Miniconda\lib\site-packages\win32com\client\dynamic.py", line 356, in _ApplyTypes_
    result = self._oleobj_.InvokeTypes(
pywintypes.com_error: (-2147352567, '发生意外。', (0, 'Microsoft Excel', '类 Range 的 CopyPicture 方法无效', 'xlmain11.chm', 0, -2146827284), None)
2026-05-19 12:39:09 [WARNING] 截图失败：[test] 工作表[总览页面] 区域[AD1]
2026-05-19 12:39:10 [ERROR] 截图在重试 3 次后仍失败，共 1 个区域：test(总览页面:AD1)
2026-05-19 12:39:11 [INFO] 发送成功：截图失败通知
2026-05-19 12:39:16 [INFO] 任务耗时：219.43s
2026-05-19 12:39:16 [INFO] ====================================================================================================
2026-05-19 13:03:36 [INFO] 正在关闭调度器...
2026-05-19 13:06:38 [INFO] 日志系统已初始化，日志文件：C:\Users\EDY\Desktop\BOT_TEST\logs\2026\05\2026-05-19.log
2026-05-19 13:06:38 [INFO] 成功导入 pyautogui
2026-05-19 13:06:38 [INFO] 已启用测试webhook模式
2026-05-19 13:06:38 [INFO] 成功加载 2 个任务
2026-05-19 13:06:38 [INFO] 进入调试模式...
2026-05-19 13:06:38 [INFO] ====================================================================================================
2026-05-19 13:06:38 [INFO] 启动任务：学员明细备份.xlsx
2026-05-19 13:06:38 [INFO] ====================================================================================================
2026-05-19 13:06:40 [INFO] 开始刷新数据...
2026-05-19 13:06:40 [INFO] 共发现 1 个链接了数据源的表格
2026-05-19 13:06:40 [INFO]   - 工作表 [昨日课量备份] - 查询 [昨日课量备份] - 范围 [$A$1:$B$59147]
2026-05-19 13:06:40 [INFO] 检查数据连接属性：
2026-05-19 13:06:40 [INFO]   工作表 [昨日课量备份] - 查询 [昨日课量备份]:
2026-05-19 13:06:40 [INFO]     - 全部刷新时刷新此连接: ✗ 未设置
2026-05-19 13:06:50 [INFO] 执行全部刷新...
2026-05-19 13:06:52 [INFO] 没有需要验证的表格，刷新完成
2026-05-19 13:06:52 [INFO] 启动弹窗守护线程，超时时间：90秒
2026-05-19 13:06:55 [INFO] 检测到弹窗，已点击按钮：view_all_content.png
2026-05-19 13:06:55 [INFO] 开始截图，共 1 个区域
2026-05-19 13:06:55 [INFO] 弹窗守护线程结束
2026-05-19 13:06:56 [INFO] 截图成功：[test] 工作表[sheet1] 区域[A1]
2026-05-19 13:07:05 [INFO] 发送成功：截图 学员明细备份_test_20260519_130655_417171.png
2026-05-19 13:07:05 [INFO] 任务耗时：27.08s
2026-05-19 13:07:05 [INFO] ====================================================================================================
2026-05-19 13:18:58 [INFO] 日志系统已初始化，日志文件：C:\Users\EDY\Desktop\BOT_TEST\logs\2026\05\2026-05-19.log
2026-05-19 13:18:58 [INFO] 成功导入 pyautogui
2026-05-19 13:18:58 [INFO] 已启用测试webhook模式
2026-05-19 13:18:58 [INFO] 成功加载 2 个任务
2026-05-19 13:18:58 [INFO] 进入调试模式...
2026-05-19 13:18:58 [INFO] ====================================================================================================
2026-05-19 13:18:58 [INFO] 启动任务：学员明细备份.xlsx
2026-05-19 13:18:58 [INFO] ====================================================================================================
2026-05-19 13:18:58 [DEBUG] 成功创建 Excel 实例
2026-05-19 13:18:58 [DEBUG] 成功设置 Excel 可见性: True
2026-05-19 13:18:58 [DEBUG] 成功设置 DisplayAlerts = False
2026-05-19 13:19:01 [DEBUG] 成功打开文件：学员明细备份.xlsx
2026-05-19 13:19:01 [INFO] 开始刷新数据...
2026-05-19 13:19:01 [DEBUG] 发现链接数据源的表格：工作表 [昨日课量备份] - 查询 [昨日课量备份] - 范围 [$A$1:$B$59147]
2026-05-19 13:19:01 [INFO] 共发现 1 个链接了数据源的表格
2026-05-19 13:19:01 [INFO]   - 工作表 [昨日课量备份] - 查询 [昨日课量备份] - 范围 [$A$1:$B$59147]
2026-05-19 13:19:01 [INFO] 检查数据连接属性：
2026-05-19 13:19:01 [INFO]   工作表 [昨日课量备份] - 查询 [昨日课量备份]:
2026-05-19 13:19:01 [INFO]     - 全部刷新时刷新此连接: ✗ 未设置
2026-05-19 13:19:11 [INFO] 执行全部刷新...
2026-05-19 13:19:12 [INFO] 没有需要验证的表格，刷新完成
2026-05-19 13:19:12 [INFO] 启动弹窗守护线程，超时时间：90秒
2026-05-19 13:19:13 [DEBUG] 未检测到按钮 view_all_content.png ：
2026-05-19 13:19:13 [DEBUG] 未检测到按钮 view_all_content.png ：
2026-05-19 13:19:14 [DEBUG] 未检测到按钮 view_all_content.png ：
2026-05-19 13:19:14 [DEBUG] 未检测到按钮 view_all_content.png ：
2026-05-19 13:19:15 [DEBUG] 未检测到按钮 view_all_content.png ：
2026-05-19 13:19:15 [DEBUG] 未检测到按钮 view_all_content.png ：
2026-05-19 13:19:16 [DEBUG] 未检测到按钮 view_all_content.png ：
2026-05-19 13:19:16 [DEBUG] 未检测到按钮 view_all_content.png ：
2026-05-19 13:19:17 [DEBUG] 未检测到按钮 view_all_content.png ：
2026-05-19 13:19:18 [DEBUG] 未检测到按钮 view_all_content.png ：
2026-05-19 13:19:18 [DEBUG] 未检测到按钮 view_all_content.png ：
2026-05-19 13:19:20 [DEBUG] 未检测到按钮 view_all_content.png ：
2026-05-19 13:19:21 [DEBUG] 未检测到按钮 view_all_content.png ：
2026-05-19 13:19:22 [DEBUG] 未检测到按钮 view_all_content.png ：
2026-05-19 13:19:23 [DEBUG] 未检测到按钮 view_all_content.png ：
2026-05-19 13:19:24 [DEBUG] 未检测到按钮 view_all_content.png ：
2026-05-19 13:19:26 [DEBUG] 未检测到按钮 view_all_content.png ：
2026-05-19 13:19:28 [DEBUG] 未检测到按钮 view_all_content.png ：
2026-05-19 13:19:28 [DEBUG] 未检测到按钮 view_all_content.png ：
2026-05-19 13:19:29 [DEBUG] 未检测到按钮 view_all_content.png ：
2026-05-19 13:19:30 [DEBUG] 未检测到按钮 view_all_content.png ：
2026-05-19 13:19:31 [DEBUG] 未检测到按钮 view_all_content.png ：
2026-05-19 13:19:31 [DEBUG] 未检测到按钮 view_all_content.png ：
2026-05-19 13:19:32 [DEBUG] 未检测到按钮 view_all_content.png ：
2026-05-19 13:19:33 [DEBUG] 未检测到按钮 view_all_content.png ：
2026-05-19 13:19:33 [DEBUG] 未检测到按钮 view_all_content.png ：
2026-05-19 13:19:34 [DEBUG] 未检测到按钮 view_all_content.png ：
2026-05-19 13:19:34 [DEBUG] 未检测到按钮 view_all_content.png ：
2026-05-19 13:19:35 [DEBUG] 未检测到按钮 view_all_content.png ：
2026-05-19 13:19:36 [DEBUG] 未检测到按钮 view_all_content.png ：
2026-05-19 13:19:36 [DEBUG] 未检测到按钮 view_all_content.png ：
2026-05-19 13:19:37 [DEBUG] 未检测到按钮 view_all_content.png ：
2026-05-19 13:19:37 [DEBUG] 未检测到按钮 view_all_content.png ：
2026-05-19 13:19:38 [DEBUG] 未检测到按钮 view_all_content.png ：
2026-05-19 13:19:38 [DEBUG] 未检测到按钮 view_all_content.png ：
2026-05-19 13:19:39 [DEBUG] 未检测到按钮 view_all_content.png ：
2026-05-19 13:19:39 [DEBUG] 未检测到按钮 view_all_content.png ：
2026-05-19 13:19:40 [DEBUG] 未检测到按钮 view_all_content.png ：
2026-05-19 13:19:41 [DEBUG] 未检测到按钮 view_all_content.png ：
2026-05-19 13:19:41 [DEBUG] 未检测到按钮 view_all_content.png ：
2026-05-19 13:19:42 [DEBUG] 未检测到按钮 view_all_content.png ：
2026-05-19 13:19:42 [DEBUG] 未检测到按钮 view_all_content.png ：
2026-05-19 13:19:43 [DEBUG] 未检测到按钮 view_all_content.png ：
2026-05-19 13:19:43 [DEBUG] 未检测到按钮 view_all_content.png ：
2026-05-19 13:19:44 [DEBUG] 未检测到按钮 view_all_content.png ：
2026-05-19 13:19:44 [DEBUG] 未检测到按钮 view_all_content.png ：
2026-05-19 13:19:45 [DEBUG] 未检测到按钮 view_all_content.png ：
2026-05-19 13:19:46 [DEBUG] 未检测到按钮 view_all_content.png ：
2026-05-19 13:19:46 [DEBUG] 未检测到按钮 view_all_content.png ：
2026-05-19 13:19:47 [DEBUG] 未检测到按钮 view_all_content.png ：
2026-05-19 13:19:47 [DEBUG] 未检测到按钮 view_all_content.png ：
2026-05-19 13:19:48 [DEBUG] 未检测到按钮 view_all_content.png ：
2026-05-19 13:19:48 [DEBUG] 未检测到按钮 view_all_content.png ：
2026-05-19 13:19:49 [DEBUG] 未检测到按钮 view_all_content.png ：
2026-05-19 13:19:49 [DEBUG] 未检测到按钮 view_all_content.png ：
2026-05-19 13:19:50 [DEBUG] 未检测到按钮 view_all_content.png ：
2026-05-19 13:19:51 [DEBUG] 未检测到按钮 view_all_content.png ：
2026-05-19 13:19:51 [DEBUG] 未检测到按钮 view_all_content.png ：
2026-05-19 13:19:52 [DEBUG] 未检测到按钮 view_all_content.png ：
2026-05-19 13:19:52 [DEBUG] 未检测到按钮 view_all_content.png ：
2026-05-19 13:19:53 [DEBUG] 未检测到按钮 view_all_content.png ：
2026-05-19 13:19:53 [DEBUG] 未检测到按钮 view_all_content.png ：
2026-05-19 13:19:54 [DEBUG] 未检测到按钮 view_all_content.png ：
2026-05-19 13:19:55 [DEBUG] 未检测到按钮 view_all_content.png ：
2026-05-19 13:19:55 [DEBUG] 未检测到按钮 view_all_content.png ：
2026-05-19 13:19:56 [DEBUG] 未检测到按钮 view_all_content.png ：
2026-05-19 13:19:56 [DEBUG] 未检测到按钮 view_all_content.png ：
2026-05-19 13:19:57 [DEBUG] 未检测到按钮 view_all_content.png ：
2026-05-19 13:19:57 [DEBUG] 未检测到按钮 view_all_content.png ：
2026-05-19 13:19:58 [DEBUG] 未检测到按钮 view_all_content.png ：
2026-05-19 13:19:59 [DEBUG] 未检测到按钮 view_all_content.png ：
2026-05-19 13:19:59 [DEBUG] 未检测到按钮 view_all_content.png ：
2026-05-19 13:20:00 [DEBUG] 未检测到按钮 view_all_content.png ：
2026-05-19 13:20:00 [DEBUG] 未检测到按钮 view_all_content.png ：
2026-05-19 13:20:01 [DEBUG] 未检测到按钮 view_all_content.png ：
2026-05-19 13:20:01 [DEBUG] 未检测到按钮 view_all_content.png ：
2026-05-19 13:20:02 [DEBUG] 未检测到按钮 view_all_content.png ：
2026-05-19 13:20:03 [DEBUG] 未检测到按钮 view_all_content.png ：
2026-05-19 13:20:03 [DEBUG] 未检测到按钮 view_all_content.png ：
2026-05-19 13:20:04 [DEBUG] 未检测到按钮 view_all_content.png ：
2026-05-19 13:20:04 [DEBUG] 未检测到按钮 view_all_content.png ：
2026-05-19 13:20:05 [DEBUG] 未检测到按钮 view_all_content.png ：
2026-05-19 13:20:05 [DEBUG] 未检测到按钮 view_all_content.png ：
2026-05-19 13:20:06 [DEBUG] 未检测到按钮 view_all_content.png ：
2026-05-19 13:20:06 [DEBUG] 未检测到按钮 view_all_content.png ：
2026-05-19 13:20:07 [DEBUG] 未检测到按钮 view_all_content.png ：
2026-05-19 13:20:08 [DEBUG] 未检测到按钮 view_all_content.png ：
2026-05-19 13:20:08 [DEBUG] 未检测到按钮 view_all_content.png ：
2026-05-19 13:20:09 [DEBUG] 未检测到按钮 view_all_content.png ：
2026-05-19 13:20:09 [DEBUG] 未检测到按钮 view_all_content.png ：
2026-05-19 13:20:10 [DEBUG] 未检测到按钮 view_all_content.png ：
2026-05-19 13:20:10 [DEBUG] 未检测到按钮 view_all_content.png ：
2026-05-19 13:20:11 [DEBUG] 未检测到按钮 view_all_content.png ：
2026-05-19 13:20:12 [DEBUG] 未检测到按钮 view_all_content.png ：
2026-05-19 13:20:12 [DEBUG] 未检测到按钮 view_all_content.png ：
2026-05-19 13:20:13 [DEBUG] 未检测到按钮 view_all_content.png ：
2026-05-19 13:20:13 [DEBUG] 未检测到按钮 view_all_content.png ：
2026-05-19 13:20:14 [DEBUG] 未检测到按钮 view_all_content.png ：
2026-05-19 13:20:14 [DEBUG] 未检测到按钮 view_all_content.png ：
2026-05-19 13:20:15 [DEBUG] 未检测到按钮 view_all_content.png ：
2026-05-19 13:20:15 [DEBUG] 未检测到按钮 view_all_content.png ：
2026-05-19 13:20:16 [DEBUG] 未检测到按钮 view_all_content.png ：
2026-05-19 13:20:17 [DEBUG] 未检测到按钮 view_all_content.png ：
2026-05-19 13:20:17 [DEBUG] 未检测到按钮 view_all_content.png ：
2026-05-19 13:20:18 [DEBUG] 未检测到按钮 view_all_content.png ：
2026-05-19 13:20:18 [DEBUG] 未检测到按钮 view_all_content.png ：
2026-05-19 13:20:19 [DEBUG] 未检测到按钮 view_all_content.png ：
2026-05-19 13:20:19 [DEBUG] 未检测到按钮 view_all_content.png ：
2026-05-19 13:20:20 [DEBUG] 未检测到按钮 view_all_content.png ：
2026-05-19 13:20:21 [DEBUG] 未检测到按钮 view_all_content.png ：
2026-05-19 13:20:21 [DEBUG] 未检测到按钮 view_all_content.png ：
2026-05-19 13:20:22 [DEBUG] 未检测到按钮 view_all_content.png ：
2026-05-19 13:20:22 [DEBUG] 未检测到按钮 view_all_content.png ：
2026-05-19 13:20:23 [DEBUG] 未检测到按钮 view_all_content.png ：
2026-05-19 13:20:24 [DEBUG] 未检测到按钮 view_all_content.png ：
2026-05-19 13:20:24 [DEBUG] 未检测到按钮 view_all_content.png ：
2026-05-19 13:20:25 [DEBUG] 未检测到按钮 view_all_content.png ：
2026-05-19 13:20:25 [DEBUG] 未检测到按钮 view_all_content.png ：
2026-05-19 13:20:26 [DEBUG] 未检测到按钮 view_all_content.png ：
2026-05-19 13:20:26 [DEBUG] 未检测到按钮 view_all_content.png ：
2026-05-19 13:20:27 [DEBUG] 未检测到按钮 view_all_content.png ：
2026-05-19 13:20:28 [DEBUG] 未检测到按钮 view_all_content.png ：
2026-05-19 13:20:28 [DEBUG] 未检测到按钮 view_all_content.png ：
2026-05-19 13:20:29 [DEBUG] 未检测到按钮 view_all_content.png ：
2026-05-19 13:20:29 [DEBUG] 未检测到按钮 view_all_content.png ：
2026-05-19 13:20:30 [DEBUG] 未检测到按钮 view_all_content.png ：
2026-05-19 13:20:30 [DEBUG] 未检测到按钮 view_all_content.png ：
2026-05-19 13:20:31 [DEBUG] 未检测到按钮 view_all_content.png ：
2026-05-19 13:20:32 [DEBUG] 未检测到按钮 view_all_content.png ：
2026-05-19 13:20:32 [DEBUG] 未检测到按钮 view_all_content.png ：
2026-05-19 13:20:33 [DEBUG] 未检测到按钮 view_all_content.png ：
2026-05-19 13:20:33 [DEBUG] 未检测到按钮 view_all_content.png ：
2026-05-19 13:20:34 [DEBUG] 未检测到按钮 view_all_content.png ：
2026-05-19 13:20:34 [DEBUG] 未检测到按钮 view_all_content.png ：
2026-05-19 13:20:35 [DEBUG] 未检测到按钮 view_all_content.png ：
2026-05-19 13:20:36 [DEBUG] 未检测到按钮 view_all_content.png ：
2026-05-19 13:20:36 [DEBUG] 未检测到按钮 view_all_content.png ：
2026-05-19 13:20:37 [DEBUG] 未检测到按钮 view_all_content.png ：
2026-05-19 13:20:37 [DEBUG] 未检测到按钮 view_all_content.png ：
2026-05-19 13:20:38 [DEBUG] 未检测到按钮 view_all_content.png ：
2026-05-19 13:20:39 [DEBUG] 未检测到按钮 view_all_content.png ：
2026-05-19 13:20:39 [DEBUG] 未检测到按钮 view_all_content.png ：
2026-05-19 13:20:40 [DEBUG] 未检测到按钮 view_all_content.png ：
2026-05-19 13:20:40 [DEBUG] 未检测到按钮 view_all_content.png ：
2026-05-19 13:20:41 [DEBUG] 未检测到按钮 view_all_content.png ：
2026-05-19 13:20:41 [DEBUG] 未检测到按钮 view_all_content.png ：
2026-05-19 13:20:42 [DEBUG] 未检测到按钮 view_all_content.png ：
2026-05-19 13:20:42 [INFO] 弹窗守护线程结束
2026-05-19 13:21:10 [DEBUG] Excel 进程已释放
2026-05-19 13:21:10 [INFO] 任务耗时：132.33s
2026-05-19 13:21:10 [INFO] ====================================================================================================
2026-05-19 13:21:14 [INFO] 日志系统已初始化，日志文件：C:\Users\EDY\Desktop\BOT_TEST\logs\2026\05\2026-05-19.log
2026-05-19 13:21:14 [INFO] 成功导入 pyautogui
2026-05-19 13:21:14 [INFO] 已启用测试webhook模式
2026-05-19 13:21:14 [INFO] 成功加载 2 个任务
2026-05-19 13:21:14 [INFO] 进入调试模式...
2026-05-19 13:21:14 [INFO] ====================================================================================================
2026-05-19 13:21:14 [INFO] 启动任务：学员明细备份.xlsx
2026-05-19 13:21:14 [INFO] ====================================================================================================
2026-05-19 13:21:15 [DEBUG] 成功创建 Excel 实例
2026-05-19 13:21:15 [DEBUG] 成功设置 Excel 可见性: True
2026-05-19 13:21:15 [DEBUG] 成功设置 DisplayAlerts = False
2026-05-19 13:21:17 [DEBUG] 成功打开文件：学员明细备份.xlsx
2026-05-19 13:21:17 [INFO] 开始刷新数据...
2026-05-19 13:21:17 [DEBUG] 发现链接数据源的表格：工作表 [昨日课量备份] - 查询 [昨日课量备份] - 范围 [$A$1:$B$59147]
2026-05-19 13:21:17 [INFO] 共发现 1 个链接了数据源的表格
2026-05-19 13:21:17 [INFO]   - 工作表 [昨日课量备份] - 查询 [昨日课量备份] - 范围 [$A$1:$B$59147]
2026-05-19 13:21:17 [INFO] 检查数据连接属性：
2026-05-19 13:21:17 [INFO]   工作表 [昨日课量备份] - 查询 [昨日课量备份]:
2026-05-19 13:21:17 [INFO]     - 全部刷新时刷新此连接: ✗ 未设置
2026-05-19 13:21:27 [INFO] 执行全部刷新...
2026-05-19 13:21:28 [INFO] 没有需要验证的表格，刷新完成
2026-05-19 13:21:28 [INFO] 启动弹窗守护线程，超时时间：90秒
2026-05-19 13:21:29 [DEBUG] 未检测到按钮 view_all_content.png ：
2026-05-19 13:21:29 [DEBUG] 未检测到按钮 view_all_content.png ：
2026-05-19 13:21:30 [DEBUG] 未检测到按钮 view_all_content.png ：
2026-05-19 13:21:30 [DEBUG] 未检测到按钮 view_all_content.png ：
2026-05-19 13:21:31 [DEBUG] 未检测到按钮 view_all_content.png ：
2026-05-19 13:21:32 [DEBUG] 未检测到按钮 view_all_content.png ：
2026-05-19 13:21:32 [DEBUG] 未检测到按钮 view_all_content.png ：
2026-05-19 13:21:33 [DEBUG] 未检测到按钮 view_all_content.png ：
2026-05-19 13:21:33 [DEBUG] 未检测到按钮 view_all_content.png ：
2026-05-19 13:21:35 [INFO] 检测到弹窗，已点击按钮：view_all_content.png
2026-05-19 13:21:35 [DEBUG] 重新应用筛选：昨日课量备份
2026-05-19 13:21:35 [INFO] 弹窗守护线程结束
2026-05-19 13:21:35 [INFO] 开始截图，共 1 个区域
2026-05-19 13:21:35 [DEBUG] 截图区域地址: $A$1:$A$2
2026-05-19 13:21:36 [INFO] 截图成功：[test] 工作表[sheet1] 区域[A1]
2026-05-19 13:21:36 [DEBUG] 已将所有工作表缩放比例恢复为100%
2026-05-19 13:21:47 [DEBUG] Excel 进程已释放
2026-05-19 13:21:48 [INFO] 发送成功：截图 学员明细备份_test_20260519_132135_197975.png
2026-05-19 13:21:48 [DEBUG] 正在上传文件：C:/Users/EDY/OneDrive - PPLINGO PTE LTD/自动播报文件/学员明细备份.xlsx
2026-05-19 13:21:49 [INFO] 发送成功：文件 学员明细备份.xlsx
2026-05-19 13:21:49 [DEBUG] 清理临时文件：学员明细备份_test_20260519_132135_197975.png
2026-05-19 13:21:49 [INFO] 任务耗时：34.70s
2026-05-19 13:21:49 [INFO] ====================================================================================================
2026-05-19 13:50:41 [INFO] 日志系统已初始化，日志文件：C:\Users\EDY\Desktop\BOT_TEST\logs\2026\05\2026-05-19.log
2026-05-19 13:50:41 [INFO] 成功导入 pyautogui
2026-05-19 13:50:41 [INFO] 成功加载 1 个任务
2026-05-19 13:50:41 [INFO] 进入调试模式...
2026-05-19 13:50:41 [INFO] ====================================================================================================
2026-05-19 13:50:41 [INFO] 启动任务：学员明细备份.xlsx
2026-05-19 13:50:41 [INFO] ====================================================================================================
2026-05-19 13:50:42 [DEBUG] 成功创建 Excel 实例
2026-05-19 13:50:42 [DEBUG] 成功设置 Excel 可见性: True
2026-05-19 13:50:42 [DEBUG] 成功设置 DisplayAlerts = False
2026-05-19 13:50:44 [DEBUG] 成功打开文件：学员明细备份.xlsx
2026-05-19 13:50:44 [INFO] 开始刷新数据...
2026-05-19 13:50:44 [DEBUG] 发现链接数据源的表格：工作表 [昨日课量备份] - 查询 [昨日课量备份] - 范围 [$A$1:$B$59147]
2026-05-19 13:50:44 [INFO] 共发现 1 个链接了数据源的表格
2026-05-19 13:50:44 [INFO]   - 工作表 [昨日课量备份] - 查询 [昨日课量备份] - 范围 [$A$1:$B$59147]
2026-05-19 13:50:44 [INFO] 检查数据连接属性：
2026-05-19 13:50:44 [INFO]   工作表 [昨日课量备份] - 查询 [昨日课量备份]:
2026-05-19 13:50:44 [INFO]     - 全部刷新时刷新此连接: ✗ 未设置
2026-05-19 13:50:54 [INFO] 执行全部刷新...
2026-05-19 13:50:55 [INFO] 没有需要验证的表格，刷新完成
2026-05-19 13:50:55 [INFO] 启动弹窗守护线程，超时时间：90秒
2026-05-19 13:50:56 [DEBUG] 重新应用筛选：昨日课量备份
2026-05-19 13:50:56 [DEBUG] 未检测到按钮 view_all_content.png ：
2026-05-19 13:50:56 [INFO] 开始截图，共 1 个区域
2026-05-19 13:50:56 [DEBUG] 截图区域地址: $A$1:$A$2
2026-05-19 13:50:56 [INFO] 弹窗守护线程结束
2026-05-19 13:50:57 [INFO] 截图成功：[test] 工作表[sheet1] 区域[A1]
2026-05-19 13:50:57 [DEBUG] 已将所有工作表缩放比例恢复为100%
2026-05-19 13:51:05 [DEBUG] Excel 进程已释放
2026-05-19 13:51:06 [INFO] 发送成功：截图 学员明细备份_test_20260519_135056_387248.png
2026-05-19 13:51:06 [DEBUG] 正在上传文件：C:/Users/EDY/OneDrive - PPLINGO PTE LTD/自动播报文件/学员明细备份.xlsx
2026-05-19 13:51:07 [INFO] 发送成功：文件 学员明细备份.xlsx
2026-05-19 13:51:07 [DEBUG] 清理临时文件：学员明细备份_test_20260519_135056_387248.png
2026-05-19 13:51:07 [INFO] 任务耗时：25.81s
2026-05-19 13:51:07 [INFO] ====================================================================================================
2026-05-19 13:52:23 [INFO] 日志系统已初始化，日志文件：C:\Users\EDY\Desktop\BOT_TEST\logs\2026\05\2026-05-19.log
2026-05-19 13:52:23 [INFO] 成功导入 pyautogui
2026-05-19 13:52:23 [INFO] 已启用测试webhook模式
2026-05-19 13:52:23 [INFO] 成功加载 1 个任务
2026-05-19 13:52:23 [INFO] 进入调试模式...
2026-05-19 13:52:23 [INFO] ====================================================================================================
2026-05-19 13:52:23 [INFO] 启动任务：学员明细备份.xlsx
2026-05-19 13:52:23 [INFO] ====================================================================================================
2026-05-19 13:52:23 [DEBUG] 成功创建 Excel 实例
2026-05-19 13:52:24 [DEBUG] 成功设置 Excel 可见性: True
2026-05-19 13:52:24 [DEBUG] 成功设置 DisplayAlerts = False
2026-05-19 13:52:26 [DEBUG] 成功打开文件：学员明细备份.xlsx
2026-05-19 13:52:26 [INFO] 开始刷新数据...
2026-05-19 13:52:26 [DEBUG] 发现链接数据源的表格：工作表 [昨日课量备份] - 查询 [昨日课量备份] - 范围 [$A$1:$B$59147]
2026-05-19 13:52:26 [INFO] 共发现 1 个链接了数据源的表格
2026-05-19 13:52:26 [INFO]   - 工作表 [昨日课量备份] - 查询 [昨日课量备份] - 范围 [$A$1:$B$59147]
2026-05-19 13:52:26 [INFO] 检查数据连接属性：
2026-05-19 13:52:26 [INFO]   工作表 [昨日课量备份] - 查询 [昨日课量备份]:
2026-05-19 13:52:26 [INFO]     - 全部刷新时刷新此连接: ✗ 未设置
2026-05-19 13:52:36 [INFO] 执行全部刷新...
2026-05-19 13:52:37 [INFO] 没有需要验证的表格，刷新完成
2026-05-19 13:52:37 [INFO] 启动弹窗守护线程，超时时间：90秒
2026-05-19 13:52:37 [DEBUG] 重新应用筛选：昨日课量备份
2026-05-19 13:52:38 [INFO] 开始截图，共 1 个区域
2026-05-19 13:52:39 [DEBUG] 截图区域地址: $A$1:$A$2
2026-05-19 13:52:39 [DEBUG] 未检测到按钮 view_all_content.png ：
2026-05-19 13:52:39 [INFO] 弹窗守护线程结束
2026-05-19 13:52:40 [INFO] 截图成功：[test] 工作表[sheet1] 区域[A1]
2026-05-19 13:52:40 [DEBUG] 已将所有工作表缩放比例恢复为100%
2026-05-19 13:52:47 [DEBUG] Excel 进程已释放
2026-05-19 13:52:47 [INFO] 发送成功：截图 学员明细备份_test_20260519_135238_515611.png
2026-05-19 13:52:47 [DEBUG] 正在上传文件：C:/Users/EDY/OneDrive - PPLINGO PTE LTD/自动播报文件/学员明细备份.xlsx
2026-05-19 13:52:49 [INFO] 发送成功：文件 学员明细备份.xlsx
2026-05-19 13:52:49 [DEBUG] 清理临时文件：学员明细备份_test_20260519_135238_515611.png
2026-05-19 13:52:49 [INFO] 任务耗时：25.84s
2026-05-19 13:52:49 [INFO] ====================================================================================================
2026-05-19 13:53:33 [INFO] 日志系统已初始化，日志文件：C:\Users\EDY\Desktop\BOT_TEST\logs\2026\05\2026-05-19.log
2026-05-19 13:53:33 [INFO] 成功导入 pyautogui
2026-05-19 13:53:33 [INFO] 成功加载 1 个任务
2026-05-19 13:53:33 [INFO] 进入调试模式...
2026-05-19 13:53:33 [INFO] ====================================================================================================
2026-05-19 13:53:33 [INFO] 启动任务：学员明细备份.xlsx
2026-05-19 13:53:33 [INFO] ====================================================================================================
2026-05-19 13:53:34 [DEBUG] 成功创建 Excel 实例
2026-05-19 13:53:34 [DEBUG] 成功设置 Excel 可见性: True
2026-05-19 13:53:34 [DEBUG] 成功设置 DisplayAlerts = False
2026-05-19 13:53:36 [DEBUG] 成功打开文件：学员明细备份.xlsx
2026-05-19 13:53:36 [INFO] 开始刷新数据...
2026-05-19 13:53:36 [DEBUG] 发现链接数据源的表格：工作表 [昨日课量备份] - 查询 [昨日课量备份] - 范围 [$A$1:$B$59147]
2026-05-19 13:53:36 [INFO] 共发现 1 个链接了数据源的表格
2026-05-19 13:53:36 [INFO]   - 工作表 [昨日课量备份] - 查询 [昨日课量备份] - 范围 [$A$1:$B$59147]
2026-05-19 13:53:36 [INFO] 检查数据连接属性：
2026-05-19 13:53:36 [INFO]   工作表 [昨日课量备份] - 查询 [昨日课量备份]:
2026-05-19 13:53:36 [INFO]     - 全部刷新时刷新此连接: ✗ 未设置
2026-05-19 13:53:46 [INFO] 执行全部刷新...
2026-05-19 13:53:47 [INFO] 没有需要验证的表格，刷新完成
2026-05-19 13:53:47 [INFO] 启动弹窗守护线程，超时时间：90秒
2026-05-19 13:53:48 [DEBUG] 重新应用筛选：昨日课量备份
2026-05-19 13:53:48 [DEBUG] 未检测到按钮 view_all_content.png ：
2026-05-19 13:53:48 [INFO] 开始截图，共 1 个区域
2026-05-19 13:53:48 [DEBUG] 截图区域地址: $A$1:$A$2
2026-05-19 13:53:48 [INFO] 弹窗守护线程结束
2026-05-19 13:53:49 [INFO] 截图成功：[test] 工作表[sheet1] 区域[A1]
2026-05-19 13:53:49 [DEBUG] 已将所有工作表缩放比例恢复为100%
2026-05-19 13:53:58 [DEBUG] Excel 进程已释放
2026-05-19 13:53:58 [INFO] 发送成功：截图 学员明细备份_test_20260519_135348_409701.png
2026-05-19 13:53:58 [DEBUG] 正在上传文件：C:/Users/EDY/OneDrive - PPLINGO PTE LTD/自动播报文件/学员明细备份.xlsx
2026-05-19 13:53:59 [INFO] 发送成功：文件 学员明细备份.xlsx
2026-05-19 13:53:59 [DEBUG] 清理临时文件：学员明细备份_test_20260519_135348_409701.png
2026-05-19 13:53:59 [INFO] 任务耗时：25.96s
2026-05-19 13:53:59 [INFO] ====================================================================================================
2026-05-19 13:54:11 [INFO] 日志系统已初始化，日志文件：C:\Users\EDY\Desktop\BOT_TEST\logs\2026\05\2026-05-19.log
2026-05-19 13:54:11 [INFO] 成功导入 pyautogui
2026-05-19 13:54:11 [INFO] 成功加载 1 个任务
2026-05-19 13:54:11 [INFO] 进入调试模式...
2026-05-19 13:54:11 [INFO] ====================================================================================================
2026-05-19 13:54:11 [INFO] 启动任务：学员明细备份.xlsx
2026-05-19 13:54:11 [INFO] ====================================================================================================
2026-05-19 13:54:12 [DEBUG] 成功创建 Excel 实例
2026-05-19 13:54:12 [DEBUG] 成功设置 Excel 可见性: True
2026-05-19 13:54:12 [DEBUG] 成功设置 DisplayAlerts = False
2026-05-19 13:54:14 [DEBUG] 成功打开文件：学员明细备份.xlsx
2026-05-19 13:54:14 [INFO] 开始刷新数据...
2026-05-19 13:54:14 [DEBUG] 发现链接数据源的表格：工作表 [昨日课量备份] - 查询 [昨日课量备份] - 范围 [$A$1:$B$59147]
2026-05-19 13:54:14 [INFO] 共发现 1 个链接了数据源的表格
2026-05-19 13:54:14 [INFO]   - 工作表 [昨日课量备份] - 查询 [昨日课量备份] - 范围 [$A$1:$B$59147]
2026-05-19 13:54:14 [INFO] 检查数据连接属性：
2026-05-19 13:54:14 [INFO]   工作表 [昨日课量备份] - 查询 [昨日课量备份]:
2026-05-19 13:54:14 [INFO]     - 全部刷新时刷新此连接: ✗ 未设置
2026-05-19 13:54:24 [INFO] 执行全部刷新...
2026-05-19 13:54:25 [INFO] 没有需要验证的表格，刷新完成
2026-05-19 13:54:25 [INFO] 启动弹窗守护线程，超时时间：90秒
2026-05-19 13:54:26 [DEBUG] 重新应用筛选：昨日课量备份
2026-05-19 13:54:26 [INFO] 开始截图，共 1 个区域
2026-05-19 13:54:27 [DEBUG] 未检测到按钮 view_all_content.png ：
2026-05-19 13:54:27 [DEBUG] 截图区域地址: $A$1:$A$2
2026-05-19 13:54:27 [INFO] 弹窗守护线程结束
2026-05-19 13:54:28 [INFO] 截图成功：[test] 工作表[sheet1] 区域[A1]
2026-05-19 13:54:28 [DEBUG] 已将所有工作表缩放比例恢复为100%
2026-05-19 13:54:32 [DEBUG] Excel 进程已释放
2026-05-19 13:54:32 [INFO] 发送成功：截图 学员明细备份_test_20260519_135426_781304.png
2026-05-19 13:54:32 [DEBUG] 正在上传文件：C:/Users/EDY/OneDrive - PPLINGO PTE LTD/自动播报文件/学员明细备份.xlsx
2026-05-19 13:54:34 [INFO] 发送成功：文件 学员明细备份.xlsx
2026-05-19 13:54:34 [DEBUG] 清理临时文件：学员明细备份_test_20260519_135426_781304.png
2026-05-19 13:54:34 [INFO] 任务耗时：22.51s
2026-05-19 13:54:34 [INFO] ====================================================================================================
2026-05-19 14:02:05 [INFO] 日志系统已初始化，日志文件：C:\Users\EDY\Desktop\BOT_TEST\logs\2026\05\2026-05-19.log
2026-05-19 14:02:05 [INFO] 成功导入 pyautogui
2026-05-19 14:02:05 [INFO] 成功加载 1 个任务
2026-05-19 14:02:05 [INFO] 进入调试模式...
2026-05-19 14:02:05 [INFO] ====================================================================================================
2026-05-19 14:02:05 [INFO] 启动任务：学员明细备份.xlsx
2026-05-19 14:02:05 [INFO] ====================================================================================================
2026-05-19 14:02:06 [DEBUG] 成功创建 Excel 实例
2026-05-19 14:02:06 [DEBUG] 成功设置 Excel 可见性: True
2026-05-19 14:02:06 [DEBUG] 成功设置 DisplayAlerts = False
2026-05-19 14:02:08 [DEBUG] 成功打开文件：学员明细备份.xlsx
2026-05-19 14:02:08 [INFO] 开始刷新数据...
2026-05-19 14:02:08 [DEBUG] 发现链接数据源的表格：工作表 [昨日课量备份] - 查询 [昨日课量备份] - 范围 [$A$1:$B$59147]
2026-05-19 14:02:08 [INFO] 共发现 1 个链接了数据源的表格
2026-05-19 14:02:08 [INFO]   - 工作表 [昨日课量备份] - 查询 [昨日课量备份] - 范围 [$A$1:$B$59147]
2026-05-19 14:02:08 [INFO] 检查数据连接属性：
2026-05-19 14:02:08 [INFO]   工作表 [昨日课量备份] - 查询 [昨日课量备份]:
2026-05-19 14:02:08 [INFO]     - 全部刷新时刷新此连接: ✗ 未设置
2026-05-19 14:02:18 [INFO] 执行全部刷新...
2026-05-19 14:02:19 [INFO] 没有需要验证的表格，刷新完成
2026-05-19 14:02:19 [INFO] 启动弹窗守护线程，超时时间：90秒
2026-05-19 14:02:20 [DEBUG] 未检测到按钮 view_all_content.png ：
2026-05-19 14:02:20 [INFO] 检测到弹窗，已点击按钮：view_all_content.png
2026-05-19 14:02:20 [DEBUG] 重新应用筛选：昨日课量备份
2026-05-19 14:02:20 [INFO] 开始截图，共 1 个区域
2026-05-19 14:02:20 [DEBUG] 截图区域地址: $A$1:$A$2
2026-05-19 14:02:20 [INFO] 弹窗守护线程结束
2026-05-19 14:02:21 [INFO] 截图成功：[test] 工作表[sheet1] 区域[A1]
2026-05-19 14:02:22 [DEBUG] 已将所有工作表缩放比例恢复为100%
2026-05-19 14:02:29 [DEBUG] Excel 进程已释放
2026-05-19 14:02:30 [INFO] 发送成功：截图 学员明细备份_test_20260519_140220_693163.png
2026-05-19 14:02:30 [DEBUG] 正在上传文件：C:/Users/EDY/OneDrive - PPLINGO PTE LTD/自动播报文件/学员明细备份.xlsx
2026-05-19 14:02:32 [INFO] 发送成功：文件 学员明细备份.xlsx
2026-05-19 14:02:32 [DEBUG] 清理临时文件：学员明细备份_test_20260519_140220_693163.png
2026-05-19 14:02:32 [INFO] 任务耗时：26.43s
2026-05-19 14:02:32 [INFO] ====================================================================================================
2026-05-19 14:03:56 [INFO] 日志系统已初始化，日志文件：C:\Users\EDY\Desktop\BOT_TEST\logs\2026\05\2026-05-19.log
2026-05-19 14:03:56 [INFO] 成功导入 pyautogui
2026-05-19 14:03:56 [INFO] 已启用测试webhook模式
2026-05-19 14:03:56 [INFO] 成功加载 1 个任务
2026-05-19 14:03:56 [INFO] 进入调试模式...
2026-05-19 14:03:56 [INFO] ====================================================================================================
2026-05-19 14:03:56 [INFO] 启动任务：学员明细备份.xlsx
2026-05-19 14:03:56 [INFO] ====================================================================================================
2026-05-19 14:03:56 [DEBUG] 成功创建 Excel 实例
2026-05-19 14:03:56 [DEBUG] 成功设置 Excel 可见性: True
2026-05-19 14:03:56 [DEBUG] 成功设置 DisplayAlerts = False
2026-05-19 14:03:58 [DEBUG] 成功打开文件：学员明细备份.xlsx
2026-05-19 14:03:58 [INFO] 开始刷新数据...
2026-05-19 14:03:58 [DEBUG] 发现链接数据源的表格：工作表 [昨日课量备份] - 查询 [昨日课量备份] - 范围 [$A$1:$B$59147]
2026-05-19 14:03:58 [INFO] 共发现 1 个链接了数据源的表格
2026-05-19 14:03:58 [INFO]   - 工作表 [昨日课量备份] - 查询 [昨日课量备份] - 范围 [$A$1:$B$59147]
2026-05-19 14:03:58 [INFO] 检查数据连接属性：
2026-05-19 14:03:58 [INFO]   工作表 [昨日课量备份] - 查询 [昨日课量备份]:
2026-05-19 14:03:58 [INFO]     - 全部刷新时刷新此连接: ✗ 未设置
2026-05-19 14:04:08 [INFO] 执行全部刷新...
2026-05-19 14:04:10 [INFO] 没有需要验证的表格，刷新完成
2026-05-19 14:04:10 [INFO] 启动弹窗守护线程，超时时间：90秒
2026-05-19 14:04:11 [DEBUG] 未检测到按钮 view_all_content.png ：
2026-05-19 14:04:12 [INFO] 检测到弹窗，已点击按钮：view_all_content.png
2026-05-19 14:04:12 [DEBUG] 重新应用筛选：昨日课量备份
2026-05-19 14:04:12 [INFO] 开始截图，共 1 个区域
2026-05-19 14:04:13 [DEBUG] 截图区域地址: $A$1:$A$2
2026-05-19 14:04:14 [DEBUG] 未检测到按钮 view_all_content.png ：
2026-05-19 14:04:14 [INFO] 弹窗守护线程结束
2026-05-19 14:04:14 [INFO] 截图成功：[test] 工作表[sheet1] 区域[A1]
2026-05-19 14:04:15 [DEBUG] 已将所有工作表缩放比例恢复为100%
2026-05-19 14:04:20 [DEBUG] Excel 进程已释放
2026-05-19 14:04:20 [INFO] 发送成功：截图 学员明细备份_test_20260519_140412_872211.png
2026-05-19 14:04:20 [DEBUG] 正在上传文件：C:/Users/EDY/OneDrive - PPLINGO PTE LTD/自动播报文件/学员明细备份.xlsx
2026-05-19 14:04:21 [INFO] 发送成功：文件 学员明细备份.xlsx
2026-05-19 14:04:21 [DEBUG] 清理临时文件：学员明细备份_test_20260519_140412_872211.png
2026-05-19 14:04:21 [INFO] 任务耗时：25.62s
2026-05-19 14:04:21 [INFO] ====================================================================================================
2026-05-19 15:47:26 [INFO] 日志系统已初始化，日志文件：C:\Users\EDY\Desktop\BOT_TEST\logs\2026\05\2026-05-19.log
2026-05-19 15:47:26 [INFO] 成功导入 pyautogui
2026-05-19 15:47:26 [INFO] 成功加载 1 个任务
2026-05-19 15:47:26 [INFO] 进入调试模式...
2026-05-19 15:47:26 [INFO] ====================================================================================================
2026-05-19 15:47:26 [INFO] 启动任务：学员明细备份.xlsx
2026-05-19 15:47:26 [INFO] ====================================================================================================
2026-05-19 15:47:29 [INFO] 开始刷新数据...
2026-05-19 15:47:29 [INFO] 共发现 1 个链接了数据源的表格
2026-05-19 15:47:29 [INFO]   - 工作表 [昨日课量备份] - 查询 [昨日课量备份] - 范围 [$A$1:$B$59147]
2026-05-19 15:47:29 [INFO] 检查数据连接属性：
2026-05-19 15:47:29 [INFO]   工作表 [昨日课量备份] - 查询 [昨日课量备份]:
2026-05-19 15:47:29 [INFO]     - 全部刷新时刷新此连接: ✗ 未设置
2026-05-19 15:47:39 [INFO] 执行全部刷新...
2026-05-19 15:47:41 [INFO] 没有需要验证的表格，刷新完成
2026-05-19 15:47:41 [INFO] 启动弹窗守护线程，超时时间：90秒
2026-05-19 15:49:11 [INFO] 弹窗守护线程结束
2026-05-19 15:59:56 [INFO] 处理Webhook：833b098e...
2026-05-19 15:59:56 [INFO] 开始截图，共 1 个区域
2026-05-19 15:59:56 [ERROR] 截图异常：(-2147352567, '发生意外。', (0, 'Microsoft Excel', '类 Range 的 CopyPicture 方法无效', 'xlmain11.chm', 0, -2146827284), None)
Traceback (most recent call last):
  File "C:\Users\EDY\Desktop\BOT_TEST\excel.py", line 502, in _capture_range
    range_obj.CopyPicture(Format=1)
  File "<COMObject <unknown>>", line 2, in CopyPicture
  File "D:\Program\Miniconda\lib\site-packages\win32com\client\dynamic.py", line 356, in _ApplyTypes_
    result = self._oleobj_.InvokeTypes(
pywintypes.com_error: (-2147352567, '发生意外。', (0, 'Microsoft Excel', '类 Range 的 CopyPicture 方法无效', 'xlmain11.chm', 0, -2146827284), None)
2026-05-19 15:59:56 [WARNING] 截图失败：[test_webhook1] 工作表[sheet1] 区域[A1]
2026-05-19 15:59:58 [WARNING] 截图重试第 1/3 次，待重试区域 1 个
2026-05-19 16:00:00 [INFO] 截图成功：[test_webhook1] 工作表[sheet1] 区域[A1]
2026-05-19 16:00:00 [INFO] 发送成功：截图 学员明细备份_test_webhook1_20260519_155958_958903.png
2026-05-19 16:00:00 [ERROR] 文件发送失败：[Errno 13] Permission denied: 'C:/Users/EDY/OneDrive - PPLINGO PTE LTD/自动播报文件/学员明细备份.xlsx'
2026-05-19 16:00:00 [INFO] 处理Webhook：ee57f939...
2026-05-19 16:00:00 [INFO] 开始截图，共 1 个区域
2026-05-19 16:00:02 [INFO] 截图成功：[test_webhook2] 工作表[sheet1] 区域[A1]
2026-05-19 16:00:02 [INFO] 发送成功：截图 学员明细备份_test_webhook2_20260519_160000_974212.png
2026-05-19 16:00:08 [INFO] 任务耗时：761.82s
2026-05-19 16:00:08 [INFO] ====================================================================================================
2026-05-19 18:37:36 [INFO] 日志系统已初始化，日志文件：C:\Users\EDY\Desktop\BOT_TEST\logs\2026\05\2026-05-19.log
2026-05-19 18:37:36 [INFO] 成功导入 pyautogui
2026-05-19 18:37:36 [INFO] 已启用测试webhook模式
2026-05-19 18:37:36 [INFO] 成功加载 1 个任务
2026-05-19 18:37:36 [INFO] 进入调试模式...
2026-05-19 18:37:36 [INFO] ====================================================================================================
2026-05-19 18:37:36 [INFO] 启动任务：学员明细备份.xlsx
2026-05-19 18:37:36 [INFO] ====================================================================================================
2026-05-19 18:37:37 [DEBUG] 成功创建 Excel 实例
2026-05-19 18:37:37 [DEBUG] 成功设置 Excel 可见性: True
2026-05-19 18:37:37 [DEBUG] 成功设置 DisplayAlerts = False
2026-05-19 18:37:39 [DEBUG] 成功打开文件：学员明细备份.xlsx
2026-05-19 18:37:39 [INFO] 开始刷新数据...
2026-05-19 18:37:39 [DEBUG] 发现链接数据源的表格：工作表 [昨日课量备份] - 查询 [昨日课量备份] - 范围 [$A$1:$B$59147]
2026-05-19 18:37:39 [INFO] 共发现 1 个链接了数据源的表格
2026-05-19 18:37:39 [INFO]   - 工作表 [昨日课量备份] - 查询 [昨日课量备份] - 范围 [$A$1:$B$59147]
2026-05-19 18:37:39 [INFO] 检查数据连接属性：
2026-05-19 18:37:39 [INFO]   工作表 [昨日课量备份] - 查询 [昨日课量备份]:
2026-05-19 18:37:39 [INFO]     - 全部刷新时刷新此连接: ✗ 未设置
2026-05-19 18:37:49 [INFO] 执行全部刷新...
2026-05-19 18:37:50 [INFO] 没有需要验证的表格，刷新完成
2026-05-19 18:37:50 [INFO] 启动弹窗守护线程，超时时间：90秒
2026-05-19 18:37:51 [DEBUG] 未检测到按钮 view_all_content.png ：
2026-05-19 18:37:51 [DEBUG] 重新应用筛选：昨日课量备份
2026-05-19 18:37:51 [INFO] 处理Webhook：833b098e...
2026-05-19 18:37:51 [INFO] 开始截图，共 1 个区域
2026-05-19 18:37:51 [DEBUG] 截图区域地址: $A$1:$A$2
2026-05-19 18:37:51 [INFO] 弹窗守护线程结束
2026-05-19 18:37:52 [INFO] 截图成功：[test_webhook1] 工作表[sheet1] 区域[A1]
2026-05-19 18:37:52 [DEBUG] 已将所有工作表缩放比例恢复为100%
2026-05-19 18:37:53 [INFO] 发送成功：截图 学员明细备份_test_webhook1_20260519_183751_218093.png
2026-05-19 18:37:53 [ERROR] 文件发送失败：[Errno 13] Permission denied: 'C:/Users/EDY/OneDrive - PPLINGO PTE LTD/自动播报文件/学员明细备份.xlsx'
2026-05-19 18:37:53 [DEBUG] 清理临时文件：学员明细备份_test_webhook1_20260519_183751_218093.png
2026-05-19 18:37:53 [INFO] 处理Webhook：ee57f939...
2026-05-19 18:37:53 [INFO] 开始截图，共 1 个区域
2026-05-19 18:37:53 [DEBUG] 截图区域地址: $A$1
2026-05-19 18:37:54 [INFO] 截图成功：[test_webhook2] 工作表[sheet2] 区域[A1]
2026-05-19 18:37:54 [DEBUG] 已将所有工作表缩放比例恢复为100%
2026-05-19 18:37:54 [INFO] 发送成功：截图 学员明细备份_test_webhook2_20260519_183753_034246.png
2026-05-19 18:37:54 [DEBUG] 清理临时文件：学员明细备份_test_webhook2_20260519_183753_034246.png
2026-05-19 18:37:57 [DEBUG] Excel 进程已释放
2026-05-19 18:37:57 [INFO] 任务耗时：21.12s
2026-05-19 18:37:57 [INFO] ====================================================================================================
2026-05-19 18:44:20 [INFO] 日志系统已初始化，日志文件：C:\Users\EDY\Desktop\BOT_TEST\logs\2026\05\2026-05-19.log
2026-05-19 18:44:20 [INFO] 成功导入 pyautogui
2026-05-19 18:44:20 [INFO] 成功加载 1 个任务
2026-05-19 18:44:20 [INFO] 进入调试模式...
2026-05-19 18:44:20 [INFO] ====================================================================================================
2026-05-19 18:44:20 [INFO] 启动任务：学员明细备份.xlsx
2026-05-19 18:44:20 [INFO] ====================================================================================================
2026-05-19 18:44:20 [DEBUG] 成功创建 Excel 实例
2026-05-19 18:44:21 [DEBUG] 成功设置 Excel 可见性: True
2026-05-19 18:44:21 [DEBUG] 成功设置 DisplayAlerts = False
2026-05-19 18:44:22 [DEBUG] 成功打开文件：学员明细备份.xlsx
2026-05-19 18:44:22 [INFO] 开始刷新数据...
2026-05-19 18:44:22 [DEBUG] 发现链接数据源的表格：工作表 [昨日课量备份] - 查询 [昨日课量备份] - 范围 [$A$1:$B$59147]
2026-05-19 18:44:22 [INFO] 共发现 1 个链接了数据源的表格
2026-05-19 18:44:22 [INFO]   - 工作表 [昨日课量备份] - 查询 [昨日课量备份] - 范围 [$A$1:$B$59147]
2026-05-19 18:44:22 [INFO] 检查数据连接属性：
2026-05-19 18:44:22 [INFO]   工作表 [昨日课量备份] - 查询 [昨日课量备份]:
2026-05-19 18:44:22 [INFO]     - 全部刷新时刷新此连接: ✗ 未设置
2026-05-19 18:44:32 [INFO] 执行全部刷新...
2026-05-19 18:44:34 [INFO] 没有需要验证的表格，刷新完成
2026-05-19 18:44:34 [INFO] 启动弹窗守护线程，超时时间：90秒
2026-05-19 18:44:34 [DEBUG] 未检测到按钮 view_all_content.png ：
2026-05-19 18:44:35 [DEBUG] 重新应用筛选：昨日课量备份
2026-05-19 18:44:35 [DEBUG] 未检测到按钮 view_all_content.png ：
2026-05-19 18:44:35 [INFO] 处理Webhook：833b098e...
2026-05-19 18:44:35 [INFO] 开始截图，共 1 个区域
2026-05-19 18:44:35 [DEBUG] 截图区域地址: $A$1:$A$2
2026-05-19 18:44:35 [INFO] 弹窗守护线程结束
2026-05-19 18:44:36 [INFO] 截图成功：[test_webhook1] 工作表[sheet1] 区域[A1]
2026-05-19 18:44:36 [DEBUG] 已将所有工作表缩放比例恢复为100%
2026-05-19 18:44:36 [INFO] _deliver_results 被调用
2026-05-19 18:44:36 [INFO]   webhook: 833b098e...
2026-05-19 18:44:36 [INFO]   screenshots数量: 1
2026-05-19 18:44:36 [INFO]   send_file_enable: 1
2026-05-19 18:44:37 [INFO] 发送成功：截图 学员明细备份_test_webhook1_20260519_184435_398769.png
2026-05-19 18:44:37 [INFO] send_file_enable 为真，准备发送文件
2026-05-19 18:44:37 [INFO] 准备发送文件，file_path: C:/Users/EDY/OneDrive - PPLINGO PTE LTD/自动播报文件/学员明细备份.xlsx
2026-05-19 18:44:37 [INFO] send_file_enable 检查，webhook: 833b098e...
2026-05-19 18:44:37 [INFO] 开始上传文件：学员明细备份.xlsx
2026-05-19 18:44:37 [ERROR] 文件发送异常：[Errno 13] Permission denied: 'C:/Users/EDY/OneDrive - PPLINGO PTE LTD/自动播报文件/学员明细备份.xlsx'
2026-05-19 18:44:37 [DEBUG] 清理临时文件：学员明细备份_test_webhook1_20260519_184435_398769.png
2026-05-19 18:44:37 [INFO] 处理Webhook：ee57f939...
2026-05-19 18:44:37 [INFO] 开始截图，共 1 个区域
2026-05-19 18:44:37 [DEBUG] 截图区域地址: $A$1
2026-05-19 18:44:38 [INFO] 截图成功：[test_webhook2] 工作表[sheet2] 区域[A1]
2026-05-19 18:44:38 [DEBUG] 已将所有工作表缩放比例恢复为100%
2026-05-19 18:44:38 [INFO] _deliver_results 被调用
2026-05-19 18:44:38 [INFO]   webhook: ee57f939...
2026-05-19 18:44:38 [INFO]   screenshots数量: 1
2026-05-19 18:44:38 [INFO]   send_file_enable: 0
2026-05-19 18:44:38 [INFO] 发送成功：截图 学员明细备份_test_webhook2_20260519_184437_262556.png
2026-05-19 18:44:38 [INFO] send_file_enable 为假，跳过发送文件
2026-05-19 18:44:38 [DEBUG] 清理临时文件：学员明细备份_test_webhook2_20260519_184437_262556.png
2026-05-19 18:44:42 [DEBUG] Excel 进程已释放
2026-05-19 18:44:42 [INFO] 任务耗时：21.60s
2026-05-19 18:44:42 [INFO] ====================================================================================================
2026-05-19 18:51:39 [INFO] 日志系统已初始化，日志文件：C:\Users\EDY\Desktop\BOT_TEST\logs\2026\05\2026-05-19.log
2026-05-19 18:51:39 [INFO] 成功导入 pyautogui
2026-05-19 18:51:39 [INFO] 成功加载 1 个任务
2026-05-19 18:51:39 [INFO] 进入调试模式...
2026-05-19 18:51:39 [INFO] ====================================================================================================
2026-05-19 18:51:39 [INFO] 启动任务：学员明细备份.xlsx
2026-05-19 18:51:39 [INFO] ====================================================================================================
2026-05-19 18:51:39 [DEBUG] 成功创建 Excel 实例
2026-05-19 18:51:40 [DEBUG] 成功设置 Excel 可见性: True
2026-05-19 18:51:40 [DEBUG] 成功设置 DisplayAlerts = False
2026-05-19 18:51:41 [DEBUG] 成功打开文件：学员明细备份.xlsx
2026-05-19 18:51:41 [INFO] 开始刷新数据...
2026-05-19 18:51:41 [DEBUG] 发现链接数据源的表格：工作表 [昨日课量备份] - 查询 [昨日课量备份] - 范围 [$A$1:$B$59147]
2026-05-19 18:51:41 [INFO] 共发现 1 个链接了数据源的表格
2026-05-19 18:51:41 [INFO]   - 工作表 [昨日课量备份] - 查询 [昨日课量备份] - 范围 [$A$1:$B$59147]
2026-05-19 18:51:41 [INFO] 检查数据连接属性：
2026-05-19 18:51:41 [INFO]   工作表 [昨日课量备份] - 查询 [昨日课量备份]:
2026-05-19 18:51:41 [INFO]     - 全部刷新时刷新此连接: ✗ 未设置
2026-05-19 18:51:51 [INFO] 执行全部刷新...
2026-05-19 18:51:53 [INFO] 没有需要验证的表格，刷新完成
2026-05-19 18:51:53 [INFO] 启动弹窗守护线程，超时时间：90秒
2026-05-19 18:51:53 [DEBUG] 未检测到按钮 view_all_content.png ：
2026-05-19 18:51:54 [DEBUG] 重新应用筛选：昨日课量备份
2026-05-19 18:51:54 [DEBUG] 未检测到按钮 view_all_content.png ：
2026-05-19 18:51:54 [INFO] 处理Webhook：833b098e...
2026-05-19 18:51:54 [INFO] 开始截图，共 1 个区域
2026-05-19 18:51:54 [DEBUG] 截图区域地址: $A$1:$A$2
2026-05-19 18:51:54 [INFO] 弹窗守护线程结束
2026-05-19 18:51:55 [INFO] 截图成功：[test_webhook1] 工作表[sheet1] 区域[A1]
2026-05-19 18:51:55 [DEBUG] 已将所有工作表缩放比例恢复为100%
2026-05-19 18:51:55 [INFO] 处理Webhook：ee57f939...
2026-05-19 18:51:55 [INFO] 开始截图，共 1 个区域
2026-05-19 18:51:55 [DEBUG] 截图区域地址: $A$1
2026-05-19 18:51:56 [INFO] 截图成功：[test_webhook2] 工作表[sheet2] 区域[A1]
2026-05-19 18:51:57 [DEBUG] 已将所有工作表缩放比例恢复为100%
2026-05-19 18:51:59 [DEBUG] Excel 进程已释放
2026-05-19 18:51:59 [INFO] _deliver_results 被调用
2026-05-19 18:51:59 [INFO]   webhook: 833b098e...
2026-05-19 18:51:59 [INFO]   screenshots数量: 1
2026-05-19 18:51:59 [INFO]   send_file_enable: 1
2026-05-19 18:52:00 [INFO] 发送成功：截图 学员明细备份_test_webhook1_20260519_185154_401970.png
2026-05-19 18:52:00 [INFO] send_file_enable 为真，准备发送文件
2026-05-19 18:52:00 [INFO] 准备发送文件，file_path: C:/Users/EDY/OneDrive - PPLINGO PTE LTD/自动播报文件/学员明细备份.xlsx
2026-05-19 18:52:00 [INFO] send_file_enable 检查，webhook: 833b098e...
2026-05-19 18:52:00 [INFO] 开始上传文件：学员明细备份.xlsx
2026-05-19 18:52:00 [INFO] 上传URL: https://qyapi.weixin.qq.com/cgi-bin/webhook/upload_media?key=833b098e-d8b8-43ea-bfdf-cade0d040fb6&type=file
2026-05-19 18:52:00 [INFO] 正在上传文件：C:/Users/EDY/OneDrive - PPLINGO PTE LTD/自动播报文件/学员明细备份.xlsx
2026-05-19 18:52:00 [INFO] 上传文件名：学员明细备份_2026-05-19.xlsx
2026-05-19 18:52:01 [INFO] 上传响应状态码: 200
2026-05-19 18:52:01 [INFO] 上传响应内容: {"errcode":0,"errmsg":"ok","type":"file","media_id":"38jDSuwSzzfsYKuoE-Aqz49M7QhmnXX1pSDzDren_Qe2OTm53tpV-mMuLrH0dcIE9","created_at":"1779187921"}
2026-05-19 18:52:01 [INFO] 上传结果: {'errcode': 0, 'errmsg': 'ok', 'type': 'file', 'media_id': '38jDSuwSzzfsYKuoE-Aqz49M7QhmnXX1pSDzDren_Qe2OTm53tpV-mMuLrH0dcIE9', 'created_at': '1779187921'}
2026-05-19 18:52:01 [INFO] 文件上传成功，media_id: 38jDSuwSzzfsYKuoE-Aqz49M7QhmnXX1pSDzDren_Qe2OTm53tpV-mMuLrH0dcIE9
2026-05-19 18:52:01 [INFO] 发送成功：文件 学员明细备份.xlsx
2026-05-19 18:52:01 [DEBUG] 清理临时文件：学员明细备份_test_webhook1_20260519_185154_401970.png
2026-05-19 18:52:01 [INFO] _deliver_results 被调用
2026-05-19 18:52:01 [INFO]   webhook: ee57f939...
2026-05-19 18:52:01 [INFO]   screenshots数量: 1
2026-05-19 18:52:01 [INFO]   send_file_enable: 0
2026-05-19 18:52:02 [INFO] 发送成功：截图 学员明细备份_test_webhook2_20260519_185155_771431.png
2026-05-19 18:52:02 [INFO] send_file_enable 为假，跳过发送文件
2026-05-19 18:52:02 [DEBUG] 清理临时文件：学员明细备份_test_webhook2_20260519_185155_771431.png
2026-05-19 18:52:02 [INFO] 任务耗时：22.81s
2026-05-19 18:52:02 [INFO] ====================================================================================================
2026-05-19 18:56:13 [INFO] 日志系统已初始化，日志文件：C:\Users\EDY\Desktop\BOT_TEST\logs\2026\05\2026-05-19.log
2026-05-19 18:56:13 [INFO] 成功导入 pyautogui
2026-05-19 18:56:13 [INFO] 成功加载 1 个任务
2026-05-19 18:56:13 [INFO] 进入调试模式...
2026-05-19 18:56:13 [INFO] 当前任务配置：
2026-05-19 18:56:13 [INFO]   [0] 学员明细备份.xlsx
2026-05-19 18:56:13 [INFO]     - [0] webhook: 833b098e-d..., times: ['08:35', '10:35', '12:35', '14:35', '16:35', '18:35', '20:35', '22:00']
2026-05-19 18:56:13 [INFO]     - [1] webhook: ee57f939-0..., times: ['08:40', '10:40', '12:40', '14:40', '16:40', '18:40', '20:40', '22:05']
2026-05-19 18:56:13 [INFO] 将执行任务 0 的 webhook 1
2026-05-19 18:56:13 [INFO] 执行指定的 webhook: ee57f939-0...
2026-05-19 18:56:13 [INFO] ====================================================================================================
2026-05-19 18:56:13 [INFO] 启动任务：学员明细备份.xlsx
2026-05-19 18:56:13 [INFO] Webhook：ee57f939...
2026-05-19 18:56:13 [INFO] ====================================================================================================
2026-05-19 18:56:13 [DEBUG] 成功创建 Excel 实例
2026-05-19 18:56:13 [DEBUG] 成功设置 Excel 可见性: True
2026-05-19 18:56:13 [DEBUG] 成功设置 DisplayAlerts = False
2026-05-19 18:56:15 [DEBUG] 成功打开文件：学员明细备份.xlsx
2026-05-19 18:56:15 [INFO] 开始刷新数据...
2026-05-19 18:56:15 [DEBUG] 发现链接数据源的表格：工作表 [昨日课量备份] - 查询 [昨日课量备份] - 范围 [$A$1:$B$59147]
2026-05-19 18:56:15 [INFO] 共发现 1 个链接了数据源的表格
2026-05-19 18:56:15 [INFO]   - 工作表 [昨日课量备份] - 查询 [昨日课量备份] - 范围 [$A$1:$B$59147]
2026-05-19 18:56:15 [INFO] 检查数据连接属性：
2026-05-19 18:56:15 [INFO]   工作表 [昨日课量备份] - 查询 [昨日课量备份]:
2026-05-19 18:56:15 [INFO]     - 全部刷新时刷新此连接: ✗ 未设置
2026-05-19 18:56:25 [INFO] 执行全部刷新...
2026-05-19 18:56:27 [INFO] 没有需要验证的表格，刷新完成
2026-05-19 18:56:27 [INFO] 启动弹窗守护线程，超时时间：90秒
2026-05-19 18:56:27 [DEBUG] 未检测到按钮 view_all_content.png ：
2026-05-19 18:56:27 [DEBUG] 重新应用筛选：昨日课量备份
2026-05-19 18:56:27 [INFO] 处理Webhook：ee57f939...
2026-05-19 18:56:27 [INFO] 开始截图，共 1 个区域
2026-05-19 18:56:27 [DEBUG] 截图区域地址: $A$1
2026-05-19 18:56:27 [INFO] 弹窗守护线程结束
2026-05-19 18:56:28 [INFO] 截图成功：[test_webhook2] 工作表[sheet2] 区域[A1]
2026-05-19 18:56:28 [DEBUG] 已将所有工作表缩放比例恢复为100%
2026-05-19 18:56:30 [DEBUG] Excel 进程已释放
2026-05-19 18:56:30 [INFO] _deliver_results 被调用
2026-05-19 18:56:30 [INFO]   webhook: ee57f939...
2026-05-19 18:56:30 [INFO]   screenshots数量: 1
2026-05-19 18:56:30 [INFO]   send_file_enable: 0
2026-05-19 18:56:30 [INFO] 发送成功：截图 学员明细备份_test_webhook2_20260519_185627_584607.png
2026-05-19 18:56:30 [INFO] send_file_enable 为假，跳过发送文件
2026-05-19 18:56:30 [DEBUG] 清理临时文件：学员明细备份_test_webhook2_20260519_185627_584607.png
2026-05-19 18:56:30 [INFO] 任务耗时：17.45s
2026-05-19 18:56:30 [INFO] ====================================================================================================
