2026-01-26 18:37:11 [INFO] 日志系统已初始化，日志文件：c:\Users\EDY\Desktop\BOT_TEST\logs\2026\01\2026-01-26.log
2026-01-26 18:37:11 [INFO] 成功加载 1 个任务
2026-01-26 18:37:11 [INFO] 进入调试模式...
2026-01-26 18:37:11 [INFO] ====================================================================================================
2026-01-26 18:37:11 [INFO] 启动任务：业绩自动播报T-1-202512.xlsx
2026-01-26 18:37:11 [INFO] ====================================================================================================
2026-01-26 18:37:21 [DEBUG] 成功打开文件：业绩自动播报T-1-202512.xlsx
2026-01-26 18:37:21 [INFO] 开始刷新数据...
2026-01-26 18:37:21 [DEBUG] 发现链接数据源的表格：工作表 [新签明细-实时] - 查询 [新签明细_实时] - 范围 [$A$1:$W$433]
2026-01-26 18:37:21 [DEBUG] 发现链接数据源的表格：工作表 [续费明细-实时] - 查询 [续费明细_实时] - 范围 [$A$1:$V$3462]
2026-01-26 18:37:21 [DEBUG] 发现链接数据源的表格：工作表 [新签明细-限制T-1] - 查询 [新签明细_限制T_1] - 范围 [$A$1:$AD$1764]
2026-01-26 18:37:21 [DEBUG] 发现链接数据源的表格：工作表 [续费明细-限制T-1] - 查询 [续费明细_限制T_1] - 范围 [$A$1:$AF$3440]
2026-01-26 18:37:21 [DEBUG] 发现链接数据源的表格：工作表 [组渠道顺次] - 查询 [组渠道顺次_T_1] - 范围 [$A$1:$N$112]
2026-01-26 18:37:21 [INFO] 共发现 5 个链接了数据源的表格
2026-01-26 18:37:21 [INFO]   - 工作表 [新签明细-实时] - 查询 [新签明细_实时] - 范围 [$A$1:$W$433]
2026-01-26 18:37:21 [INFO]   - 工作表 [续费明细-实时] - 查询 [续费明细_实时] - 范围 [$A$1:$V$3462]
2026-01-26 18:37:21 [INFO]   - 工作表 [新签明细-限制T-1] - 查询 [新签明细_限制T_1] - 范围 [$A$1:$AD$1764]
2026-01-26 18:37:21 [INFO]   - 工作表 [续费明细-限制T-1] - 查询 [续费明细_限制T_1] - 范围 [$A$1:$AF$3440]
2026-01-26 18:37:21 [INFO]   - 工作表 [组渠道顺次] - 查询 [组渠道顺次_T_1] - 范围 [$A$1:$N$112]
2026-01-26 18:37:21 [INFO] 检查数据连接属性：
2026-01-26 18:37:21 [INFO]   工作表 [新签明细-实时] - 查询 [新签明细_实时]:
2026-01-26 18:37:21 [INFO]     - 全部刷新时刷新此连接: ✗ 未设置
2026-01-26 18:37:21 [INFO]   工作表 [续费明细-实时] - 查询 [续费明细_实时]:
2026-01-26 18:37:21 [INFO]     - 全部刷新时刷新此连接: ✗ 未设置
2026-01-26 18:37:21 [INFO]   工作表 [新签明细-限制T-1] - 查询 [新签明细_限制T_1]:
2026-01-26 18:37:21 [INFO]     - 全部刷新时刷新此连接: ✗ 未设置
2026-01-26 18:37:21 [INFO]   工作表 [续费明细-限制T-1] - 查询 [续费明细_限制T_1]:
2026-01-26 18:37:21 [INFO]     - 全部刷新时刷新此连接: ✗ 未设置
2026-01-26 18:37:21 [INFO]   工作表 [组渠道顺次] - 查询 [组渠道顺次_T_1]:
2026-01-26 18:37:21 [INFO]     - 全部刷新时刷新此连接: ✓ 已设置
2026-01-26 18:37:21 [INFO]     - 数据源表格范围: $A$1:$N$112
2026-01-26 18:37:21 [INFO] 在 1 个工作表中设置左上角单元格值为1
2026-01-26 18:37:21 [INFO]   工作表 [组渠道顺次] - 已将 $A$1 单元格值设置为 1
2026-01-26 18:37:31 [INFO] 执行全部刷新...
2026-01-26 18:38:43 [INFO] 工作表 [组渠道顺次] - 查询 [组渠道顺次_T_1] 的 $A$1 单元格值已更新，刷新成功
2026-01-26 18:38:43 [INFO] 所有表格刷新成功！
2026-01-26 18:38:43 [DEBUG] 重新应用筛选：新签明细-实时
2026-01-26 18:38:43 [DEBUG] 重新应用筛选：新签明细-限制T-1
2026-01-26 18:38:45 [DEBUG] 重新应用筛选：续费明细-限制T-1
2026-01-26 18:38:45 [DEBUG] 重新应用筛选：Sheet2
2026-01-26 18:38:46 [DEBUG] 截图区域地址: $A$1:$AM$40
2026-01-26 18:38:47 [DEBUG] 生成截图：业绩自动播报T-1-202512_test_20260126_183846_238323.png
2026-01-26 18:38:49 [DEBUG] 已将所有工作表缩放比例恢复为100%
2026-01-26 18:38:56 [DEBUG] Excel 进程已释放
2026-01-26 18:38:57 [INFO] 发送成功：截图 业绩自动播报T-1-202512_test_20260126_183846_238323.png
2026-01-26 18:38:57 [DEBUG] 清理临时文件：业绩自动播报T-1-202512_test_20260126_183846_238323.png
2026-01-26 18:38:57 [INFO] 任务耗时：106.53s
2026-01-26 18:38:57 [INFO] ====================================================================================================
