2026-06-03 13:32:46 [INFO] [任务-] 日志系统已初始化，日志文件：C:\Users\EDY\Desktop\BOT_TEST\logs\2026\06\2026-06-03.log
2026-06-03 13:32:46 [INFO] [任务-] 成功导入 pyautogui
2026-06-03 13:32:46 [INFO] [任务-] 成功加载 1 个任务
2026-06-03 13:32:46 [INFO] [任务-] 进入调试模式...
2026-06-03 13:32:46 [INFO] [任务-] 当前任务配置：
2026-06-03 13:32:46 [INFO] [任务-]   [0] 学员明细备份.xlsx
2026-06-03 13:32:46 [INFO] [任务-]     - [0] webhook: 833b098e-d..., times: ['08:35', '10:35', '12:35', '14:35', '16:35', '18:35', '20:35', '22:00']
2026-06-03 13:32:46 [INFO] [任务-]     - [1] webhook: ee57f939-0..., times: ['08:40', '10:40', '12:40', '14:40', '16:40', '18:40', '20:40', '22:05']
2026-06-03 13:32:46 [INFO] [任务-] 执行任务 0 的 webhook 1: ee57f939-0...
2026-06-03 13:32:46 [INFO] [任务0] ====================================================================================================
2026-06-03 13:32:46 [INFO] [任务0] 启动任务：学员明细备份.xlsx
2026-06-03 13:32:46 [INFO] [任务0] Webhook：ee57f939...
2026-06-03 13:32:46 [INFO] [任务0] ====================================================================================================
2026-06-03 13:32:46 [INFO] [任务-] 成功获取文件锁：C:\Users\EDY\OneDrive - PPLINGO PTE LTD\自动播报文件\学员明细备份.xlsx.lock
2026-06-03 13:32:48 [INFO] [任务0] 开始刷新数据...
2026-06-03 13:32:48 [INFO] [任务0] 共发现 1 个链接了数据源的表格
2026-06-03 13:32:48 [INFO] [任务0]   - 工作表 [昨日课量备份] - 查询 [昨日课量备份] - 范围 [$A$1:$B$59147]
2026-06-03 13:32:48 [INFO] [任务0] 检查数据连接属性：
2026-06-03 13:32:48 [INFO] [任务0]   工作表 [昨日课量备份] - 查询 [昨日课量备份]:
2026-06-03 13:32:48 [INFO] [任务0]     - 全部刷新时刷新此连接: ✗ 未设置
2026-06-03 13:32:58 [INFO] [任务0] 执行全部刷新...
2026-06-03 13:33:00 [INFO] [任务0] 没有需要验证的表格，刷新完成
2026-06-03 13:33:00 [INFO] [任务0] 启动弹窗守护线程，超时时间：90秒
2026-06-03 13:33:01 [INFO] [任务0-1] 处理Webhook：ee57f939...
2026-06-03 13:33:01 [INFO] [任务0-1] 开始截图，共 1 个区域
2026-06-03 13:33:01 [INFO] [任务0-1] 弹窗守护线程结束
2026-06-03 13:33:03 [INFO] [任务0-1] 截图成功：[test_webhook2] 工作表[昨日课量备份] 区域[E1]
2026-06-03 13:33:04 [INFO] [任务-] 成功释放文件锁：C:\Users\EDY\OneDrive - PPLINGO PTE LTD\自动播报文件\学员明细备份.xlsx.lock
2026-06-03 13:33:04 [INFO] [任务0-1] _deliver_results 被调用
2026-06-03 13:33:04 [INFO] [任务0-1]   webhook: ee57f939...
2026-06-03 13:33:04 [INFO] [任务0-1]   screenshots数量: 1
2026-06-03 13:33:04 [INFO] [任务0-1]   send_file_enable: 0
2026-06-03 13:33:05 [INFO] [任务0-1] 发送成功：截图 学员明细备份_test_webhook2_20260603_133301_358698.png
2026-06-03 13:33:05 [INFO] [任务0-1] send_file_enable 为假，跳过发送文件
2026-06-03 13:33:05 [INFO] [任务0] 任务耗时：19.03s
2026-06-03 13:33:05 [INFO] [任务0] ====================================================================================================
2026-06-03 13:37:57 [INFO] [任务-] 日志系统已初始化，日志文件：C:\Users\EDY\Desktop\BOT_TEST\logs\2026\06\2026-06-03.log
2026-06-03 13:37:57 [INFO] [任务-] 成功导入 pyautogui
2026-06-03 13:37:57 [INFO] [任务-] 成功加载 1 个任务
2026-06-03 13:37:57 [INFO] [任务-] 进入调试模式...
2026-06-03 13:37:57 [INFO] [任务-] 当前任务配置：
2026-06-03 13:37:57 [INFO] [任务-]   [0] 学员明细备份.xlsx
2026-06-03 13:37:57 [INFO] [任务-]     - [0] webhook: 833b098e-d..., times: ['08:35', '10:35', '12:35', '14:35', '16:35', '18:35', '20:35', '22:00']
2026-06-03 13:37:57 [INFO] [任务-]     - [1] webhook: ee57f939-0..., times: ['08:40', '10:40', '12:40', '14:40', '16:40', '18:40', '20:40', '22:05']
2026-06-03 13:37:57 [INFO] [任务-] 执行任务 0 的 webhook 1: ee57f939-0...
2026-06-03 13:37:57 [INFO] [任务0] ====================================================================================================
2026-06-03 13:37:57 [INFO] [任务0] 启动任务：学员明细备份.xlsx
2026-06-03 13:37:57 [INFO] [任务0] Webhook：ee57f939...
2026-06-03 13:37:57 [INFO] [任务0] ====================================================================================================
2026-06-03 13:37:57 [INFO] [任务-] 成功获取文件锁：C:\Users\EDY\OneDrive - PPLINGO PTE LTD\自动播报文件\学员明细备份.xlsx.lock
2026-06-03 13:37:57 [DEBUG] [任务0] 成功创建 Excel 实例
2026-06-03 13:37:57 [DEBUG] [任务0] 成功设置 Excel 可见性: True
2026-06-03 13:37:57 [DEBUG] [任务0] 成功设置 DisplayAlerts = False
2026-06-03 13:37:59 [DEBUG] [任务0] 成功打开文件：学员明细备份.xlsx
2026-06-03 13:37:59 [INFO] [任务0] 开始刷新数据...
2026-06-03 13:37:59 [DEBUG] [任务0] 发现链接数据源的表格：工作表 [昨日课量备份] - 查询 [昨日课量备份] - 范围 [$A$1:$B$59147]
2026-06-03 13:37:59 [INFO] [任务0] 共发现 1 个链接了数据源的表格
2026-06-03 13:37:59 [INFO] [任务0]   - 工作表 [昨日课量备份] - 查询 [昨日课量备份] - 范围 [$A$1:$B$59147]
2026-06-03 13:37:59 [INFO] [任务0] 检查数据连接属性：
2026-06-03 13:37:59 [INFO] [任务0]   工作表 [昨日课量备份] - 查询 [昨日课量备份]:
2026-06-03 13:37:59 [INFO] [任务0]     - 全部刷新时刷新此连接: ✗ 未设置
2026-06-03 13:38:09 [INFO] [任务0] 执行全部刷新...
2026-06-03 13:38:11 [INFO] [任务0] 没有需要验证的表格，刷新完成
2026-06-03 13:38:11 [INFO] [任务0] 启动弹窗守护线程，超时时间：90秒
2026-06-03 13:38:11 [DEBUG] [任务0] 重新应用筛选：昨日课量备份
2026-06-03 13:38:11 [INFO] [任务0-1] 处理Webhook：ee57f939...
2026-06-03 13:38:11 [INFO] [任务0-1] 开始截图，共 1 个区域
2026-06-03 13:38:11 [DEBUG] [任务0-1] 未检测到按钮 view_all_content.png ：
2026-06-03 13:38:12 [INFO] [任务0-1] 弹窗守护线程结束
2026-06-03 13:38:12 [DEBUG] [任务0-1] 截图区域地址: $E$1
2026-06-03 13:38:13 [INFO] [任务0-1] 截图成功：[test_webhook2] 工作表[昨日课量备份] 区域[E1]
2026-06-03 13:38:13 [DEBUG] [任务0-1] 已将所有工作表缩放比例恢复为100%
2026-06-03 13:38:15 [INFO] [任务-] 成功释放文件锁：C:\Users\EDY\OneDrive - PPLINGO PTE LTD\自动播报文件\学员明细备份.xlsx.lock
2026-06-03 13:38:15 [DEBUG] [任务0-1] Excel 进程已释放
2026-06-03 13:38:15 [INFO] [任务0-1] _deliver_results 被调用
2026-06-03 13:38:15 [INFO] [任务0-1]   webhook: ee57f939...
2026-06-03 13:38:15 [INFO] [任务0-1]   screenshots数量: 1
2026-06-03 13:38:15 [INFO] [任务0-1]   send_file_enable: 0
2026-06-03 13:38:15 [INFO] [任务0-1] 发送成功：截图 学员明细备份_test_webhook2_20260603_133812_150871.png
2026-06-03 13:38:15 [INFO] [任务0-1] send_file_enable 为假，跳过发送文件
2026-06-03 13:38:15 [DEBUG] [任务0-1] 清理临时文件：学员明细备份_test_webhook2_20260603_133812_150871.png
2026-06-03 13:38:15 [INFO] [任务0] 任务耗时：18.46s
2026-06-03 13:38:15 [INFO] [任务0] ====================================================================================================
2026-06-03 13:38:53 [INFO] [任务-] 日志系统已初始化，日志文件：C:\Users\EDY\Desktop\BOT_TEST\logs\2026\06\2026-06-03.log
2026-06-03 13:38:53 [INFO] [任务-] 成功导入 pyautogui
2026-06-03 13:38:53 [INFO] [任务-] 成功加载 1 个任务
2026-06-03 13:38:53 [INFO] [任务-] 进入调试模式...
2026-06-03 13:38:53 [INFO] [任务-] 当前任务配置：
2026-06-03 13:38:53 [INFO] [任务-]   [0] 学员明细备份.xlsx
2026-06-03 13:38:53 [INFO] [任务-]     - [0] webhook: 833b098e-d..., times: ['08:35', '10:35', '12:35', '14:35', '16:35', '18:35', '20:35', '22:00']
2026-06-03 13:38:53 [INFO] [任务-]     - [1] webhook: ee57f939-0..., times: ['08:40', '10:40', '12:40', '14:40', '16:40', '18:40', '20:40', '22:05']
2026-06-03 13:38:53 [ERROR] [任务-] 系统异常：list index out of range
Traceback (most recent call last):
  File "C:\Users\EDY\Desktop\BOT_TEST\excel.py", line 1249, in main
    scheduler.run_now(task_specs)
  File "C:\Users\EDY\Desktop\BOT_TEST\excel.py", line 1181, in run_now
    task = self.tasks[task_id]
IndexError: list index out of range
2026-06-03 13:39:21 [INFO] [任务-] 日志系统已初始化，日志文件：C:\Users\EDY\Desktop\BOT_TEST\logs\2026\06\2026-06-03.log
2026-06-03 13:39:21 [INFO] [任务-] 成功导入 pyautogui
2026-06-03 13:39:21 [INFO] [任务-] 成功加载 2 个任务
2026-06-03 13:39:21 [INFO] [任务-] 进入调试模式...
2026-06-03 13:39:21 [INFO] [任务-] 当前任务配置：
2026-06-03 13:39:21 [INFO] [任务-]   [0] 学员明细备份.xlsx
2026-06-03 13:39:21 [INFO] [任务-]     - [0] webhook: 833b098e-d..., times: ['08:35', '10:35', '12:35', '14:35', '16:35', '18:35', '20:35', '22:00']
2026-06-03 13:39:21 [INFO] [任务-]     - [1] webhook: ee57f939-0..., times: ['08:40', '10:40', '12:40', '14:40', '16:40', '18:40', '20:40', '22:05']
2026-06-03 13:39:21 [INFO] [任务-]   [1] 线索-工作簿2026-当月往期+顺次1.xlsx
2026-06-03 13:39:21 [INFO] [任务-]     - [0] webhook: 833b098e-d..., times: ['08:35', '10:35', '12:35', '14:35', '16:35', '18:35', '20:35', '22:00']
2026-06-03 13:39:21 [INFO] [任务-] 执行任务 1: 线索-工作簿2026-当月往期+顺次1.xlsx
2026-06-03 13:39:21 [INFO] [任务1] ====================================================================================================
2026-06-03 13:39:21 [INFO] [任务1] 启动任务：线索-工作簿2026-当月往期+顺次1.xlsx
2026-06-03 13:39:21 [INFO] [任务1] ====================================================================================================
2026-06-03 13:39:21 [INFO] [任务-] 成功获取文件锁：C:\Users\EDY\OneDrive - PPLINGO PTE LTD\CN-CC Management Team-08-中文业绩数据（内部） - 文档\数据看板\线索-工作簿2026-当月往期+顺次1.xlsx.lock
2026-06-03 13:39:22 [DEBUG] [任务1] 成功创建 Excel 实例
2026-06-03 13:39:22 [DEBUG] [任务1] 成功设置 Excel 可见性: True
2026-06-03 13:39:22 [DEBUG] [任务1] 成功设置 DisplayAlerts = False
2026-06-03 13:39:28 [INFO] [任务1] 任务耗时：6.43s
2026-06-03 13:39:28 [INFO] [任务1] ====================================================================================================
2026-06-03 13:39:54 [INFO] [任务-] 日志系统已初始化，日志文件：C:\Users\EDY\Desktop\BOT_TEST\logs\2026\06\2026-06-03.log
2026-06-03 13:39:54 [INFO] [任务-] 成功导入 pyautogui
2026-06-03 13:39:54 [INFO] [任务-] 成功加载 2 个任务
2026-06-03 13:39:54 [INFO] [任务-] 进入调试模式...
2026-06-03 13:39:54 [INFO] [任务-] 当前任务配置：
2026-06-03 13:39:54 [INFO] [任务-]   [0] 学员明细备份.xlsx
2026-06-03 13:39:54 [INFO] [任务-]     - [0] webhook: 833b098e-d..., times: ['08:35', '10:35', '12:35', '14:35', '16:35', '18:35', '20:35', '22:00']
2026-06-03 13:39:54 [INFO] [任务-]     - [1] webhook: ee57f939-0..., times: ['08:40', '10:40', '12:40', '14:40', '16:40', '18:40', '20:40', '22:05']
2026-06-03 13:39:54 [INFO] [任务-]   [1] 线索-工作簿2026-当月往期+顺次1.xlsx
2026-06-03 13:39:54 [INFO] [任务-]     - [0] webhook: 833b098e-d..., times: ['08:35', '10:35', '12:35', '14:35', '16:35', '18:35', '20:35', '22:00']
2026-06-03 13:39:54 [INFO] [任务-] 执行任务 1: 线索-工作簿2026-当月往期+顺次1.xlsx
2026-06-03 13:39:54 [INFO] [任务1] ====================================================================================================
2026-06-03 13:39:54 [INFO] [任务1] 启动任务：线索-工作簿2026-当月往期+顺次1.xlsx
2026-06-03 13:39:54 [INFO] [任务1] ====================================================================================================
2026-06-03 13:39:54 [INFO] [任务-] 成功获取文件锁：C:\Users\EDY\OneDrive - PPLINGO PTE LTD\CN-CC Management Team-08-中文业绩数据（内部） - 文档\数据看板\线索-工作簿2026-当月往期+顺次1.xlsx.lock
2026-06-03 13:39:54 [DEBUG] [任务1] 成功创建 Excel 实例
2026-06-03 13:39:54 [DEBUG] [任务1] 成功设置 Excel 可见性: True
2026-06-03 13:39:54 [DEBUG] [任务1] 成功设置 DisplayAlerts = False
2026-06-03 13:39:55 [INFO] [任务-] 成功释放文件锁：C:\Users\EDY\OneDrive - PPLINGO PTE LTD\CN-CC Management Team-08-中文业绩数据（内部） - 文档\数据看板\线索-工作簿2026-当月往期+顺次1.xlsx.lock
2026-06-03 13:39:55 [DEBUG] [任务1] Excel 进程已释放
2026-06-03 13:39:55 [ERROR] [任务1] [任务1]任务异常：Excel 启动失败：(-2147352567, '发生意外。', (0, 'Microsoft Excel', 'Microsoft Excel 不能访问文件“C:\\Users\\EDY\\OneDrive - PPLINGO PTE LTD\\CN-CC Management Team-08-中文业绩数据（内部） - 文档\\数据看板\\线索-工作簿2026-当月往期+顺次1.xlsx”。 可能的原因有以下几个:\n\n• 文件名称或路径不存在。\n• 文件正被其他程序使用。\n• 您正要保存的工作簿与当前打开的工作簿同名。', 'xlmain11.chm', 0, -2146827284), None)
Traceback (most recent call last):
  File "C:\Users\EDY\Desktop\BOT_TEST\excel.py", line 220, in __enter__
    self.workbook = self.excel.Workbooks.Open(self.file_path)
  File "<COMObject <unknown>>", line 5, in Open
pywintypes.com_error: (-2147352567, '发生意外。', (0, 'Microsoft Excel', 'Microsoft Excel 不能访问文件“C:\\Users\\EDY\\OneDrive - PPLINGO PTE LTD\\CN-CC Management Team-08-中文业绩数据（内部） - 文档\\数据看板\\线索-工作簿2026-当月往期+顺次1.xlsx”。 可能的原因有以下几个:\n\n• 文件名称或路径不存在。\n• 文件正被其他程序使用。\n• 您正要保存的工作簿与当前打开的工作簿同名。', 'xlmain11.chm', 0, -2146827284), None)

During handling of the above exception, another exception occurred:

Traceback (most recent call last):
  File "C:\Users\EDY\Desktop\BOT_TEST\excel.py", line 721, in execute
    with ExcelProcessor(
  File "C:\Users\EDY\Desktop\BOT_TEST\excel.py", line 241, in __enter__
    raise RuntimeError(f"Excel 启动失败：{str(e)}")
RuntimeError: Excel 启动失败：(-2147352567, '发生意外。', (0, 'Microsoft Excel', 'Microsoft Excel 不能访问文件“C:\\Users\\EDY\\OneDrive - PPLINGO PTE LTD\\CN-CC Management Team-08-中文业绩数据（内部） - 文档\\数据看板\\线索-工作簿2026-当月往期+顺次1.xlsx”。 可能的原因有以下几个:\n\n• 文件名称或路径不存在。\n• 文件正被其他程序使用。\n• 您正要保存的工作簿与当前打开的工作簿同名。', 'xlmain11.chm', 0, -2146827284), None)
2026-06-03 13:39:55 [INFO] [任务1] 发送成功：任务启动失败通知
2026-06-03 13:39:55 [INFO] [任务1] 任务耗时：1.63s
2026-06-03 13:39:55 [INFO] [任务1] ====================================================================================================
2026-06-03 13:40:06 [INFO] [任务-] 日志系统已初始化，日志文件：C:\Users\EDY\Desktop\BOT_TEST\logs\2026\06\2026-06-03.log
2026-06-03 13:40:06 [INFO] [任务-] 成功导入 pyautogui
2026-06-03 13:40:06 [INFO] [任务-] 成功加载 2 个任务
2026-06-03 13:40:06 [INFO] [任务-] 进入调试模式...
2026-06-03 13:40:06 [INFO] [任务-] 当前任务配置：
2026-06-03 13:40:06 [INFO] [任务-]   [0] 学员明细备份.xlsx
2026-06-03 13:40:06 [INFO] [任务-]     - [0] webhook: 833b098e-d..., times: ['08:35', '10:35', '12:35', '14:35', '16:35', '18:35', '20:35', '22:00']
2026-06-03 13:40:06 [INFO] [任务-]     - [1] webhook: ee57f939-0..., times: ['08:40', '10:40', '12:40', '14:40', '16:40', '18:40', '20:40', '22:05']
2026-06-03 13:40:06 [INFO] [任务-]   [1] 线索-工作簿2026-当月往期+顺次1.xlsx
2026-06-03 13:40:06 [INFO] [任务-]     - [0] webhook: 833b098e-d..., times: ['08:35', '10:35', '12:35', '14:35', '16:35', '18:35', '20:35', '22:00']
2026-06-03 13:40:06 [INFO] [任务-] 执行任务 1: 线索-工作簿2026-当月往期+顺次1.xlsx
2026-06-03 13:40:06 [INFO] [任务1] ====================================================================================================
2026-06-03 13:40:06 [INFO] [任务1] 启动任务：线索-工作簿2026-当月往期+顺次1.xlsx
2026-06-03 13:40:06 [INFO] [任务1] ====================================================================================================
2026-06-03 13:40:06 [INFO] [任务-] 成功获取文件锁：C:\Users\EDY\OneDrive - PPLINGO PTE LTD\CN-CC Management Team-08-中文业绩数据（内部） - 文档\数据看板\线索-工作簿2026-当月往期+顺次1.xlsx.lock
2026-06-03 13:40:07 [DEBUG] [任务1] 成功创建 Excel 实例
2026-06-03 13:40:07 [DEBUG] [任务1] 成功设置 Excel 可见性: True
2026-06-03 13:40:07 [DEBUG] [任务1] 成功设置 DisplayAlerts = False
2026-06-03 13:40:14 [DEBUG] [任务1] 成功打开文件：线索-工作簿2026-当月往期+顺次1.xlsx
2026-06-03 13:40:14 [INFO] [任务1] 开始刷新数据...
2026-06-03 13:40:14 [DEBUG] [任务1] 工作表 [总览页面] 的表格 [表3] 未连接数据源
2026-06-03 13:40:14 [DEBUG] [任务1] 发现链接数据源的表格：工作表 [view_cnsale_first_sale_m1_detai] - 查询 [view_cnsale_first_sale_m1_details_key_57ce2n6vq7pcw0e8] - 范围 [$A$1:$CW$2352]
2026-06-03 13:40:14 [DEBUG] [任务1] 发现链接数据源的表格：工作表 [view_cnsale_sale_wq_detai_lastm] - 查询 [view_cnsale_sale_wq_detai_lastmonth1?key_57ce2n6vq7pcw0e8] - 范围 [$A$1:$CW$8401]
2026-06-03 13:40:14 [INFO] [任务1] 共发现 2 个链接了数据源的表格
2026-06-03 13:40:14 [INFO] [任务1]   - 工作表 [view_cnsale_first_sale_m1_detai] - 查询 [view_cnsale_first_sale_m1_details_key_57ce2n6vq7pcw0e8] - 范围 [$A$1:$CW$2352]
2026-06-03 13:40:14 [INFO] [任务1]   - 工作表 [view_cnsale_sale_wq_detai_lastm] - 查询 [view_cnsale_sale_wq_detai_lastmonth1?key_57ce2n6vq7pcw0e8] - 范围 [$A$1:$CW$8401]
2026-06-03 13:40:14 [INFO] [任务1] 检查数据连接属性：
2026-06-03 13:40:14 [INFO] [任务1]   工作表 [view_cnsale_first_sale_m1_detai] - 查询 [view_cnsale_first_sale_m1_details_key_57ce2n6vq7pcw0e8]:
2026-06-03 13:40:14 [INFO] [任务1]     - 全部刷新时刷新此连接: ✗ 未设置
2026-06-03 13:40:14 [INFO] [任务1]   工作表 [view_cnsale_sale_wq_detai_lastm] - 查询 [view_cnsale_sale_wq_detai_lastmonth1?key_57ce2n6vq7pcw0e8]:
2026-06-03 13:40:14 [INFO] [任务1]     - 全部刷新时刷新此连接: ✗ 未设置
2026-06-03 13:40:24 [INFO] [任务1] 执行全部刷新...
2026-06-03 13:40:26 [INFO] [任务1] 没有需要验证的表格，刷新完成
2026-06-03 13:40:26 [INFO] [任务1] 启动弹窗守护线程，超时时间：90秒
2026-06-03 13:40:26 [DEBUG] [任务1] 未检测到按钮 view_all_content.png ：
2026-06-03 13:40:26 [DEBUG] [任务1] 重新应用筛选：view_cnsale_first_sale_m1_detai
2026-06-03 13:40:26 [DEBUG] [任务1] 重新应用筛选：view_cnsale_sale_wq_detai_lastm
2026-06-03 13:40:27 [DEBUG] [任务1] 未检测到按钮 view_all_content.png ：
2026-06-03 13:40:27 [INFO] [任务1-0] 处理Webhook：833b098e...
2026-06-03 13:40:27 [INFO] [任务1-0] 开始截图，共 1 个区域
2026-06-03 13:40:27 [DEBUG] [任务1-0] 截图区域地址: $AD$1:$AS$9
2026-06-03 13:40:27 [INFO] [任务1-0] 弹窗守护线程结束
2026-06-03 13:40:28 [INFO] [任务1-0] 截图成功：[总览页面] 工作表[总览页面] 区域[AE1]
2026-06-03 13:40:29 [DEBUG] [任务1-0] 已将所有工作表缩放比例恢复为100%
2026-06-03 13:40:33 [INFO] [任务-] 成功释放文件锁：C:\Users\EDY\OneDrive - PPLINGO PTE LTD\CN-CC Management Team-08-中文业绩数据（内部） - 文档\数据看板\线索-工作簿2026-当月往期+顺次1.xlsx.lock
2026-06-03 13:40:33 [DEBUG] [任务1-0] Excel 进程已释放
2026-06-03 13:40:33 [INFO] [任务1-0] _deliver_results 被调用
2026-06-03 13:40:33 [INFO] [任务1-0]   webhook: 833b098e...
2026-06-03 13:40:33 [INFO] [任务1-0]   screenshots数量: 1
2026-06-03 13:40:33 [INFO] [任务1-0]   send_file_enable: 1
2026-06-03 13:40:34 [INFO] [任务1-0] 发送成功：截图 线索-工作簿2026-当月往期+顺次1_总览页面_20260603_134027_255469.png
2026-06-03 13:40:34 [INFO] [任务1-0] send_file_enable 为真，准备发送文件
2026-06-03 13:40:34 [INFO] [任务1-0] 准备发送文件，file_path: C:/Users/EDY/OneDrive - PPLINGO PTE LTD/CN-CC Management Team-08-中文业绩数据（内部） - 文档/数据看板/线索-工作簿2026-当月往期+顺次1.xlsx
2026-06-03 13:40:34 [INFO] [任务1-0] send_file_enable 检查，webhook: 833b098e...
2026-06-03 13:40:34 [INFO] [任务1-0] 开始上传文件：线索-工作簿2026-当月往期+顺次1.xlsx
2026-06-03 13:40:34 [INFO] [任务1-0] 上传URL: https://qyapi.weixin.qq.com/cgi-bin/webhook/upload_media?key=833b098e-d8b8-43ea-bfdf-cade0d040fb6&type=file
2026-06-03 13:40:34 [INFO] [任务1-0] 正在上传文件：C:/Users/EDY/OneDrive - PPLINGO PTE LTD/CN-CC Management Team-08-中文业绩数据（内部） - 文档/数据看板/线索-工作簿2026-当月往期+顺次1.xlsx
2026-06-03 13:40:34 [INFO] [任务1-0] 上传文件名：线索-工作簿2026-当月往期+顺次1_2026-06-03_134034.xlsx
2026-06-03 13:40:36 [INFO] [任务1-0] 上传响应状态码: 200
2026-06-03 13:40:36 [INFO] [任务1-0] 上传响应内容: {"errcode":0,"errmsg":"ok","type":"file","media_id":"3-Wa-iCBjg9mUoNINkW-SRCuFHqYa1F5O6CDFWcTywMQJ4HEbxMzVk1RGVFVVFjavwoX4xNcvEogxeCM91m0kIg","created_at":"1780465234"}
2026-06-03 13:40:36 [INFO] [任务1-0] 上传结果: {'errcode': 0, 'errmsg': 'ok', 'type': 'file', 'media_id': '3-Wa-iCBjg9mUoNINkW-SRCuFHqYa1F5O6CDFWcTywMQJ4HEbxMzVk1RGVFVVFjavwoX4xNcvEogxeCM91m0kIg', 'created_at': '1780465234'}
2026-06-03 13:40:36 [INFO] [任务1-0] 文件上传成功，media_id: 3-Wa-iCBjg9mUoNINkW-SRCuFHqYa1F5O6CDFWcTywMQJ4HEbxMzVk1RGVFVVFjavwoX4xNcvEogxeCM91m0kIg
2026-06-03 13:40:37 [INFO] [任务1-0] 发送成功：文件 线索-工作簿2026-当月往期+顺次1.xlsx
2026-06-03 13:40:37 [DEBUG] [任务1-0] 清理临时文件：线索-工作簿2026-当月往期+顺次1_总览页面_20260603_134027_255469.png
2026-06-03 13:40:37 [INFO] [任务1] 任务耗时：31.11s
2026-06-03 13:40:37 [INFO] [任务1] ====================================================================================================
2026-06-03 13:54:04 [INFO] [任务-] 日志系统已初始化，日志文件：C:\Users\EDY\Desktop\BOT_TEST\logs\2026\06\2026-06-03.log
2026-06-03 13:54:04 [INFO] [任务-] 成功导入 pyautogui
2026-06-03 13:54:04 [INFO] [任务-] 成功加载 2 个任务
2026-06-03 13:54:04 [INFO] [任务-] 进入调试模式...
2026-06-03 13:54:04 [INFO] [任务-] 当前任务配置：
2026-06-03 13:54:04 [INFO] [任务-]   [0] 学员明细备份.xlsx
2026-06-03 13:54:04 [INFO] [任务-]     - [0] webhook: 833b098e-d..., times: ['08:35', '10:35', '12:35', '14:35', '16:35', '18:35', '20:35', '22:00']
2026-06-03 13:54:04 [INFO] [任务-]     - [1] webhook: ee57f939-0..., times: ['08:40', '10:40', '12:40', '14:40', '16:40', '18:40', '20:40', '22:05']
2026-06-03 13:54:04 [INFO] [任务-]   [1] 线索-工作簿2026-当月往期+顺次1.xlsx
2026-06-03 13:54:04 [INFO] [任务-]     - [0] webhook: 833b098e-d..., times: ['08:35', '10:35', '12:35', '14:35', '16:35', '18:35', '20:35', '22:00']
2026-06-03 13:54:04 [INFO] [任务-] 执行任务 1: 线索-工作簿2026-当月往期+顺次1.xlsx
2026-06-03 13:54:04 [INFO] [任务1] ====================================================================================================
2026-06-03 13:54:04 [INFO] [任务1] 启动任务：线索-工作簿2026-当月往期+顺次1.xlsx
2026-06-03 13:54:04 [INFO] [任务1] ====================================================================================================
2026-06-03 13:54:04 [INFO] [任务-] 成功获取文件锁：C:\Users\EDY\OneDrive - PPLINGO PTE LTD\CN-CC Management Team-08-中文业绩数据（内部） - 文档\数据看板\线索-工作簿2026-当月往期+顺次1.xlsx.lock
2026-06-03 13:54:05 [DEBUG] [任务1] 成功创建 Excel 实例
2026-06-03 13:54:05 [DEBUG] [任务1] 成功设置 Excel 可见性: True
2026-06-03 13:54:05 [DEBUG] [任务1] 成功设置 DisplayAlerts = False
2026-06-03 13:54:12 [DEBUG] [任务1] 成功打开文件：线索-工作簿2026-当月往期+顺次1.xlsx
2026-06-03 13:54:12 [INFO] [任务1] 开始刷新数据...
2026-06-03 13:54:12 [DEBUG] [任务1] 工作表 [总览页面] 的表格 [表3] 未连接数据源
2026-06-03 13:54:12 [DEBUG] [任务1] 发现链接数据源的表格：工作表 [view_cnsale_first_sale_m1_detai] - 查询 [view_cnsale_first_sale_m1_details_key_57ce2n6vq7pcw0e8] - 范围 [$A$1:$CW$2352]
2026-06-03 13:54:12 [DEBUG] [任务1] 发现链接数据源的表格：工作表 [view_cnsale_sale_wq_detai_lastm] - 查询 [view_cnsale_sale_wq_detai_lastmonth1?key_57ce2n6vq7pcw0e8] - 范围 [$A$1:$CW$8401]
2026-06-03 13:54:12 [INFO] [任务1] 共发现 2 个链接了数据源的表格
2026-06-03 13:54:12 [INFO] [任务1]   - 工作表 [view_cnsale_first_sale_m1_detai] - 查询 [view_cnsale_first_sale_m1_details_key_57ce2n6vq7pcw0e8] - 范围 [$A$1:$CW$2352]
2026-06-03 13:54:12 [INFO] [任务1]   - 工作表 [view_cnsale_sale_wq_detai_lastm] - 查询 [view_cnsale_sale_wq_detai_lastmonth1?key_57ce2n6vq7pcw0e8] - 范围 [$A$1:$CW$8401]
2026-06-03 13:54:12 [INFO] [任务1] 检查数据连接属性：
2026-06-03 13:54:12 [INFO] [任务1]   工作表 [view_cnsale_first_sale_m1_detai] - 查询 [view_cnsale_first_sale_m1_details_key_57ce2n6vq7pcw0e8]:
2026-06-03 13:54:12 [INFO] [任务1]     - 全部刷新时刷新此连接: ✗ 未设置
2026-06-03 13:54:12 [INFO] [任务1]   工作表 [view_cnsale_sale_wq_detai_lastm] - 查询 [view_cnsale_sale_wq_detai_lastmonth1?key_57ce2n6vq7pcw0e8]:
2026-06-03 13:54:12 [INFO] [任务1]     - 全部刷新时刷新此连接: ✗ 未设置
2026-06-03 13:54:22 [INFO] [任务1] 执行全部刷新...
2026-06-03 13:54:24 [INFO] [任务1] 没有需要验证的表格，刷新完成
2026-06-03 13:54:24 [INFO] [任务1] 启动弹窗守护线程，超时时间：90秒
2026-06-03 13:54:24 [DEBUG] [任务1] 未检测到按钮 view_all_content.png ：
2026-06-03 13:54:24 [DEBUG] [任务1] 重新应用筛选：view_cnsale_first_sale_m1_detai
2026-06-03 13:54:25 [DEBUG] [任务1] 重新应用筛选：view_cnsale_sale_wq_detai_lastm
2026-06-03 13:54:25 [DEBUG] [任务1] 未检测到按钮 view_all_content.png ：
2026-06-03 13:54:25 [INFO] [任务1-0] 处理Webhook：833b098e...
2026-06-03 13:54:25 [INFO] [任务1-0] 开始截图，共 1 个区域
2026-06-03 13:54:25 [DEBUG] [任务1-0] 截图区域地址: $AD$1:$AS$9
2026-06-03 13:54:25 [INFO] [任务1-0] 弹窗守护线程结束
2026-06-03 13:54:26 [INFO] [任务1-0] 截图成功：[总览页面] 工作表[总览页面] 区域[AE1]
2026-06-03 13:54:27 [DEBUG] [任务1-0] 已将所有工作表缩放比例恢复为100%
2026-06-03 13:54:31 [INFO] [任务-] 成功释放文件锁：C:\Users\EDY\OneDrive - PPLINGO PTE LTD\CN-CC Management Team-08-中文业绩数据（内部） - 文档\数据看板\线索-工作簿2026-当月往期+顺次1.xlsx.lock
2026-06-03 13:54:31 [DEBUG] [任务1-0] Excel 进程已释放
2026-06-03 13:54:31 [INFO] [任务1-0] _deliver_results 被调用
2026-06-03 13:54:31 [INFO] [任务1-0]   webhook: 833b098e...
2026-06-03 13:54:31 [INFO] [任务1-0]   screenshots数量: 1
2026-06-03 13:54:31 [INFO] [任务1-0]   send_file_enable: 0
2026-06-03 13:54:32 [INFO] [任务1-0] 发送成功：截图 线索-工作簿2026-当月往期+顺次1_总览页面_20260603_135425_468281.png
2026-06-03 13:54:32 [INFO] [任务1-0] send_file_enable 为假，跳过发送文件
2026-06-03 13:54:32 [DEBUG] [任务1-0] 清理临时文件：线索-工作簿2026-当月往期+顺次1_总览页面_20260603_135425_468281.png
2026-06-03 13:54:32 [INFO] [任务1] 任务耗时：27.55s
2026-06-03 13:54:32 [INFO] [任务1] ====================================================================================================
2026-06-03 13:54:58 [INFO] [任务-] 日志系统已初始化，日志文件：C:\Users\EDY\Desktop\BOT_TEST\logs\2026\06\2026-06-03.log
2026-06-03 13:54:58 [INFO] [任务-] 成功导入 pyautogui
2026-06-03 13:54:58 [INFO] [任务-] 成功加载 2 个任务
2026-06-03 13:54:58 [INFO] [任务-] 进入调试模式...
2026-06-03 13:54:58 [INFO] [任务-] 当前任务配置：
2026-06-03 13:54:58 [INFO] [任务-]   [0] 学员明细备份.xlsx
2026-06-03 13:54:58 [INFO] [任务-]     - [0] webhook: 833b098e-d..., times: ['08:35', '10:35', '12:35', '14:35', '16:35', '18:35', '20:35', '22:00']
2026-06-03 13:54:58 [INFO] [任务-]     - [1] webhook: ee57f939-0..., times: ['08:40', '10:40', '12:40', '14:40', '16:40', '18:40', '20:40', '22:05']
2026-06-03 13:54:58 [INFO] [任务-]   [1] 线索-工作簿2026-当月往期+顺次1.xlsx
2026-06-03 13:54:58 [INFO] [任务-]     - [0] webhook: 833b098e-d..., times: ['08:35', '10:35', '12:35', '14:35', '16:35', '18:35', '20:35', '22:00']
2026-06-03 13:54:58 [INFO] [任务-] 执行任务 1: 线索-工作簿2026-当月往期+顺次1.xlsx
2026-06-03 13:54:58 [INFO] [任务1] ====================================================================================================
2026-06-03 13:54:58 [INFO] [任务1] 启动任务：线索-工作簿2026-当月往期+顺次1.xlsx
2026-06-03 13:54:58 [INFO] [任务1] ====================================================================================================
2026-06-03 13:54:58 [INFO] [任务-] 成功获取文件锁：C:\Users\EDY\OneDrive - PPLINGO PTE LTD\CN-CC Management Team-08-中文业绩数据（内部） - 文档\数据看板\线索-工作簿2026-当月往期+顺次1.xlsx.lock
2026-06-03 13:54:58 [DEBUG] [任务1] 成功创建 Excel 实例
2026-06-03 13:54:58 [DEBUG] [任务1] 成功设置 Excel 可见性: True
2026-06-03 13:54:58 [DEBUG] [任务1] 成功设置 DisplayAlerts = False
2026-06-03 13:55:05 [DEBUG] [任务1] 成功打开文件：线索-工作簿2026-当月往期+顺次1.xlsx
2026-06-03 13:55:05 [INFO] [任务1] 开始刷新数据...
2026-06-03 13:55:05 [DEBUG] [任务1] 工作表 [总览页面] 的表格 [表3] 未连接数据源
2026-06-03 13:55:05 [DEBUG] [任务1] 发现链接数据源的表格：工作表 [view_cnsale_first_sale_m1_detai] - 查询 [view_cnsale_first_sale_m1_details_key_57ce2n6vq7pcw0e8] - 范围 [$A$1:$CW$2352]
2026-06-03 13:55:05 [DEBUG] [任务1] 发现链接数据源的表格：工作表 [view_cnsale_sale_wq_detai_lastm] - 查询 [view_cnsale_sale_wq_detai_lastmonth1?key_57ce2n6vq7pcw0e8] - 范围 [$A$1:$CW$8401]
2026-06-03 13:55:05 [INFO] [任务1] 共发现 2 个链接了数据源的表格
2026-06-03 13:55:05 [INFO] [任务1]   - 工作表 [view_cnsale_first_sale_m1_detai] - 查询 [view_cnsale_first_sale_m1_details_key_57ce2n6vq7pcw0e8] - 范围 [$A$1:$CW$2352]
2026-06-03 13:55:05 [INFO] [任务1]   - 工作表 [view_cnsale_sale_wq_detai_lastm] - 查询 [view_cnsale_sale_wq_detai_lastmonth1?key_57ce2n6vq7pcw0e8] - 范围 [$A$1:$CW$8401]
2026-06-03 13:55:05 [INFO] [任务1] 检查数据连接属性：
2026-06-03 13:55:05 [INFO] [任务1]   工作表 [view_cnsale_first_sale_m1_detai] - 查询 [view_cnsale_first_sale_m1_details_key_57ce2n6vq7pcw0e8]:
2026-06-03 13:55:05 [INFO] [任务1]     - 全部刷新时刷新此连接: ✗ 未设置
2026-06-03 13:55:05 [INFO] [任务1]   工作表 [view_cnsale_sale_wq_detai_lastm] - 查询 [view_cnsale_sale_wq_detai_lastmonth1?key_57ce2n6vq7pcw0e8]:
2026-06-03 13:55:05 [INFO] [任务1]     - 全部刷新时刷新此连接: ✗ 未设置
2026-06-03 13:55:15 [INFO] [任务1] 执行全部刷新...
2026-06-03 13:55:17 [INFO] [任务1] 没有需要验证的表格，刷新完成
2026-06-03 13:55:17 [INFO] [任务1] 启动弹窗守护线程，超时时间：90秒
2026-06-03 13:55:17 [DEBUG] [任务1] 未检测到按钮 view_all_content.png ：
2026-06-03 13:55:17 [DEBUG] [任务1] 重新应用筛选：view_cnsale_first_sale_m1_detai
2026-06-03 13:55:18 [DEBUG] [任务1] 重新应用筛选：view_cnsale_sale_wq_detai_lastm
2026-06-03 13:55:18 [DEBUG] [任务1] 未检测到按钮 view_all_content.png ：
2026-06-03 13:55:18 [INFO] [任务1-0] 处理Webhook：833b098e...
2026-06-03 13:55:18 [INFO] [任务1-0] 开始截图，共 1 个区域
2026-06-03 13:55:18 [DEBUG] [任务1-0] 截图区域地址: $AD$1:$AS$9
2026-06-03 13:55:18 [ERROR] [任务1-0] 截图异常：(-2147352567, '发生意外。', (0, 'Microsoft Excel', '类 Range 的 CopyPicture 方法无效', 'xlmain11.chm', 0, -2146827284), None)
Traceback (most recent call last):
  File "C:\Users\EDY\Desktop\BOT_TEST\excel.py", line 587, in _capture_range
    range_obj.CopyPicture(Format=1)
  File "<COMObject <unknown>>", line 2, in CopyPicture
  File "D:\Program\Miniconda\lib\site-packages\win32com\client\dynamic.py", line 356, in _ApplyTypes_
    result = self._oleobj_.InvokeTypes(
pywintypes.com_error: (-2147352567, '发生意外。', (0, 'Microsoft Excel', '类 Range 的 CopyPicture 方法无效', 'xlmain11.chm', 0, -2146827284), None)
2026-06-03 13:55:18 [WARNING] [任务1-0] 截图失败：[总览页面] 工作表[总览页面] 区域[AE1]
2026-06-03 13:55:18 [INFO] [任务1-0] 弹窗守护线程结束
2026-06-03 13:55:20 [WARNING] [任务1-0] 截图重试第 1/3 次，待重试区域 1 个
2026-06-03 13:55:20 [DEBUG] [任务1-0] 截图区域地址: $AD$1:$AS$9
2026-06-03 13:55:21 [INFO] [任务1-0] 截图成功：[总览页面] 工作表[总览页面] 区域[AE1]
2026-06-03 13:55:22 [DEBUG] [任务1-0] 已将所有工作表缩放比例恢复为100%
2026-06-03 13:55:24 [INFO] [任务-] 成功释放文件锁：C:\Users\EDY\OneDrive - PPLINGO PTE LTD\CN-CC Management Team-08-中文业绩数据（内部） - 文档\数据看板\线索-工作簿2026-当月往期+顺次1.xlsx.lock
2026-06-03 13:55:24 [DEBUG] [任务1-0] Excel 进程已释放
2026-06-03 13:55:24 [INFO] [任务1-0] _deliver_results 被调用
2026-06-03 13:55:24 [INFO] [任务1-0]   webhook: 833b098e...
2026-06-03 13:55:24 [INFO] [任务1-0]   screenshots数量: 1
2026-06-03 13:55:24 [INFO] [任务1-0]   send_file_enable: 0
2026-06-03 13:55:26 [INFO] [任务1-0] 发送成功：截图 线索-工作簿2026-当月往期+顺次1_总览页面_20260603_135520_407954.png
2026-06-03 13:55:26 [INFO] [任务1-0] send_file_enable 为假，跳过发送文件
2026-06-03 13:55:26 [DEBUG] [任务1-0] 清理临时文件：线索-工作簿2026-当月往期+顺次1_总览页面_20260603_135520_407954.png
2026-06-03 13:55:26 [INFO] [任务1] 任务耗时：28.03s
2026-06-03 13:55:26 [INFO] [任务1] ====================================================================================================
2026-06-03 13:58:38 [INFO] [任务-] 日志系统已初始化，日志文件：C:\Users\EDY\Desktop\BOT_TEST\logs\2026\06\2026-06-03.log
2026-06-03 13:58:38 [INFO] [任务-] 成功导入 pyautogui
2026-06-03 13:58:38 [INFO] [任务-] 成功加载 2 个任务
2026-06-03 13:58:38 [INFO] [任务-] 进入调试模式...
2026-06-03 13:58:38 [INFO] [任务-] 当前任务配置：
2026-06-03 13:58:38 [INFO] [任务-]   [0] 学员明细备份.xlsx
2026-06-03 13:58:38 [INFO] [任务-]     - [0] webhook: 833b098e-d..., times: ['08:35', '10:35', '12:35', '14:35', '16:35', '18:35', '20:35', '22:00']
2026-06-03 13:58:38 [INFO] [任务-]     - [1] webhook: ee57f939-0..., times: ['08:40', '10:40', '12:40', '14:40', '16:40', '18:40', '20:40', '22:05']
2026-06-03 13:58:38 [INFO] [任务-]   [1] 线索-工作簿2026-当月往期+顺次1.xlsx
2026-06-03 13:58:38 [INFO] [任务-]     - [0] webhook: 833b098e-d..., times: ['08:35', '10:35', '12:35', '14:35', '16:35', '18:35', '20:35', '22:00']
2026-06-03 13:58:38 [INFO] [任务-] 执行任务 1: 线索-工作簿2026-当月往期+顺次1.xlsx
2026-06-03 13:58:38 [INFO] [任务1] ====================================================================================================
2026-06-03 13:58:38 [INFO] [任务1] 启动任务：线索-工作簿2026-当月往期+顺次1.xlsx
2026-06-03 13:58:38 [INFO] [任务1] ====================================================================================================
2026-06-03 13:58:38 [INFO] [任务-] 成功获取文件锁：C:\Users\EDY\OneDrive - PPLINGO PTE LTD\CN-CC Management Team-08-中文业绩数据（内部） - 文档\数据看板\线索-工作簿2026-当月往期+顺次1.xlsx.lock
2026-06-03 13:58:39 [DEBUG] [任务1] 成功创建 Excel 实例
2026-06-03 13:58:39 [DEBUG] [任务1] 成功设置 Excel 可见性: True
2026-06-03 13:58:39 [DEBUG] [任务1] 成功设置 DisplayAlerts = False
2026-06-03 13:58:42 [WARNING] [任务1] 关闭工作簿异常：(-2147418111, '被呼叫方拒绝接收呼叫。', None, None)
2026-06-03 13:58:42 [WARNING] [任务1] 关闭 Excel 进程异常：(-2147418111, '被呼叫方拒绝接收呼叫。', None, None)
2026-06-03 13:58:42 [INFO] [任务-] 成功释放文件锁：C:\Users\EDY\OneDrive - PPLINGO PTE LTD\CN-CC Management Team-08-中文业绩数据（内部） - 文档\数据看板\线索-工作簿2026-当月往期+顺次1.xlsx.lock
2026-06-03 13:58:42 [DEBUG] [任务1] Excel 进程已释放
2026-06-03 13:58:42 [ERROR] [任务1] [任务1]任务异常：Excel 启动失败：(-2147418111, '被呼叫方拒绝接收呼叫。', None, None)
Traceback (most recent call last):
  File "C:\Users\EDY\Desktop\BOT_TEST\excel.py", line 224, in __enter__
    for sheet in self._iter_worksheets():
  File "C:\Users\EDY\Desktop\BOT_TEST\excel.py", line 249, in _iter_worksheets
    sheets = self.workbook.Worksheets
  File "D:\Program\Miniconda\lib\site-packages\win32com\client\dynamic.py", line 620, in __getattr__
    ret = self._oleobj_.Invoke(retEntry.dispid, 0, invoke_type, 1)
pywintypes.com_error: (-2147418111, '被呼叫方拒绝接收呼叫。', None, None)

During handling of the above exception, another exception occurred:

Traceback (most recent call last):
  File "C:\Users\EDY\Desktop\BOT_TEST\excel.py", line 721, in execute
    with ExcelProcessor(
  File "C:\Users\EDY\Desktop\BOT_TEST\excel.py", line 241, in __enter__
    raise RuntimeError(f"Excel 启动失败：{str(e)}")
RuntimeError: Excel 启动失败：(-2147418111, '被呼叫方拒绝接收呼叫。', None, None)
2026-06-03 13:58:42 [INFO] [任务1] 发送成功：任务启动失败通知
2026-06-03 13:58:42 [INFO] [任务1] 任务耗时：4.10s
2026-06-03 13:58:42 [INFO] [任务1] ====================================================================================================
2026-06-03 13:58:54 [INFO] [任务-] 日志系统已初始化，日志文件：C:\Users\EDY\Desktop\BOT_TEST\logs\2026\06\2026-06-03.log
2026-06-03 13:58:54 [INFO] [任务-] 成功导入 pyautogui
2026-06-03 13:58:54 [INFO] [任务-] 成功加载 2 个任务
2026-06-03 13:58:54 [INFO] [任务-] 进入调试模式...
2026-06-03 13:58:54 [INFO] [任务-] 当前任务配置：
2026-06-03 13:58:54 [INFO] [任务-]   [0] 学员明细备份.xlsx
2026-06-03 13:58:54 [INFO] [任务-]     - [0] webhook: 833b098e-d..., times: ['08:35', '10:35', '12:35', '14:35', '16:35', '18:35', '20:35', '22:00']
2026-06-03 13:58:54 [INFO] [任务-]     - [1] webhook: ee57f939-0..., times: ['08:40', '10:40', '12:40', '14:40', '16:40', '18:40', '20:40', '22:05']
2026-06-03 13:58:54 [INFO] [任务-]   [1] 线索-工作簿2026-当月往期+顺次1.xlsx
2026-06-03 13:58:54 [INFO] [任务-]     - [0] webhook: 833b098e-d..., times: ['08:35', '10:35', '12:35', '14:35', '16:35', '18:35', '20:35', '22:00']
2026-06-03 13:58:54 [INFO] [任务-] 执行任务 1: 线索-工作簿2026-当月往期+顺次1.xlsx
2026-06-03 13:58:54 [INFO] [任务1] ====================================================================================================
2026-06-03 13:58:54 [INFO] [任务1] 启动任务：线索-工作簿2026-当月往期+顺次1.xlsx
2026-06-03 13:58:54 [INFO] [任务1] ====================================================================================================
2026-06-03 13:58:54 [INFO] [任务-] 成功获取文件锁：C:\Users\EDY\OneDrive - PPLINGO PTE LTD\CN-CC Management Team-08-中文业绩数据（内部） - 文档\数据看板\线索-工作簿2026-当月往期+顺次1.xlsx.lock
2026-06-03 13:58:54 [DEBUG] [任务1] 成功创建 Excel 实例
2026-06-03 13:58:54 [DEBUG] [任务1] 成功设置 Excel 可见性: True
2026-06-03 13:58:54 [DEBUG] [任务1] 成功设置 DisplayAlerts = False
2026-06-03 13:58:58 [WARNING] [任务1] 关闭工作簿异常：(-2147418111, '被呼叫方拒绝接收呼叫。', None, None)
2026-06-03 13:58:58 [WARNING] [任务1] 关闭 Excel 进程异常：(-2147418111, '被呼叫方拒绝接收呼叫。', None, None)
2026-06-03 13:58:58 [INFO] [任务-] 成功释放文件锁：C:\Users\EDY\OneDrive - PPLINGO PTE LTD\CN-CC Management Team-08-中文业绩数据（内部） - 文档\数据看板\线索-工作簿2026-当月往期+顺次1.xlsx.lock
2026-06-03 13:58:58 [DEBUG] [任务1] Excel 进程已释放
2026-06-03 13:58:58 [ERROR] [任务1] [任务1]任务异常：Excel 启动失败：(-2147418111, '被呼叫方拒绝接收呼叫。', None, None)
Traceback (most recent call last):
  File "C:\Users\EDY\Desktop\BOT_TEST\excel.py", line 224, in __enter__
    for sheet in self._iter_worksheets():
  File "C:\Users\EDY\Desktop\BOT_TEST\excel.py", line 249, in _iter_worksheets
    sheets = self.workbook.Worksheets
  File "D:\Program\Miniconda\lib\site-packages\win32com\client\dynamic.py", line 620, in __getattr__
    ret = self._oleobj_.Invoke(retEntry.dispid, 0, invoke_type, 1)
pywintypes.com_error: (-2147418111, '被呼叫方拒绝接收呼叫。', None, None)

During handling of the above exception, another exception occurred:

Traceback (most recent call last):
  File "C:\Users\EDY\Desktop\BOT_TEST\excel.py", line 721, in execute
    with ExcelProcessor(
  File "C:\Users\EDY\Desktop\BOT_TEST\excel.py", line 241, in __enter__
    raise RuntimeError(f"Excel 启动失败：{str(e)}")
RuntimeError: Excel 启动失败：(-2147418111, '被呼叫方拒绝接收呼叫。', None, None)
2026-06-03 13:58:58 [INFO] [任务1] 发送成功：任务启动失败通知
2026-06-03 13:58:58 [INFO] [任务1] 任务耗时：4.67s
2026-06-03 13:58:58 [INFO] [任务1] ====================================================================================================
2026-06-03 13:59:08 [INFO] [任务-] 日志系统已初始化，日志文件：C:\Users\EDY\Desktop\BOT_TEST\logs\2026\06\2026-06-03.log
2026-06-03 13:59:08 [INFO] [任务-] 成功导入 pyautogui
2026-06-03 13:59:08 [INFO] [任务-] 成功加载 2 个任务
2026-06-03 13:59:08 [INFO] [任务-] 进入调试模式...
2026-06-03 13:59:08 [INFO] [任务-] 当前任务配置：
2026-06-03 13:59:08 [INFO] [任务-]   [0] 学员明细备份.xlsx
2026-06-03 13:59:08 [INFO] [任务-]     - [0] webhook: 833b098e-d..., times: ['08:35', '10:35', '12:35', '14:35', '16:35', '18:35', '20:35', '22:00']
2026-06-03 13:59:08 [INFO] [任务-]     - [1] webhook: ee57f939-0..., times: ['08:40', '10:40', '12:40', '14:40', '16:40', '18:40', '20:40', '22:05']
2026-06-03 13:59:08 [INFO] [任务-]   [1] 线索-工作簿2026-当月往期+顺次1.xlsx
2026-06-03 13:59:08 [INFO] [任务-]     - [0] webhook: 833b098e-d..., times: ['08:35', '10:35', '12:35', '14:35', '16:35', '18:35', '20:35', '22:00']
2026-06-03 13:59:08 [INFO] [任务-] 执行任务 1: 线索-工作簿2026-当月往期+顺次1.xlsx
2026-06-03 13:59:08 [INFO] [任务1] ====================================================================================================
2026-06-03 13:59:08 [INFO] [任务1] 启动任务：线索-工作簿2026-当月往期+顺次1.xlsx
2026-06-03 13:59:08 [INFO] [任务1] ====================================================================================================
2026-06-03 13:59:08 [INFO] [任务-] 成功获取文件锁：C:\Users\EDY\OneDrive - PPLINGO PTE LTD\CN-CC Management Team-08-中文业绩数据（内部） - 文档\数据看板\线索-工作簿2026-当月往期+顺次1.xlsx.lock
2026-06-03 13:59:08 [DEBUG] [任务1] 成功创建 Excel 实例
2026-06-03 13:59:08 [DEBUG] [任务1] 成功设置 Excel 可见性: True
2026-06-03 13:59:08 [DEBUG] [任务1] 成功设置 DisplayAlerts = False
2026-06-03 13:59:12 [WARNING] [任务1] 关闭工作簿异常：(-2147418111, '被呼叫方拒绝接收呼叫。', None, None)
2026-06-03 13:59:12 [WARNING] [任务1] 关闭 Excel 进程异常：(-2147418111, '被呼叫方拒绝接收呼叫。', None, None)
2026-06-03 13:59:12 [INFO] [任务-] 成功释放文件锁：C:\Users\EDY\OneDrive - PPLINGO PTE LTD\CN-CC Management Team-08-中文业绩数据（内部） - 文档\数据看板\线索-工作簿2026-当月往期+顺次1.xlsx.lock
2026-06-03 13:59:12 [DEBUG] [任务1] Excel 进程已释放
2026-06-03 13:59:12 [ERROR] [任务1] [任务1]任务异常：Excel 启动失败：(-2147418111, '被呼叫方拒绝接收呼叫。', None, None)
Traceback (most recent call last):
  File "C:\Users\EDY\Desktop\BOT_TEST\excel.py", line 224, in __enter__
    for sheet in self._iter_worksheets():
  File "C:\Users\EDY\Desktop\BOT_TEST\excel.py", line 249, in _iter_worksheets
    sheets = self.workbook.Worksheets
  File "D:\Program\Miniconda\lib\site-packages\win32com\client\dynamic.py", line 620, in __getattr__
    ret = self._oleobj_.Invoke(retEntry.dispid, 0, invoke_type, 1)
pywintypes.com_error: (-2147418111, '被呼叫方拒绝接收呼叫。', None, None)

During handling of the above exception, another exception occurred:

Traceback (most recent call last):
  File "C:\Users\EDY\Desktop\BOT_TEST\excel.py", line 721, in execute
    with ExcelProcessor(
  File "C:\Users\EDY\Desktop\BOT_TEST\excel.py", line 241, in __enter__
    raise RuntimeError(f"Excel 启动失败：{str(e)}")
RuntimeError: Excel 启动失败：(-2147418111, '被呼叫方拒绝接收呼叫。', None, None)
2026-06-03 13:59:12 [INFO] [任务1] 发送成功：任务启动失败通知
2026-06-03 13:59:12 [INFO] [任务1] 任务耗时：4.52s
2026-06-03 13:59:12 [INFO] [任务1] ====================================================================================================
2026-06-03 13:59:20 [INFO] [任务-] 日志系统已初始化，日志文件：C:\Users\EDY\Desktop\BOT_TEST\logs\2026\06\2026-06-03.log
2026-06-03 13:59:20 [INFO] [任务-] 成功导入 pyautogui
2026-06-03 13:59:20 [INFO] [任务-] 成功加载 2 个任务
2026-06-03 13:59:20 [INFO] [任务-] 进入调试模式...
2026-06-03 13:59:20 [INFO] [任务-] 当前任务配置：
2026-06-03 13:59:20 [INFO] [任务-]   [0] 学员明细备份.xlsx
2026-06-03 13:59:20 [INFO] [任务-]     - [0] webhook: 833b098e-d..., times: ['08:35', '10:35', '12:35', '14:35', '16:35', '18:35', '20:35', '22:00']
2026-06-03 13:59:20 [INFO] [任务-]     - [1] webhook: ee57f939-0..., times: ['08:40', '10:40', '12:40', '14:40', '16:40', '18:40', '20:40', '22:05']
2026-06-03 13:59:20 [INFO] [任务-]   [1] 线索-工作簿2026-当月往期+顺次1.xlsx
2026-06-03 13:59:20 [INFO] [任务-]     - [0] webhook: 833b098e-d..., times: ['08:35', '10:35', '12:35', '14:35', '16:35', '18:35', '20:35', '22:00']
2026-06-03 13:59:20 [INFO] [任务-] 执行任务 1: 线索-工作簿2026-当月往期+顺次1.xlsx
2026-06-03 13:59:20 [INFO] [任务1] ====================================================================================================
2026-06-03 13:59:20 [INFO] [任务1] 启动任务：线索-工作簿2026-当月往期+顺次1.xlsx
2026-06-03 13:59:20 [INFO] [任务1] ====================================================================================================
2026-06-03 13:59:20 [INFO] [任务-] 成功获取文件锁：C:\Users\EDY\OneDrive - PPLINGO PTE LTD\CN-CC Management Team-08-中文业绩数据（内部） - 文档\数据看板\线索-工作簿2026-当月往期+顺次1.xlsx.lock
2026-06-03 13:59:20 [DEBUG] [任务1] 成功创建 Excel 实例
2026-06-03 13:59:20 [DEBUG] [任务1] 成功设置 Excel 可见性: True
2026-06-03 13:59:21 [DEBUG] [任务1] 成功设置 DisplayAlerts = False
2026-06-03 13:59:24 [WARNING] [任务1] 关闭工作簿异常：(-2147418111, '被呼叫方拒绝接收呼叫。', None, None)
2026-06-03 13:59:24 [WARNING] [任务1] 关闭 Excel 进程异常：(-2147418111, '被呼叫方拒绝接收呼叫。', None, None)
2026-06-03 13:59:24 [INFO] [任务-] 成功释放文件锁：C:\Users\EDY\OneDrive - PPLINGO PTE LTD\CN-CC Management Team-08-中文业绩数据（内部） - 文档\数据看板\线索-工作簿2026-当月往期+顺次1.xlsx.lock
2026-06-03 13:59:24 [DEBUG] [任务1] Excel 进程已释放
2026-06-03 13:59:24 [ERROR] [任务1] [任务1]任务异常：Excel 启动失败：(-2147418111, '被呼叫方拒绝接收呼叫。', None, None)
Traceback (most recent call last):
  File "C:\Users\EDY\Desktop\BOT_TEST\excel.py", line 224, in __enter__
    for sheet in self._iter_worksheets():
  File "C:\Users\EDY\Desktop\BOT_TEST\excel.py", line 249, in _iter_worksheets
    sheets = self.workbook.Worksheets
  File "D:\Program\Miniconda\lib\site-packages\win32com\client\dynamic.py", line 620, in __getattr__
    ret = self._oleobj_.Invoke(retEntry.dispid, 0, invoke_type, 1)
pywintypes.com_error: (-2147418111, '被呼叫方拒绝接收呼叫。', None, None)

During handling of the above exception, another exception occurred:

Traceback (most recent call last):
  File "C:\Users\EDY\Desktop\BOT_TEST\excel.py", line 721, in execute
    with ExcelProcessor(
  File "C:\Users\EDY\Desktop\BOT_TEST\excel.py", line 241, in __enter__
    raise RuntimeError(f"Excel 启动失败：{str(e)}")
RuntimeError: Excel 启动失败：(-2147418111, '被呼叫方拒绝接收呼叫。', None, None)
2026-06-03 13:59:24 [INFO] [任务1] 发送成功：任务启动失败通知
2026-06-03 13:59:24 [INFO] [任务1] 任务耗时：4.15s
2026-06-03 13:59:24 [INFO] [任务1] ====================================================================================================
2026-06-03 13:59:32 [INFO] [任务-] 日志系统已初始化，日志文件：C:\Users\EDY\Desktop\BOT_TEST\logs\2026\06\2026-06-03.log
2026-06-03 13:59:32 [INFO] [任务-] 成功导入 pyautogui
2026-06-03 13:59:32 [INFO] [任务-] 成功加载 2 个任务
2026-06-03 13:59:32 [INFO] [任务-] 进入调试模式...
2026-06-03 13:59:32 [INFO] [任务-] 当前任务配置：
2026-06-03 13:59:32 [INFO] [任务-]   [0] 学员明细备份.xlsx
2026-06-03 13:59:32 [INFO] [任务-]     - [0] webhook: 833b098e-d..., times: ['08:35', '10:35', '12:35', '14:35', '16:35', '18:35', '20:35', '22:00']
2026-06-03 13:59:32 [INFO] [任务-]     - [1] webhook: ee57f939-0..., times: ['08:40', '10:40', '12:40', '14:40', '16:40', '18:40', '20:40', '22:05']
2026-06-03 13:59:32 [INFO] [任务-]   [1] 线索-工作簿2026-当月往期+顺次1.xlsx
2026-06-03 13:59:32 [INFO] [任务-]     - [0] webhook: 833b098e-d..., times: ['08:35', '10:35', '12:35', '14:35', '16:35', '18:35', '20:35', '22:00']
2026-06-03 13:59:32 [INFO] [任务-] 执行任务 1: 线索-工作簿2026-当月往期+顺次1.xlsx
2026-06-03 13:59:32 [INFO] [任务1] ====================================================================================================
2026-06-03 13:59:32 [INFO] [任务1] 启动任务：线索-工作簿2026-当月往期+顺次1.xlsx
2026-06-03 13:59:32 [INFO] [任务1] ====================================================================================================
2026-06-03 13:59:32 [INFO] [任务-] 成功获取文件锁：C:\Users\EDY\OneDrive - PPLINGO PTE LTD\CN-CC Management Team-08-中文业绩数据（内部） - 文档\数据看板\线索-工作簿2026-当月往期+顺次1.xlsx.lock
2026-06-03 13:59:32 [DEBUG] [任务1] 成功创建 Excel 实例
2026-06-03 13:59:33 [DEBUG] [任务1] 成功设置 Excel 可见性: True
2026-06-03 13:59:33 [DEBUG] [任务1] 成功设置 DisplayAlerts = False
2026-06-03 13:59:33 [INFO] [任务-] 成功释放文件锁：C:\Users\EDY\OneDrive - PPLINGO PTE LTD\CN-CC Management Team-08-中文业绩数据（内部） - 文档\数据看板\线索-工作簿2026-当月往期+顺次1.xlsx.lock
2026-06-03 13:59:33 [DEBUG] [任务1] Excel 进程已释放
2026-06-03 13:59:33 [ERROR] [任务1] [任务1]任务异常：Excel 启动失败：(-2147352567, '发生意外。', (0, 'Microsoft Excel', 'Microsoft Excel 不能访问文件“C:\\Users\\EDY\\OneDrive - PPLINGO PTE LTD\\CN-CC Management Team-08-中文业绩数据（内部） - 文档\\数据看板\\线索-工作簿2026-当月往期+顺次1.xlsx”。 可能的原因有以下几个:\n\n• 文件名称或路径不存在。\n• 文件正被其他程序使用。\n• 您正要保存的工作簿与当前打开的工作簿同名。', 'xlmain11.chm', 0, -2146827284), None)
Traceback (most recent call last):
  File "C:\Users\EDY\Desktop\BOT_TEST\excel.py", line 220, in __enter__
    self.workbook = self.excel.Workbooks.Open(self.file_path)
  File "<COMObject <unknown>>", line 5, in Open
pywintypes.com_error: (-2147352567, '发生意外。', (0, 'Microsoft Excel', 'Microsoft Excel 不能访问文件“C:\\Users\\EDY\\OneDrive - PPLINGO PTE LTD\\CN-CC Management Team-08-中文业绩数据（内部） - 文档\\数据看板\\线索-工作簿2026-当月往期+顺次1.xlsx”。 可能的原因有以下几个:\n\n• 文件名称或路径不存在。\n• 文件正被其他程序使用。\n• 您正要保存的工作簿与当前打开的工作簿同名。', 'xlmain11.chm', 0, -2146827284), None)

During handling of the above exception, another exception occurred:

Traceback (most recent call last):
  File "C:\Users\EDY\Desktop\BOT_TEST\excel.py", line 721, in execute
    with ExcelProcessor(
  File "C:\Users\EDY\Desktop\BOT_TEST\excel.py", line 241, in __enter__
    raise RuntimeError(f"Excel 启动失败：{str(e)}")
RuntimeError: Excel 启动失败：(-2147352567, '发生意外。', (0, 'Microsoft Excel', 'Microsoft Excel 不能访问文件“C:\\Users\\EDY\\OneDrive - PPLINGO PTE LTD\\CN-CC Management Team-08-中文业绩数据（内部） - 文档\\数据看板\\线索-工作簿2026-当月往期+顺次1.xlsx”。 可能的原因有以下几个:\n\n• 文件名称或路径不存在。\n• 文件正被其他程序使用。\n• 您正要保存的工作簿与当前打开的工作簿同名。', 'xlmain11.chm', 0, -2146827284), None)
2026-06-03 13:59:34 [INFO] [任务1] 发送成功：任务启动失败通知
2026-06-03 13:59:34 [INFO] [任务1] 任务耗时：1.51s
2026-06-03 13:59:34 [INFO] [任务1] ====================================================================================================
2026-06-03 13:59:39 [INFO] [任务-] 日志系统已初始化，日志文件：C:\Users\EDY\Desktop\BOT_TEST\logs\2026\06\2026-06-03.log
2026-06-03 13:59:39 [INFO] [任务-] 成功导入 pyautogui
2026-06-03 13:59:39 [INFO] [任务-] 成功加载 2 个任务
2026-06-03 13:59:39 [INFO] [任务-] 进入调试模式...
2026-06-03 13:59:39 [INFO] [任务-] 当前任务配置：
2026-06-03 13:59:39 [INFO] [任务-]   [0] 学员明细备份.xlsx
2026-06-03 13:59:39 [INFO] [任务-]     - [0] webhook: 833b098e-d..., times: ['08:35', '10:35', '12:35', '14:35', '16:35', '18:35', '20:35', '22:00']
2026-06-03 13:59:39 [INFO] [任务-]     - [1] webhook: ee57f939-0..., times: ['08:40', '10:40', '12:40', '14:40', '16:40', '18:40', '20:40', '22:05']
2026-06-03 13:59:39 [INFO] [任务-]   [1] 线索-工作簿2026-当月往期+顺次1.xlsx
2026-06-03 13:59:39 [INFO] [任务-]     - [0] webhook: 833b098e-d..., times: ['08:35', '10:35', '12:35', '14:35', '16:35', '18:35', '20:35', '22:00']
2026-06-03 13:59:39 [INFO] [任务-] 执行任务 1: 线索-工作簿2026-当月往期+顺次1.xlsx
2026-06-03 13:59:39 [INFO] [任务1] ====================================================================================================
2026-06-03 13:59:39 [INFO] [任务1] 启动任务：线索-工作簿2026-当月往期+顺次1.xlsx
2026-06-03 13:59:39 [INFO] [任务1] ====================================================================================================
2026-06-03 13:59:39 [INFO] [任务-] 成功获取文件锁：C:\Users\EDY\OneDrive - PPLINGO PTE LTD\CN-CC Management Team-08-中文业绩数据（内部） - 文档\数据看板\线索-工作簿2026-当月往期+顺次1.xlsx.lock
2026-06-03 13:59:39 [DEBUG] [任务1] 成功创建 Excel 实例
2026-06-03 13:59:39 [DEBUG] [任务1] 成功设置 Excel 可见性: True
2026-06-03 13:59:39 [DEBUG] [任务1] 成功设置 DisplayAlerts = False
2026-06-03 13:59:47 [DEBUG] [任务1] 成功打开文件：线索-工作簿2026-当月往期+顺次1.xlsx
2026-06-03 13:59:47 [INFO] [任务1] 开始刷新数据...
2026-06-03 13:59:47 [DEBUG] [任务1] 工作表 [总览页面] 的表格 [表3] 未连接数据源
2026-06-03 13:59:47 [DEBUG] [任务1] 发现链接数据源的表格：工作表 [view_cnsale_first_sale_m1_detai] - 查询 [view_cnsale_first_sale_m1_details_key_57ce2n6vq7pcw0e8] - 范围 [$A$1:$CW$2352]
2026-06-03 13:59:47 [DEBUG] [任务1] 发现链接数据源的表格：工作表 [view_cnsale_sale_wq_detai_lastm] - 查询 [view_cnsale_sale_wq_detai_lastmonth1?key_57ce2n6vq7pcw0e8] - 范围 [$A$1:$CW$8401]
2026-06-03 13:59:47 [INFO] [任务1] 共发现 2 个链接了数据源的表格
2026-06-03 13:59:47 [INFO] [任务1]   - 工作表 [view_cnsale_first_sale_m1_detai] - 查询 [view_cnsale_first_sale_m1_details_key_57ce2n6vq7pcw0e8] - 范围 [$A$1:$CW$2352]
2026-06-03 13:59:47 [INFO] [任务1]   - 工作表 [view_cnsale_sale_wq_detai_lastm] - 查询 [view_cnsale_sale_wq_detai_lastmonth1?key_57ce2n6vq7pcw0e8] - 范围 [$A$1:$CW$8401]
2026-06-03 13:59:47 [INFO] [任务1] 检查数据连接属性：
2026-06-03 13:59:47 [INFO] [任务1]   工作表 [view_cnsale_first_sale_m1_detai] - 查询 [view_cnsale_first_sale_m1_details_key_57ce2n6vq7pcw0e8]:
2026-06-03 13:59:47 [INFO] [任务1]     - 全部刷新时刷新此连接: ✗ 未设置
2026-06-03 13:59:47 [INFO] [任务1]   工作表 [view_cnsale_sale_wq_detai_lastm] - 查询 [view_cnsale_sale_wq_detai_lastmonth1?key_57ce2n6vq7pcw0e8]:
2026-06-03 13:59:47 [INFO] [任务1]     - 全部刷新时刷新此连接: ✗ 未设置
2026-06-03 13:59:57 [INFO] [任务1] 执行全部刷新...
2026-06-03 13:59:59 [INFO] [任务1] 没有需要验证的表格，刷新完成
2026-06-03 13:59:59 [INFO] [任务1] 启动弹窗守护线程，超时时间：90秒
2026-06-03 13:59:59 [DEBUG] [任务1] 未检测到按钮 view_all_content.png ：
2026-06-03 14:00:00 [DEBUG] [任务1] 未检测到按钮 view_all_content.png ：
2026-06-03 14:00:00 [DEBUG] [任务1] 未检测到按钮 view_all_content.png ：
2026-06-03 14:00:01 [DEBUG] [任务1] 未检测到按钮 view_all_content.png ：
2026-06-03 14:00:01 [DEBUG] [任务1] 未检测到按钮 view_all_content.png ：
2026-06-03 14:00:02 [DEBUG] [任务1] 未检测到按钮 view_all_content.png ：
2026-06-03 14:00:03 [DEBUG] [任务1] 未检测到按钮 view_all_content.png ：
2026-06-03 14:00:03 [DEBUG] [任务1] 未检测到按钮 view_all_content.png ：
2026-06-03 14:00:04 [DEBUG] [任务1] 未检测到按钮 view_all_content.png ：
2026-06-03 14:00:04 [DEBUG] [任务1] 未检测到按钮 view_all_content.png ：
2026-06-03 14:00:05 [DEBUG] [任务1] 未检测到按钮 view_all_content.png ：
2026-06-03 14:00:06 [DEBUG] [任务1] 未检测到按钮 view_all_content.png ：
2026-06-03 14:00:06 [DEBUG] [任务1] 未检测到按钮 view_all_content.png ：
2026-06-03 14:00:07 [DEBUG] [任务1] 未检测到按钮 view_all_content.png ：
2026-06-03 14:00:08 [DEBUG] [任务1] 未检测到按钮 view_all_content.png ：
2026-06-03 14:00:08 [DEBUG] [任务1] 未检测到按钮 view_all_content.png ：
2026-06-03 14:00:09 [DEBUG] [任务1] 未检测到按钮 view_all_content.png ：
2026-06-03 14:00:10 [DEBUG] [任务1] 未检测到按钮 view_all_content.png ：
2026-06-03 14:00:10 [DEBUG] [任务1] 未检测到按钮 view_all_content.png ：
2026-06-03 14:00:11 [DEBUG] [任务1] 未检测到按钮 view_all_content.png ：
2026-06-03 14:00:11 [DEBUG] [任务1] 未检测到按钮 view_all_content.png ：
2026-06-03 14:00:12 [DEBUG] [任务1] 未检测到按钮 view_all_content.png ：
2026-06-03 14:00:12 [DEBUG] [任务1] 未检测到按钮 view_all_content.png ：
2026-06-03 14:00:13 [DEBUG] [任务1] 未检测到按钮 view_all_content.png ：
2026-06-03 14:00:13 [DEBUG] [任务1] 未检测到按钮 view_all_content.png ：
2026-06-03 14:00:14 [DEBUG] [任务1] 未检测到按钮 view_all_content.png ：
2026-06-03 14:00:15 [DEBUG] [任务1] 未检测到按钮 view_all_content.png ：
2026-06-03 14:00:15 [DEBUG] [任务1] 未检测到按钮 view_all_content.png ：
2026-06-03 14:00:16 [DEBUG] [任务1] 未检测到按钮 view_all_content.png ：
2026-06-03 14:00:16 [DEBUG] [任务1] 未检测到按钮 view_all_content.png ：
2026-06-03 14:00:17 [DEBUG] [任务1] 未检测到按钮 view_all_content.png ：
2026-06-03 14:00:17 [DEBUG] [任务1] 未检测到按钮 view_all_content.png ：
2026-06-03 14:00:18 [DEBUG] [任务1] 未检测到按钮 view_all_content.png ：
2026-06-03 14:00:19 [DEBUG] [任务1] 未检测到按钮 view_all_content.png ：
2026-06-03 14:00:19 [DEBUG] [任务1] 未检测到按钮 view_all_content.png ：
2026-06-03 14:00:20 [DEBUG] [任务1] 未检测到按钮 view_all_content.png ：
2026-06-03 14:00:20 [DEBUG] [任务1] 未检测到按钮 view_all_content.png ：
2026-06-03 14:00:21 [DEBUG] [任务1] 未检测到按钮 view_all_content.png ：
2026-06-03 14:00:21 [DEBUG] [任务1] 未检测到按钮 view_all_content.png ：
2026-06-03 14:00:22 [DEBUG] [任务1] 未检测到按钮 view_all_content.png ：
2026-06-03 14:00:23 [DEBUG] [任务1] 未检测到按钮 view_all_content.png ：
2026-06-03 14:00:23 [DEBUG] [任务1] 未检测到按钮 view_all_content.png ：
2026-06-03 14:00:24 [DEBUG] [任务1] 未检测到按钮 view_all_content.png ：
2026-06-03 14:00:24 [DEBUG] [任务1] 未检测到按钮 view_all_content.png ：
2026-06-03 14:00:25 [DEBUG] [任务1] 未检测到按钮 view_all_content.png ：
2026-06-03 14:00:26 [DEBUG] [任务1] 未检测到按钮 view_all_content.png ：
2026-06-03 14:00:26 [DEBUG] [任务1] 未检测到按钮 view_all_content.png ：
2026-06-03 14:00:27 [DEBUG] [任务1] 未检测到按钮 view_all_content.png ：
2026-06-03 14:00:28 [DEBUG] [任务1] 未检测到按钮 view_all_content.png ：
2026-06-03 14:00:28 [DEBUG] [任务1] 未检测到按钮 view_all_content.png ：
2026-06-03 14:00:29 [DEBUG] [任务1] 未检测到按钮 view_all_content.png ：
2026-06-03 14:00:30 [DEBUG] [任务1] 未检测到按钮 view_all_content.png ：
2026-06-03 14:00:30 [DEBUG] [任务1] 未检测到按钮 view_all_content.png ：
2026-06-03 14:00:31 [DEBUG] [任务1] 未检测到按钮 view_all_content.png ：
2026-06-03 14:00:31 [DEBUG] [任务1] 未检测到按钮 view_all_content.png ：
2026-06-03 14:00:32 [DEBUG] [任务1] 未检测到按钮 view_all_content.png ：
2026-06-03 14:00:33 [DEBUG] [任务1] 未检测到按钮 view_all_content.png ：
2026-06-03 14:00:33 [INFO] [任务1] 检测到弹窗，已点击按钮：view_all_content.png
2026-06-03 14:00:34 [INFO] [任务1] 检测到弹窗，已点击按钮：view_all_content.png
2026-06-03 14:00:34 [INFO] [任务1] 检测到弹窗，已点击按钮：view_all_content.png
2026-06-03 14:00:35 [INFO] [任务1] 检测到弹窗，已点击按钮：view_all_content.png
2026-06-03 14:00:35 [INFO] [任务1] 检测到弹窗，已点击按钮：view_all_content.png
2026-06-03 14:00:36 [DEBUG] [任务1] 未检测到按钮 view_all_content.png ：
2026-06-03 14:00:37 [DEBUG] [任务1] 未检测到按钮 view_all_content.png ：
2026-06-03 14:00:37 [DEBUG] [任务1] 未检测到按钮 view_all_content.png ：
2026-06-03 14:00:38 [DEBUG] [任务1] 未检测到按钮 view_all_content.png ：
2026-06-03 14:00:38 [DEBUG] [任务1] 未检测到按钮 view_all_content.png ：
2026-06-03 14:00:39 [DEBUG] [任务1] 未检测到按钮 view_all_content.png ：
2026-06-03 14:00:40 [DEBUG] [任务1] 未检测到按钮 view_all_content.png ：
2026-06-03 14:00:40 [DEBUG] [任务1] 未检测到按钮 view_all_content.png ：
2026-06-03 14:00:41 [DEBUG] [任务1] 未检测到按钮 view_all_content.png ：
2026-06-03 14:00:42 [DEBUG] [任务1] 未检测到按钮 view_all_content.png ：
2026-06-03 14:00:42 [DEBUG] [任务1] 未检测到按钮 view_all_content.png ：
2026-06-03 14:00:43 [DEBUG] [任务1] 未检测到按钮 view_all_content.png ：
2026-06-03 14:00:43 [DEBUG] [任务1] 未检测到按钮 view_all_content.png ：
2026-06-03 14:00:44 [DEBUG] [任务1] 未检测到按钮 view_all_content.png ：
2026-06-03 14:00:45 [DEBUG] [任务1] 未检测到按钮 view_all_content.png ：
2026-06-03 14:00:45 [DEBUG] [任务1] 未检测到按钮 view_all_content.png ：
2026-06-03 14:00:46 [DEBUG] [任务1] 未检测到按钮 view_all_content.png ：
2026-06-03 14:00:47 [DEBUG] [任务1] 未检测到按钮 view_all_content.png ：
2026-06-03 14:00:47 [DEBUG] [任务1] 未检测到按钮 view_all_content.png ：
2026-06-03 14:00:48 [DEBUG] [任务1] 未检测到按钮 view_all_content.png ：
2026-06-03 14:00:49 [DEBUG] [任务1] 未检测到按钮 view_all_content.png ：
2026-06-03 14:00:49 [DEBUG] [任务1] 未检测到按钮 view_all_content.png ：
2026-06-03 14:00:50 [DEBUG] [任务1] 未检测到按钮 view_all_content.png ：
2026-06-03 14:00:51 [DEBUG] [任务1] 未检测到按钮 view_all_content.png ：
2026-06-03 14:00:51 [DEBUG] [任务1] 未检测到按钮 view_all_content.png ：
2026-06-03 14:00:52 [DEBUG] [任务1] 未检测到按钮 view_all_content.png ：
2026-06-03 14:00:52 [DEBUG] [任务1] 未检测到按钮 view_all_content.png ：
2026-06-03 14:00:53 [DEBUG] [任务1] 未检测到按钮 view_all_content.png ：
2026-06-03 14:00:54 [DEBUG] [任务1] 未检测到按钮 view_all_content.png ：
2026-06-03 14:00:54 [DEBUG] [任务1] 未检测到按钮 view_all_content.png ：
2026-06-03 14:00:54 [DEBUG] [任务1] 重新应用筛选：view_cnsale_first_sale_m1_detai
2026-06-03 14:00:55 [DEBUG] [任务1] 重新应用筛选：view_cnsale_sale_wq_detai_lastm
2026-06-03 14:00:55 [DEBUG] [任务1] 未检测到按钮 view_all_content.png ：
2026-06-03 14:00:55 [INFO] [任务1-0] 处理Webhook：833b098e...
2026-06-03 14:00:55 [INFO] [任务1-0] 开始截图，共 1 个区域
2026-06-03 14:00:55 [DEBUG] [任务1-0] 截图区域地址: $AD$1:$AS$9
2026-06-03 14:00:55 [INFO] [任务1-0] 弹窗守护线程结束
2026-06-03 14:00:57 [INFO] [任务1-0] 截图成功：[总览页面] 工作表[总览页面] 区域[AE1]
2026-06-03 14:00:57 [DEBUG] [任务1-0] 已将所有工作表缩放比例恢复为100%
2026-06-03 14:01:05 [INFO] [任务-] 成功释放文件锁：C:\Users\EDY\OneDrive - PPLINGO PTE LTD\CN-CC Management Team-08-中文业绩数据（内部） - 文档\数据看板\线索-工作簿2026-当月往期+顺次1.xlsx.lock
2026-06-03 14:01:05 [DEBUG] [任务1-0] Excel 进程已释放
2026-06-03 14:01:05 [INFO] [任务1-0] _deliver_results 被调用
2026-06-03 14:01:05 [INFO] [任务1-0]   webhook: 833b098e...
2026-06-03 14:01:05 [INFO] [任务1-0]   screenshots数量: 1
2026-06-03 14:01:05 [INFO] [任务1-0]   send_file_enable: 0
2026-06-03 14:01:06 [INFO] [任务1-0] 发送成功：截图 线索-工作簿2026-当月往期+顺次1_总览页面_20260603_140055_507283.png
2026-06-03 14:01:06 [INFO] [任务1-0] send_file_enable 为假，跳过发送文件
2026-06-03 14:01:06 [DEBUG] [任务1-0] 清理临时文件：线索-工作簿2026-当月往期+顺次1_总览页面_20260603_140055_507283.png
2026-06-03 14:01:06 [INFO] [任务1] 任务耗时：86.98s
2026-06-03 14:01:06 [INFO] [任务1] ====================================================================================================
2026-06-03 14:03:58 [INFO] [任务-] 日志系统已初始化，日志文件：C:\Users\EDY\Desktop\BOT_TEST\logs\2026\06\2026-06-03.log
2026-06-03 14:03:58 [INFO] [任务-] 成功导入 pyautogui
2026-06-03 14:03:58 [INFO] [任务-] 成功加载 2 个任务
2026-06-03 14:03:58 [INFO] [任务-] 进入调试模式...
2026-06-03 14:03:58 [INFO] [任务-] 当前任务配置：
2026-06-03 14:03:58 [INFO] [任务-]   [0] 学员明细备份.xlsx
2026-06-03 14:03:58 [INFO] [任务-]     - [0] webhook: 833b098e-d..., times: ['08:35', '10:35', '12:35', '14:35', '16:35', '18:35', '20:35', '22:00']
2026-06-03 14:03:58 [INFO] [任务-]     - [1] webhook: ee57f939-0..., times: ['08:40', '10:40', '12:40', '14:40', '16:40', '18:40', '20:40', '22:05']
2026-06-03 14:03:58 [INFO] [任务-]   [1] 线索-工作簿2026-当月往期+顺次1.xlsx
2026-06-03 14:03:58 [INFO] [任务-]     - [0] webhook: 833b098e-d..., times: ['08:35', '10:35', '12:35', '14:35', '16:35', '18:35', '20:35', '22:00']
2026-06-03 14:03:58 [INFO] [任务-] 执行任务 1: 线索-工作簿2026-当月往期+顺次1.xlsx
2026-06-03 14:03:58 [INFO] [任务1] ====================================================================================================
2026-06-03 14:03:58 [INFO] [任务1] 启动任务：线索-工作簿2026-当月往期+顺次1.xlsx
2026-06-03 14:03:58 [INFO] [任务1] ====================================================================================================
2026-06-03 14:03:58 [INFO] [任务-] 成功获取文件锁：C:\Users\EDY\OneDrive - PPLINGO PTE LTD\CN-CC Management Team-08-中文业绩数据（内部） - 文档\数据看板\线索-工作簿2026-当月往期+顺次1.xlsx.lock
2026-06-03 14:03:58 [DEBUG] [任务1] 成功创建 Excel 实例
2026-06-03 14:03:58 [DEBUG] [任务1] 成功设置 Excel 可见性: True
2026-06-03 14:03:58 [DEBUG] [任务1] 成功设置 DisplayAlerts = False
2026-06-03 14:04:05 [DEBUG] [任务1] 成功打开文件：线索-工作簿2026-当月往期+顺次1.xlsx
2026-06-03 14:04:05 [INFO] [任务1] 开始刷新数据...
2026-06-03 14:04:05 [DEBUG] [任务1] 工作表 [总览页面] 的表格 [表3] 未连接数据源
2026-06-03 14:04:05 [DEBUG] [任务1] 发现链接数据源的表格：工作表 [view_cnsale_first_sale_m1_detai] - 查询 [view_cnsale_first_sale_m1_details_key_57ce2n6vq7pcw0e8] - 范围 [$A$1:$CW$2352]
2026-06-03 14:04:05 [DEBUG] [任务1] 发现链接数据源的表格：工作表 [view_cnsale_sale_wq_detai_lastm] - 查询 [view_cnsale_sale_wq_detai_lastmonth1?key_57ce2n6vq7pcw0e8] - 范围 [$A$1:$CW$8401]
2026-06-03 14:04:05 [INFO] [任务1] 共发现 2 个链接了数据源的表格
2026-06-03 14:04:05 [INFO] [任务1]   - 工作表 [view_cnsale_first_sale_m1_detai] - 查询 [view_cnsale_first_sale_m1_details_key_57ce2n6vq7pcw0e8] - 范围 [$A$1:$CW$2352]
2026-06-03 14:04:05 [INFO] [任务1]   - 工作表 [view_cnsale_sale_wq_detai_lastm] - 查询 [view_cnsale_sale_wq_detai_lastmonth1?key_57ce2n6vq7pcw0e8] - 范围 [$A$1:$CW$8401]
2026-06-03 14:04:05 [INFO] [任务1] 检查数据连接属性：
2026-06-03 14:04:05 [INFO] [任务1]   工作表 [view_cnsale_first_sale_m1_detai] - 查询 [view_cnsale_first_sale_m1_details_key_57ce2n6vq7pcw0e8]:
2026-06-03 14:04:05 [INFO] [任务1]     - 全部刷新时刷新此连接: ✗ 未设置
2026-06-03 14:04:05 [INFO] [任务1]   工作表 [view_cnsale_sale_wq_detai_lastm] - 查询 [view_cnsale_sale_wq_detai_lastmonth1?key_57ce2n6vq7pcw0e8]:
2026-06-03 14:04:05 [INFO] [任务1]     - 全部刷新时刷新此连接: ✗ 未设置
2026-06-03 14:04:15 [INFO] [任务1] 执行全部刷新...
2026-06-03 14:04:17 [INFO] [任务1] 没有需要验证的表格，刷新完成
2026-06-03 14:04:17 [INFO] [任务1] 启动弹窗守护线程，超时时间：90秒
2026-06-03 14:04:18 [DEBUG] [任务1] 未检测到按钮 view_all_content.png ：
2026-06-03 14:04:18 [INFO] [任务1] 重新应用筛选：view_cnsale_first_sale_m1_detai
2026-06-03 14:04:18 [INFO] [任务1] 重新应用筛选：view_cnsale_sale_wq_detai_lastm
2026-06-03 14:04:18 [DEBUG] [任务1] 未检测到按钮 view_all_content.png ：
2026-06-03 14:04:18 [INFO] [任务1-0] 处理Webhook：833b098e...
2026-06-03 14:04:18 [INFO] [任务1-0] 开始截图，共 1 个区域
2026-06-03 14:04:18 [DEBUG] [任务1-0] 截图区域地址: $AD$1:$AS$9
2026-06-03 14:04:18 [INFO] [任务1-0] 弹窗守护线程结束
2026-06-03 14:04:20 [INFO] [任务1-0] 截图成功：[总览页面] 工作表[总览页面] 区域[AE1]
2026-06-03 14:04:21 [DEBUG] [任务1-0] 已将所有工作表缩放比例恢复为100%
2026-06-03 14:04:24 [INFO] [任务-] 成功释放文件锁：C:\Users\EDY\OneDrive - PPLINGO PTE LTD\CN-CC Management Team-08-中文业绩数据（内部） - 文档\数据看板\线索-工作簿2026-当月往期+顺次1.xlsx.lock
2026-06-03 14:04:24 [DEBUG] [任务1-0] Excel 进程已释放
2026-06-03 14:04:24 [INFO] [任务1-0] _deliver_results 被调用
2026-06-03 14:04:24 [INFO] [任务1-0]   webhook: 833b098e...
2026-06-03 14:04:24 [INFO] [任务1-0]   screenshots数量: 1
2026-06-03 14:04:24 [INFO] [任务1-0]   send_file_enable: 0
2026-06-03 14:04:25 [INFO] [任务1-0] 发送成功：截图 线索-工作簿2026-当月往期+顺次1_总览页面_20260603_140418_729159.png
2026-06-03 14:04:25 [INFO] [任务1-0] send_file_enable 为假，跳过发送文件
2026-06-03 14:04:25 [DEBUG] [任务1-0] 清理临时文件：线索-工作簿2026-当月往期+顺次1_总览页面_20260603_140418_729159.png
2026-06-03 14:04:25 [INFO] [任务1] 任务耗时：27.60s
2026-06-03 14:04:25 [INFO] [任务1] ====================================================================================================
2026-06-03 14:05:01 [INFO] [任务-] 日志系统已初始化，日志文件：C:\Users\EDY\Desktop\BOT_TEST\logs\2026\06\2026-06-03.log
2026-06-03 14:05:01 [INFO] [任务-] 成功导入 pyautogui
2026-06-03 14:05:01 [INFO] [任务-] 成功加载 2 个任务
2026-06-03 14:05:01 [INFO] [任务-] 进入调试模式...
2026-06-03 14:05:01 [INFO] [任务-] 当前任务配置：
2026-06-03 14:05:01 [INFO] [任务-]   [0] 学员明细备份.xlsx
2026-06-03 14:05:01 [INFO] [任务-]     - [0] webhook: 833b098e-d..., times: ['08:35', '10:35', '12:35', '14:35', '16:35', '18:35', '20:35', '22:00']
2026-06-03 14:05:01 [INFO] [任务-]     - [1] webhook: ee57f939-0..., times: ['08:40', '10:40', '12:40', '14:40', '16:40', '18:40', '20:40', '22:05']
2026-06-03 14:05:01 [INFO] [任务-]   [1] 线索-工作簿2026-当月往期+顺次1.xlsx
2026-06-03 14:05:01 [INFO] [任务-]     - [0] webhook: 833b098e-d..., times: ['08:35', '10:35', '12:35', '14:35', '16:35', '18:35', '20:35', '22:00']
2026-06-03 14:05:01 [INFO] [任务-] 执行任务 1: 线索-工作簿2026-当月往期+顺次1.xlsx
2026-06-03 14:05:01 [INFO] [任务1] ====================================================================================================
2026-06-03 14:05:01 [INFO] [任务1] 启动任务：线索-工作簿2026-当月往期+顺次1.xlsx
2026-06-03 14:05:01 [INFO] [任务1] ====================================================================================================
2026-06-03 14:05:01 [INFO] [任务-] 成功获取文件锁：C:\Users\EDY\OneDrive - PPLINGO PTE LTD\CN-CC Management Team-08-中文业绩数据（内部） - 文档\数据看板\线索-工作簿2026-当月往期+顺次1.xlsx.lock
2026-06-03 14:05:01 [DEBUG] [任务1] 成功创建 Excel 实例
2026-06-03 14:05:02 [DEBUG] [任务1] 成功设置 Excel 可见性: True
2026-06-03 14:05:02 [DEBUG] [任务1] 成功设置 DisplayAlerts = False
2026-06-03 14:05:08 [DEBUG] [任务1] 成功打开文件：线索-工作簿2026-当月往期+顺次1.xlsx
2026-06-03 14:05:08 [INFO] [任务1] 开始刷新数据...
2026-06-03 14:05:08 [DEBUG] [任务1] 工作表 [总览页面] 的表格 [表3] 未连接数据源
2026-06-03 14:05:08 [DEBUG] [任务1] 发现链接数据源的表格：工作表 [view_cnsale_first_sale_m1_detai] - 查询 [view_cnsale_first_sale_m1_details_key_57ce2n6vq7pcw0e8] - 范围 [$A$1:$CW$2352]
2026-06-03 14:05:08 [DEBUG] [任务1] 发现链接数据源的表格：工作表 [view_cnsale_sale_wq_detai_lastm] - 查询 [view_cnsale_sale_wq_detai_lastmonth1?key_57ce2n6vq7pcw0e8] - 范围 [$A$1:$CW$8401]
2026-06-03 14:05:08 [INFO] [任务1] 共发现 2 个链接了数据源的表格
2026-06-03 14:05:08 [INFO] [任务1]   - 工作表 [view_cnsale_first_sale_m1_detai] - 查询 [view_cnsale_first_sale_m1_details_key_57ce2n6vq7pcw0e8] - 范围 [$A$1:$CW$2352]
2026-06-03 14:05:08 [INFO] [任务1]   - 工作表 [view_cnsale_sale_wq_detai_lastm] - 查询 [view_cnsale_sale_wq_detai_lastmonth1?key_57ce2n6vq7pcw0e8] - 范围 [$A$1:$CW$8401]
2026-06-03 14:05:08 [INFO] [任务1] 检查数据连接属性：
2026-06-03 14:05:08 [INFO] [任务1]   工作表 [view_cnsale_first_sale_m1_detai] - 查询 [view_cnsale_first_sale_m1_details_key_57ce2n6vq7pcw0e8]:
2026-06-03 14:05:08 [INFO] [任务1]     - 全部刷新时刷新此连接: ✗ 未设置
2026-06-03 14:05:08 [INFO] [任务1]   工作表 [view_cnsale_sale_wq_detai_lastm] - 查询 [view_cnsale_sale_wq_detai_lastmonth1?key_57ce2n6vq7pcw0e8]:
2026-06-03 14:05:08 [INFO] [任务1]     - 全部刷新时刷新此连接: ✗ 未设置
2026-06-03 14:05:18 [INFO] [任务1] 执行全部刷新...
2026-06-03 14:05:20 [INFO] [任务1] 没有需要验证的表格，刷新完成
2026-06-03 14:05:20 [INFO] [任务1] 启动弹窗守护线程，超时时间：90秒
2026-06-03 14:05:20 [DEBUG] [任务1] 未检测到按钮 view_all_content.png ：
2026-06-03 14:05:21 [DEBUG] [任务1] 未检测到按钮 view_all_content.png ：
2026-06-03 14:05:21 [DEBUG] [任务1] 未检测到按钮 view_all_content.png ：
2026-06-03 14:05:22 [DEBUG] [任务1] 未检测到按钮 view_all_content.png ：
2026-06-03 14:05:23 [DEBUG] [任务1] 未检测到按钮 view_all_content.png ：
2026-06-03 14:05:23 [DEBUG] [任务1] 未检测到按钮 view_all_content.png ：
2026-06-03 14:05:24 [DEBUG] [任务1] 未检测到按钮 view_all_content.png ：
2026-06-03 14:05:24 [DEBUG] [任务1] 未检测到按钮 view_all_content.png ：
2026-06-03 14:05:25 [DEBUG] [任务1] 未检测到按钮 view_all_content.png ：
2026-06-03 14:05:25 [DEBUG] [任务1] 未检测到按钮 view_all_content.png ：
2026-06-03 14:05:26 [DEBUG] [任务1] 未检测到按钮 view_all_content.png ：
2026-06-03 14:05:26 [DEBUG] [任务1] 未检测到按钮 view_all_content.png ：
2026-06-03 14:05:27 [DEBUG] [任务1] 未检测到按钮 view_all_content.png ：
2026-06-03 14:05:27 [DEBUG] [任务1] 未检测到按钮 view_all_content.png ：
2026-06-03 14:05:28 [DEBUG] [任务1] 未检测到按钮 view_all_content.png ：
2026-06-03 14:05:29 [DEBUG] [任务1] 未检测到按钮 view_all_content.png ：
2026-06-03 14:05:29 [DEBUG] [任务1] 未检测到按钮 view_all_content.png ：
2026-06-03 14:05:30 [DEBUG] [任务1] 未检测到按钮 view_all_content.png ：
2026-06-03 14:05:30 [DEBUG] [任务1] 未检测到按钮 view_all_content.png ：
2026-06-03 14:05:31 [DEBUG] [任务1] 未检测到按钮 view_all_content.png ：
2026-06-03 14:05:31 [DEBUG] [任务1] 未检测到按钮 view_all_content.png ：
2026-06-03 14:05:32 [DEBUG] [任务1] 未检测到按钮 view_all_content.png ：
2026-06-03 14:05:32 [DEBUG] [任务1] 未检测到按钮 view_all_content.png ：
2026-06-03 14:05:33 [DEBUG] [任务1] 未检测到按钮 view_all_content.png ：
2026-06-03 14:05:34 [DEBUG] [任务1] 未检测到按钮 view_all_content.png ：
2026-06-03 14:05:34 [DEBUG] [任务1] 未检测到按钮 view_all_content.png ：
2026-06-03 14:05:35 [DEBUG] [任务1] 未检测到按钮 view_all_content.png ：
2026-06-03 14:05:35 [DEBUG] [任务1] 未检测到按钮 view_all_content.png ：
2026-06-03 14:05:36 [DEBUG] [任务1] 未检测到按钮 view_all_content.png ：
2026-06-03 14:05:36 [DEBUG] [任务1] 未检测到按钮 view_all_content.png ：
2026-06-03 14:05:37 [DEBUG] [任务1] 未检测到按钮 view_all_content.png ：
2026-06-03 14:05:37 [DEBUG] [任务1] 未检测到按钮 view_all_content.png ：
2026-06-03 14:05:38 [DEBUG] [任务1] 未检测到按钮 view_all_content.png ：
2026-06-03 14:05:38 [DEBUG] [任务1] 未检测到按钮 view_all_content.png ：
2026-06-03 14:05:39 [DEBUG] [任务1] 未检测到按钮 view_all_content.png ：
2026-06-03 14:05:40 [DEBUG] [任务1] 未检测到按钮 view_all_content.png ：
2026-06-03 14:05:40 [DEBUG] [任务1] 未检测到按钮 view_all_content.png ：
2026-06-03 14:05:41 [DEBUG] [任务1] 未检测到按钮 view_all_content.png ：
2026-06-03 14:05:41 [DEBUG] [任务1] 未检测到按钮 view_all_content.png ：
2026-06-03 14:05:42 [DEBUG] [任务1] 未检测到按钮 view_all_content.png ：
2026-06-03 14:05:42 [DEBUG] [任务1] 未检测到按钮 view_all_content.png ：
2026-06-03 14:05:43 [DEBUG] [任务1] 未检测到按钮 view_all_content.png ：
2026-06-03 14:05:44 [DEBUG] [任务1] 未检测到按钮 view_all_content.png ：
2026-06-03 14:05:44 [DEBUG] [任务1] 未检测到按钮 view_all_content.png ：
2026-06-03 14:05:45 [DEBUG] [任务1] 未检测到按钮 view_all_content.png ：
2026-06-03 14:05:45 [DEBUG] [任务1] 未检测到按钮 view_all_content.png ：
2026-06-03 14:05:46 [DEBUG] [任务1] 未检测到按钮 view_all_content.png ：
2026-06-03 14:05:46 [DEBUG] [任务1] 未检测到按钮 view_all_content.png ：
2026-06-03 14:05:47 [DEBUG] [任务1] 未检测到按钮 view_all_content.png ：
2026-06-03 14:05:48 [DEBUG] [任务1] 未检测到按钮 view_all_content.png ：
2026-06-03 14:05:48 [DEBUG] [任务1] 未检测到按钮 view_all_content.png ：
2026-06-03 14:05:49 [DEBUG] [任务1] 未检测到按钮 view_all_content.png ：
2026-06-03 14:05:49 [DEBUG] [任务1] 未检测到按钮 view_all_content.png ：
2026-06-03 14:05:50 [DEBUG] [任务1] 未检测到按钮 view_all_content.png ：
2026-06-03 14:05:50 [DEBUG] [任务1] 未检测到按钮 view_all_content.png ：
2026-06-03 14:05:51 [DEBUG] [任务1] 未检测到按钮 view_all_content.png ：
2026-06-03 14:05:51 [DEBUG] [任务1] 未检测到按钮 view_all_content.png ：
2026-06-03 14:05:52 [DEBUG] [任务1] 未检测到按钮 view_all_content.png ：
2026-06-03 14:05:53 [DEBUG] [任务1] 未检测到按钮 view_all_content.png ：
2026-06-03 14:05:53 [DEBUG] [任务1] 未检测到按钮 view_all_content.png ：
2026-06-03 14:05:54 [DEBUG] [任务1] 未检测到按钮 view_all_content.png ：
2026-06-03 14:05:54 [DEBUG] [任务1] 未检测到按钮 view_all_content.png ：
2026-06-03 14:05:55 [DEBUG] [任务1] 未检测到按钮 view_all_content.png ：
2026-06-03 14:05:55 [DEBUG] [任务1] 未检测到按钮 view_all_content.png ：
2026-06-03 14:05:56 [DEBUG] [任务1] 未检测到按钮 view_all_content.png ：
2026-06-03 14:05:57 [DEBUG] [任务1] 未检测到按钮 view_all_content.png ：
2026-06-03 14:05:57 [DEBUG] [任务1] 未检测到按钮 view_all_content.png ：
2026-06-03 14:05:58 [DEBUG] [任务1] 未检测到按钮 view_all_content.png ：
2026-06-03 14:05:58 [DEBUG] [任务1] 未检测到按钮 view_all_content.png ：
2026-06-03 14:05:59 [DEBUG] [任务1] 未检测到按钮 view_all_content.png ：
2026-06-03 14:05:59 [DEBUG] [任务1] 未检测到按钮 view_all_content.png ：
2026-06-03 14:06:00 [DEBUG] [任务1] 未检测到按钮 view_all_content.png ：
2026-06-03 14:06:01 [DEBUG] [任务1] 未检测到按钮 view_all_content.png ：
2026-06-03 14:06:01 [DEBUG] [任务1] 未检测到按钮 view_all_content.png ：
2026-06-03 14:06:02 [DEBUG] [任务1] 未检测到按钮 view_all_content.png ：
2026-06-03 14:06:02 [DEBUG] [任务1] 未检测到按钮 view_all_content.png ：
2026-06-03 14:06:03 [DEBUG] [任务1] 未检测到按钮 view_all_content.png ：
2026-06-03 14:06:03 [DEBUG] [任务1] 未检测到按钮 view_all_content.png ：
2026-06-03 14:06:04 [DEBUG] [任务1] 未检测到按钮 view_all_content.png ：
2026-06-03 14:06:04 [DEBUG] [任务1] 未检测到按钮 view_all_content.png ：
2026-06-03 14:06:05 [DEBUG] [任务1] 未检测到按钮 view_all_content.png ：
2026-06-03 14:06:06 [DEBUG] [任务1] 未检测到按钮 view_all_content.png ：
2026-06-03 14:06:06 [DEBUG] [任务1] 未检测到按钮 view_all_content.png ：
2026-06-03 14:06:07 [DEBUG] [任务1] 未检测到按钮 PixPin_2026-06-03_14-05-48.png ：
2026-06-03 14:06:07 [DEBUG] [任务1] 未检测到按钮 view_all_content.png ：
2026-06-03 14:06:08 [DEBUG] [任务1] 未检测到按钮 PixPin_2026-06-03_14-05-48.png ：
2026-06-03 14:06:08 [DEBUG] [任务1] 未检测到按钮 view_all_content.png ：
2026-06-03 14:06:09 [DEBUG] [任务1] 未检测到按钮 PixPin_2026-06-03_14-05-48.png ：
2026-06-03 14:06:09 [DEBUG] [任务1] 未检测到按钮 view_all_content.png ：
2026-06-03 14:06:10 [DEBUG] [任务1] 未检测到按钮 PixPin_2026-06-03_14-05-48.png ：
2026-06-03 14:06:10 [DEBUG] [任务1] 未检测到按钮 view_all_content.png ：
2026-06-03 14:06:11 [DEBUG] [任务1] 未检测到按钮 PixPin_2026-06-03_14-05-48.png ：
2026-06-03 14:06:11 [DEBUG] [任务1] 未检测到按钮 view_all_content.png ：
2026-06-03 14:06:12 [DEBUG] [任务1] 未检测到按钮 PixPin_2026-06-03_14-05-48.png ：
2026-06-03 14:06:12 [DEBUG] [任务1] 未检测到按钮 view_all_content.png ：
2026-06-03 14:06:13 [DEBUG] [任务1] 未检测到按钮 PixPin_2026-06-03_14-05-48.png ：
2026-06-03 14:06:13 [DEBUG] [任务1] 未检测到按钮 view_all_content.png ：
2026-06-03 14:06:14 [DEBUG] [任务1] 未检测到按钮 PixPin_2026-06-03_14-05-48.png ：
2026-06-03 14:06:14 [DEBUG] [任务1] 未检测到按钮 view_all_content.png ：
2026-06-03 14:06:15 [DEBUG] [任务1] 未检测到按钮 PixPin_2026-06-03_14-05-48.png ：
2026-06-03 14:06:15 [DEBUG] [任务1] 未检测到按钮 view_all_content.png ：
2026-06-03 14:06:16 [DEBUG] [任务1] 未检测到按钮 PixPin_2026-06-03_14-05-48.png ：
2026-06-03 14:06:16 [DEBUG] [任务1] 未检测到按钮 view_all_content.png ：
2026-06-03 14:06:17 [DEBUG] [任务1] 未检测到按钮 PixPin_2026-06-03_14-05-48.png ：
2026-06-03 14:06:17 [DEBUG] [任务1] 未检测到按钮 view_all_content.png ：
2026-06-03 14:06:18 [DEBUG] [任务1] 未检测到按钮 PixPin_2026-06-03_14-05-48.png ：
2026-06-03 14:06:18 [DEBUG] [任务1] 未检测到按钮 view_all_content.png ：
2026-06-03 14:06:19 [DEBUG] [任务1] 未检测到按钮 PixPin_2026-06-03_14-05-48.png ：
2026-06-03 14:06:19 [DEBUG] [任务1] 未检测到按钮 view_all_content.png ：
2026-06-03 14:06:20 [DEBUG] [任务1] 未检测到按钮 PixPin_2026-06-03_14-05-48.png ：
2026-06-03 14:06:20 [DEBUG] [任务1] 未检测到按钮 view_all_content.png ：
2026-06-03 14:06:21 [DEBUG] [任务1] 未检测到按钮 PixPin_2026-06-03_14-05-48.png ：
2026-06-03 14:06:21 [DEBUG] [任务1] 未检测到按钮 view_all_content.png ：
2026-06-03 14:06:22 [DEBUG] [任务1] 未检测到按钮 PixPin_2026-06-03_14-05-48.png ：
2026-06-03 14:06:22 [DEBUG] [任务1] 未检测到按钮 view_all_content.png ：
2026-06-03 14:06:23 [DEBUG] [任务1] 未检测到按钮 PixPin_2026-06-03_14-05-48.png ：
2026-06-03 14:06:23 [DEBUG] [任务1] 未检测到按钮 view_all_content.png ：
2026-06-03 14:06:24 [DEBUG] [任务1] 未检测到按钮 PixPin_2026-06-03_14-05-48.png ：
2026-06-03 14:06:24 [INFO] [任务1] 重新应用筛选：view_cnsale_first_sale_m1_detai
2026-06-03 14:06:24 [DEBUG] [任务1] 未检测到按钮 view_all_content.png ：
2026-06-03 14:06:25 [INFO] [任务1] 重新应用筛选：view_cnsale_sale_wq_detai_lastm
2026-06-03 14:06:25 [DEBUG] [任务1] 未检测到按钮 PixPin_2026-06-03_14-05-48.png ：
2026-06-03 14:06:25 [INFO] [任务1-0] 处理Webhook：833b098e...
2026-06-03 14:06:25 [INFO] [任务1-0] 开始截图，共 1 个区域
2026-06-03 14:06:25 [DEBUG] [任务1-0] 未检测到按钮 view_all_content.png ：
2026-06-03 14:06:25 [DEBUG] [任务1-0] 截图区域地址: $AD$1:$AS$9
2026-06-03 14:06:26 [INFO] [任务1-0] 弹窗守护线程结束
2026-06-03 14:06:27 [INFO] [任务1-0] 截图成功：[总览页面] 工作表[总览页面] 区域[AE1]
2026-06-03 14:06:28 [DEBUG] [任务1-0] 已将所有工作表缩放比例恢复为100%
2026-06-03 14:06:40 [INFO] [任务-] 成功释放文件锁：C:\Users\EDY\OneDrive - PPLINGO PTE LTD\CN-CC Management Team-08-中文业绩数据（内部） - 文档\数据看板\线索-工作簿2026-当月往期+顺次1.xlsx.lock
2026-06-03 14:06:40 [DEBUG] [任务1-0] Excel 进程已释放
2026-06-03 14:06:40 [INFO] [任务1-0] _deliver_results 被调用
2026-06-03 14:06:40 [INFO] [任务1-0]   webhook: 833b098e...
2026-06-03 14:06:40 [INFO] [任务1-0]   screenshots数量: 1
2026-06-03 14:06:40 [INFO] [任务1-0]   send_file_enable: 0
2026-06-03 14:06:41 [INFO] [任务1-0] 发送成功：截图 线索-工作簿2026-当月往期+顺次1_总览页面_20260603_140625_653066.png
2026-06-03 14:06:41 [INFO] [任务1-0] send_file_enable 为假，跳过发送文件
2026-06-03 14:06:41 [DEBUG] [任务1-0] 清理临时文件：线索-工作簿2026-当月往期+顺次1_总览页面_20260603_140625_653066.png
2026-06-03 14:06:41 [INFO] [任务1] 任务耗时：99.78s
2026-06-03 14:06:41 [INFO] [任务1] ====================================================================================================
2026-06-03 14:07:17 [INFO] [任务-] 日志系统已初始化，日志文件：C:\Users\EDY\Desktop\BOT_TEST\logs\2026\06\2026-06-03.log
2026-06-03 14:07:17 [INFO] [任务-] 成功导入 pyautogui
2026-06-03 14:07:17 [INFO] [任务-] 成功加载 2 个任务
2026-06-03 14:07:17 [INFO] [任务-] 进入调试模式...
2026-06-03 14:07:17 [INFO] [任务-] 当前任务配置：
2026-06-03 14:07:17 [INFO] [任务-]   [0] 学员明细备份.xlsx
2026-06-03 14:07:17 [INFO] [任务-]     - [0] webhook: 833b098e-d..., times: ['08:35', '10:35', '12:35', '14:35', '16:35', '18:35', '20:35', '22:00']
2026-06-03 14:07:17 [INFO] [任务-]     - [1] webhook: ee57f939-0..., times: ['08:40', '10:40', '12:40', '14:40', '16:40', '18:40', '20:40', '22:05']
2026-06-03 14:07:17 [INFO] [任务-]   [1] 线索-工作簿2026-当月往期+顺次1.xlsx
2026-06-03 14:07:17 [INFO] [任务-]     - [0] webhook: 833b098e-d..., times: ['08:35', '10:35', '12:35', '14:35', '16:35', '18:35', '20:35', '22:00']
2026-06-03 14:07:17 [INFO] [任务-] 执行任务 1: 线索-工作簿2026-当月往期+顺次1.xlsx
2026-06-03 14:07:17 [INFO] [任务1] ====================================================================================================
2026-06-03 14:07:17 [INFO] [任务1] 启动任务：线索-工作簿2026-当月往期+顺次1.xlsx
2026-06-03 14:07:17 [INFO] [任务1] ====================================================================================================
2026-06-03 14:07:17 [INFO] [任务-] 成功获取文件锁：C:\Users\EDY\OneDrive - PPLINGO PTE LTD\CN-CC Management Team-08-中文业绩数据（内部） - 文档\数据看板\线索-工作簿2026-当月往期+顺次1.xlsx.lock
2026-06-03 14:07:17 [DEBUG] [任务1] 成功创建 Excel 实例
2026-06-03 14:07:17 [DEBUG] [任务1] 成功设置 Excel 可见性: True
2026-06-03 14:07:17 [DEBUG] [任务1] 成功设置 DisplayAlerts = False
2026-06-03 14:07:25 [DEBUG] [任务1] 成功打开文件：线索-工作簿2026-当月往期+顺次1.xlsx
2026-06-03 14:07:25 [INFO] [任务1] 开始刷新数据...
2026-06-03 14:07:25 [DEBUG] [任务1] 工作表 [总览页面] 的表格 [表3] 未连接数据源
2026-06-03 14:07:25 [DEBUG] [任务1] 发现链接数据源的表格：工作表 [view_cnsale_first_sale_m1_detai] - 查询 [view_cnsale_first_sale_m1_details_key_57ce2n6vq7pcw0e8] - 范围 [$A$1:$CW$2352]
2026-06-03 14:07:25 [DEBUG] [任务1] 发现链接数据源的表格：工作表 [view_cnsale_sale_wq_detai_lastm] - 查询 [view_cnsale_sale_wq_detai_lastmonth1?key_57ce2n6vq7pcw0e8] - 范围 [$A$1:$CW$8401]
2026-06-03 14:07:25 [INFO] [任务1] 共发现 2 个链接了数据源的表格
2026-06-03 14:07:25 [INFO] [任务1]   - 工作表 [view_cnsale_first_sale_m1_detai] - 查询 [view_cnsale_first_sale_m1_details_key_57ce2n6vq7pcw0e8] - 范围 [$A$1:$CW$2352]
2026-06-03 14:07:25 [INFO] [任务1]   - 工作表 [view_cnsale_sale_wq_detai_lastm] - 查询 [view_cnsale_sale_wq_detai_lastmonth1?key_57ce2n6vq7pcw0e8] - 范围 [$A$1:$CW$8401]
2026-06-03 14:07:25 [INFO] [任务1] 检查数据连接属性：
2026-06-03 14:07:25 [INFO] [任务1]   工作表 [view_cnsale_first_sale_m1_detai] - 查询 [view_cnsale_first_sale_m1_details_key_57ce2n6vq7pcw0e8]:
2026-06-03 14:07:25 [INFO] [任务1]     - 全部刷新时刷新此连接: ✗ 未设置
2026-06-03 14:07:25 [INFO] [任务1]   工作表 [view_cnsale_sale_wq_detai_lastm] - 查询 [view_cnsale_sale_wq_detai_lastmonth1?key_57ce2n6vq7pcw0e8]:
2026-06-03 14:07:25 [INFO] [任务1]     - 全部刷新时刷新此连接: ✗ 未设置
2026-06-03 14:07:35 [INFO] [任务1] 执行全部刷新...
2026-06-03 14:07:37 [INFO] [任务1] 没有需要验证的表格，刷新完成
2026-06-03 14:07:37 [INFO] [任务1] 启动弹窗守护线程，超时时间：90秒
2026-06-03 14:07:37 [DEBUG] [任务1] 未检测到按钮 view_all_content.png ：
2026-06-03 14:07:38 [DEBUG] [任务1] 未检测到按钮 view_all_content.png ：
2026-06-03 14:07:38 [INFO] [任务1] 重新应用筛选：view_cnsale_first_sale_m1_detai
2026-06-03 14:07:38 [INFO] [任务1] 检测到弹窗，已点击按钮：view_all_content.png
2026-06-03 14:07:38 [INFO] [任务1] 重新应用筛选：view_cnsale_sale_wq_detai_lastm
2026-06-03 14:07:39 [DEBUG] [任务1] 未检测到按钮 view_all_content.png ：
2026-06-03 14:07:39 [INFO] [任务1-0] 处理Webhook：833b098e...
2026-06-03 14:07:39 [INFO] [任务1-0] 开始截图，共 1 个区域
2026-06-03 14:07:39 [DEBUG] [任务1-0] 截图区域地址: $AD$1:$AS$9
2026-06-03 14:07:39 [INFO] [任务1-0] 弹窗守护线程结束
2026-06-03 14:07:40 [INFO] [任务1-0] 截图成功：[总览页面] 工作表[总览页面] 区域[AE1]
2026-06-03 14:07:41 [DEBUG] [任务1-0] 已将所有工作表缩放比例恢复为100%
2026-06-03 14:07:46 [INFO] [任务-] 成功释放文件锁：C:\Users\EDY\OneDrive - PPLINGO PTE LTD\CN-CC Management Team-08-中文业绩数据（内部） - 文档\数据看板\线索-工作簿2026-当月往期+顺次1.xlsx.lock
2026-06-03 14:07:46 [DEBUG] [任务1-0] Excel 进程已释放
2026-06-03 14:07:46 [INFO] [任务1-0] _deliver_results 被调用
2026-06-03 14:07:46 [INFO] [任务1-0]   webhook: 833b098e...
2026-06-03 14:07:46 [INFO] [任务1-0]   screenshots数量: 1
2026-06-03 14:07:46 [INFO] [任务1-0]   send_file_enable: 0
2026-06-03 14:07:47 [INFO] [任务1-0] 发送成功：截图 线索-工作簿2026-当月往期+顺次1_总览页面_20260603_140739_309846.png
2026-06-03 14:07:47 [INFO] [任务1-0] send_file_enable 为假，跳过发送文件
2026-06-03 14:07:47 [DEBUG] [任务1-0] 清理临时文件：线索-工作簿2026-当月往期+顺次1_总览页面_20260603_140739_309846.png
2026-06-03 14:07:47 [INFO] [任务1] 任务耗时：30.06s
2026-06-03 14:07:47 [INFO] [任务1] ====================================================================================================
2026-06-03 14:12:47 [INFO] [任务-] 日志系统已初始化，日志文件：C:\Users\EDY\Desktop\BOT_TEST\logs\2026\06\2026-06-03.log
2026-06-03 14:12:47 [INFO] [任务-] 成功导入 pyautogui
2026-06-03 14:12:47 [INFO] [任务-] 成功加载 2 个任务
2026-06-03 14:12:47 [INFO] [任务-] 进入调试模式...
2026-06-03 14:12:47 [INFO] [任务-] 当前任务配置：
2026-06-03 14:12:47 [INFO] [任务-]   [0] 学员明细备份.xlsx
2026-06-03 14:12:47 [INFO] [任务-]     - [0] webhook: 833b098e-d..., times: ['08:35', '10:35', '12:35', '14:35', '16:35', '18:35', '20:35', '22:00']
2026-06-03 14:12:47 [INFO] [任务-]     - [1] webhook: ee57f939-0..., times: ['08:40', '10:40', '12:40', '14:40', '16:40', '18:40', '20:40', '22:05']
2026-06-03 14:12:47 [INFO] [任务-]   [1] 线索-工作簿2026-当月往期+顺次1.xlsx
2026-06-03 14:12:47 [INFO] [任务-]     - [0] webhook: 833b098e-d..., times: ['08:35', '10:35', '12:35', '14:35', '16:35', '18:35', '20:35', '22:00']
2026-06-03 14:12:47 [INFO] [任务-] 执行任务 1: 线索-工作簿2026-当月往期+顺次1.xlsx
2026-06-03 14:12:47 [INFO] [任务1] ====================================================================================================
2026-06-03 14:12:47 [INFO] [任务1] 启动任务：线索-工作簿2026-当月往期+顺次1.xlsx
2026-06-03 14:12:47 [INFO] [任务1] ====================================================================================================
2026-06-03 14:12:47 [INFO] [任务-] 成功获取文件锁：C:\Users\EDY\OneDrive - PPLINGO PTE LTD\CN-CC Management Team-08-中文业绩数据（内部） - 文档\数据看板\线索-工作簿2026-当月往期+顺次1.xlsx.lock
2026-06-03 14:12:48 [DEBUG] [任务1] 成功创建 Excel 实例
2026-06-03 14:12:48 [DEBUG] [任务1] 成功设置 Excel 可见性: True
2026-06-03 14:12:48 [DEBUG] [任务1] 成功设置 DisplayAlerts = False
2026-06-03 14:12:55 [DEBUG] [任务1] 成功打开文件：线索-工作簿2026-当月往期+顺次1.xlsx
2026-06-03 14:12:55 [INFO] [任务1] 开始刷新数据...
2026-06-03 14:12:55 [DEBUG] [任务1] 工作表 [总览页面] 的表格 [表3] 未连接数据源
2026-06-03 14:12:55 [DEBUG] [任务1] 发现链接数据源的表格：工作表 [view_cnsale_first_sale_m1_detai] - 查询 [view_cnsale_first_sale_m1_details_key_57ce2n6vq7pcw0e8] - 范围 [$A$1:$CW$2352]
2026-06-03 14:12:56 [DEBUG] [任务1] 发现链接数据源的表格：工作表 [view_cnsale_sale_wq_detai_lastm] - 查询 [view_cnsale_sale_wq_detai_lastmonth1?key_57ce2n6vq7pcw0e8] - 范围 [$A$1:$CW$8401]
2026-06-03 14:12:56 [INFO] [任务1] 共发现 2 个链接了数据源的表格
2026-06-03 14:12:56 [INFO] [任务1]   - 工作表 [view_cnsale_first_sale_m1_detai] - 查询 [view_cnsale_first_sale_m1_details_key_57ce2n6vq7pcw0e8] - 范围 [$A$1:$CW$2352]
2026-06-03 14:12:56 [INFO] [任务1]   - 工作表 [view_cnsale_sale_wq_detai_lastm] - 查询 [view_cnsale_sale_wq_detai_lastmonth1?key_57ce2n6vq7pcw0e8] - 范围 [$A$1:$CW$8401]
2026-06-03 14:12:56 [INFO] [任务1] 检查数据连接属性：
2026-06-03 14:12:56 [INFO] [任务1]   工作表 [view_cnsale_first_sale_m1_detai] - 查询 [view_cnsale_first_sale_m1_details_key_57ce2n6vq7pcw0e8]:
2026-06-03 14:12:56 [INFO] [任务1]     - 全部刷新时刷新此连接: ✗ 未设置
2026-06-03 14:12:56 [INFO] [任务1]   工作表 [view_cnsale_sale_wq_detai_lastm] - 查询 [view_cnsale_sale_wq_detai_lastmonth1?key_57ce2n6vq7pcw0e8]:
2026-06-03 14:12:56 [INFO] [任务1]     - 全部刷新时刷新此连接: ✗ 未设置
2026-06-03 14:13:06 [INFO] [任务1] 执行全部刷新...
2026-06-03 14:13:07 [INFO] [任务1] 没有需要验证的表格，刷新完成
2026-06-03 14:13:07 [INFO] [任务1] 启动弹窗守护线程，超时时间：90秒
2026-06-03 14:13:08 [DEBUG] [任务1] 未检测到按钮 view_all_content.png ：
2026-06-03 14:13:08 [INFO] [任务1] 重新应用筛选：view_cnsale_first_sale_m1_detai
2026-06-03 14:13:08 [INFO] [任务1] 重新应用筛选：view_cnsale_sale_wq_detai_lastm
2026-06-03 14:13:08 [DEBUG] [任务1] 未检测到按钮 view_all_content.png ：
2026-06-03 14:13:09 [INFO] [任务1] 弹窗守护线程结束
2026-06-03 14:13:09 [INFO] [任务1] 刷新数据透视表：顺次渠道 - 数据透视表1
2026-06-03 14:13:11 [INFO] [任务1] 刷新数据透视表：顺次渠道 - 数据透视表3
2026-06-03 14:13:13 [INFO] [任务1] 刷新数据透视表：顺次渠道 - 数据透视表2
2026-06-03 14:13:15 [INFO] [任务1] 刷新数据透视表：顺次渠道 - 数据透视表5
2026-06-03 14:13:17 [INFO] [任务1] 刷新数据透视表：顺次渠道 - 数据透视表4
2026-06-03 14:13:19 [INFO] [任务1] 刷新数据透视表：团队 - 数据透视表2
2026-06-03 14:13:21 [INFO] [任务1] 刷新数据透视表：团队 - 数据透视表4
2026-06-03 14:13:23 [INFO] [任务1] 刷新数据透视表：团队 - 数据透视表1
2026-06-03 14:13:25 [INFO] [任务1] 刷新数据透视表：团队 - 数据透视表3
2026-06-03 14:13:27 [INFO] [任务1] 刷新数据透视表：往期渠道  - 数据透视表1
2026-06-03 14:13:29 [INFO] [任务1] 刷新数据透视表：往期渠道  - 数据透视表2
2026-06-03 14:13:31 [INFO] [任务1] 刷新数据透视表：往期渠道  - 数据透视表3
2026-06-03 14:13:32 [INFO] [任务1-0] 处理Webhook：833b098e...
2026-06-03 14:13:32 [INFO] [任务1-0] 开始截图，共 1 个区域
2026-06-03 14:13:32 [DEBUG] [任务1-0] 截图区域地址: $AD$1:$AS$9
2026-06-03 14:13:34 [INFO] [任务1-0] 截图成功：[总览页面] 工作表[总览页面] 区域[AE1]
2026-06-03 14:13:34 [DEBUG] [任务1-0] 已将所有工作表缩放比例恢复为100%
2026-06-03 14:13:40 [INFO] [任务-] 成功释放文件锁：C:\Users\EDY\OneDrive - PPLINGO PTE LTD\CN-CC Management Team-08-中文业绩数据（内部） - 文档\数据看板\线索-工作簿2026-当月往期+顺次1.xlsx.lock
2026-06-03 14:13:40 [DEBUG] [任务1-0] Excel 进程已释放
2026-06-03 14:13:40 [INFO] [任务1-0] _deliver_results 被调用
2026-06-03 14:13:40 [INFO] [任务1-0]   webhook: 833b098e...
2026-06-03 14:13:40 [INFO] [任务1-0]   screenshots数量: 1
2026-06-03 14:13:40 [INFO] [任务1-0]   send_file_enable: 0
2026-06-03 14:13:41 [INFO] [任务1-0] 发送成功：截图 线索-工作簿2026-当月往期+顺次1_总览页面_20260603_141332_545500.png
2026-06-03 14:13:41 [INFO] [任务1-0] send_file_enable 为假，跳过发送文件
2026-06-03 14:13:41 [DEBUG] [任务1-0] 清理临时文件：线索-工作簿2026-当月往期+顺次1_总览页面_20260603_141332_545500.png
2026-06-03 14:13:41 [INFO] [任务1] 任务耗时：53.89s
2026-06-03 14:13:41 [INFO] [任务1] ====================================================================================================
