2026-06-04 10:12:44 [INFO] [任务-] 日志系统已初始化，日志文件：C:\Users\EDY\Desktop\BOT_TEST\logs\2026\06\2026-06-04.log
2026-06-04 10:12:44 [INFO] [任务-] 成功导入 pyautogui
2026-06-04 10:12:44 [INFO] [任务-] 重试机制已启用，延迟时间：10分钟，最大重试次数：3次
2026-06-04 10:12:44 [INFO] [任务-] 成功加载 2 个任务
2026-06-04 10:12:44 [INFO] [任务-] 进入调试模式...
2026-06-04 10:12:44 [INFO] [任务-] 执行任务 0 的 webhook 1: ee57f939-0...
2026-06-04 10:12:44 [INFO] [任务0] ====================================================================================================
2026-06-04 10:12:44 [INFO] [任务0] 启动任务：学员明细备份.xlsx
2026-06-04 10:12:44 [INFO] [任务0] ====================================================================================================
2026-06-04 10:12:44 [INFO] [任务-] 成功获取文件锁：C:\Users\EDY\Desktop\BOT_TEST\locks\学员明细备份.xlsx.lock
2026-06-04 10:12:45 [DEBUG] [任务0] 成功创建 Excel 实例
2026-06-04 10:12:45 [DEBUG] [任务0] 成功设置 Excel 可见性: True
2026-06-04 10:12:45 [DEBUG] [任务0] 成功设置 DisplayAlerts = False
2026-06-04 10:12:46 [DEBUG] [任务0] 等待5秒
2026-06-04 10:12:51 [DEBUG] [任务0] 按下Esc键
2026-06-04 10:12:52 [DEBUG] [任务0] 成功打开文件：学员明细备份.xlsx
2026-06-04 10:12:52 [INFO] [任务0] 开始刷新数据...
2026-06-04 10:12:52 [DEBUG] [任务0] 发现链接数据源的表格：工作表 [昨日课量备份] - 查询 [昨日课量备份] - 范围 [$A$1:$B$59147]
2026-06-04 10:12:52 [INFO] [任务0] 共发现 1 个链接了数据源的表格
2026-06-04 10:12:52 [INFO] [任务0]   - 工作表 [昨日课量备份] - 查询 [昨日课量备份] - 范围 [$A$1:$B$59147]
2026-06-04 10:12:52 [INFO] [任务0] 检查数据连接属性：
2026-06-04 10:12:52 [INFO] [任务0]   工作表 [昨日课量备份] - 查询 [昨日课量备份]:
2026-06-04 10:12:52 [INFO] [任务0]     - 全部刷新时刷新此连接: ✗ 未设置
2026-06-04 10:13:02 [INFO] [任务0] 执行全部刷新...
2026-06-04 10:13:04 [INFO] [任务0] 没有需要验证的表格，刷新完成
2026-06-04 10:13:04 [INFO] [任务0] 启动弹窗守护线程，超时时间：90秒
2026-06-04 10:13:04 [INFO] [任务0] 重新应用筛选：昨日课量备份
2026-06-04 10:13:04 [DEBUG] [任务0] 未检测到按钮 view_all_content.png ：
2026-06-04 10:13:04 [INFO] [任务0-1] 处理Webhook：ee57f939...
2026-06-04 10:13:04 [INFO] [任务0-1] 开始截图，共 1 个区域
2026-06-04 10:13:04 [DEBUG] [任务0-1] 截图区域地址: $E$1
2026-06-04 10:13:04 [ERROR] [任务0-1] 截图异常：(-2147352567, '发生意外。', (0, 'Microsoft Excel', '类 Range 的 CopyPicture 方法无效', 'xlmain11.chm', 0, -2146827284), None)
Traceback (most recent call last):
  File "C:\Users\EDY\Desktop\BOT_TEST\excel.py", line 685, in _capture_range
    range_obj.CopyPicture(Format=1)
  File "<COMObject <unknown>>", line 2, in CopyPicture
  File "D:\Program\Miniconda\lib\site-packages\win32com\client\dynamic.py", line 356, in _ApplyTypes_
    result = self._oleobj_.InvokeTypes(
pywintypes.com_error: (-2147352567, '发生意外。', (0, 'Microsoft Excel', '类 Range 的 CopyPicture 方法无效', 'xlmain11.chm', 0, -2146827284), None)
2026-06-04 10:13:04 [WARNING] [任务0-1] 截图失败：[test_webhook2] 工作表[昨日课量备份] 区域[E1]
2026-06-04 10:13:04 [INFO] [任务0-1] 弹窗守护线程结束
2026-06-04 10:13:06 [WARNING] [任务0-1] 截图重试第 1/3 次，待重试区域 1 个
2026-06-04 10:13:06 [DEBUG] [任务0-1] 截图区域地址: $E$1
2026-06-04 10:13:08 [INFO] [任务0-1] 截图成功：[test_webhook2] 工作表[昨日课量备份] 区域[E1]
2026-06-04 10:13:08 [DEBUG] [任务0-1] 已将所有工作表缩放比例恢复为100%
2026-06-04 10:13:12 [INFO] [任务-] 成功释放文件锁：C:\Users\EDY\Desktop\BOT_TEST\locks\学员明细备份.xlsx.lock
2026-06-04 10:13:12 [DEBUG] [任务-] 已删除lock文件：C:\Users\EDY\Desktop\BOT_TEST\locks\学员明细备份.xlsx.lock
2026-06-04 10:13:12 [DEBUG] [任务0-1] Excel 进程已释放
2026-06-04 10:13:12 [INFO] [任务0] 任务耗时：27.32s
2026-06-04 10:13:12 [INFO] [任务0] 备份功能未启用
2026-06-04 10:13:12 [INFO] [任务0] ====================================================================================================
2026-06-04 10:18:21 [INFO] [任务-] 日志系统已初始化，日志文件：C:\Users\EDY\Desktop\BOT_TEST\logs\2026\06\2026-06-04.log
2026-06-04 10:18:21 [INFO] [任务-] 成功导入 pyautogui
2026-06-04 10:18:21 [INFO] [任务-] 重试机制已启用，延迟时间：10分钟，最大重试次数：3次
2026-06-04 10:18:21 [INFO] [任务-] 成功加载 2 个任务
2026-06-04 10:18:21 [INFO] [任务-] 进入调试模式...
2026-06-04 10:18:21 [INFO] [任务-] 执行任务 0 的 webhook 1: ee57f939-0...
2026-06-04 10:18:21 [INFO] [任务0] ====================================================================================================
2026-06-04 10:18:21 [INFO] [任务0] 启动任务：学员明细备份.xlsx
2026-06-04 10:18:21 [INFO] [任务0] ====================================================================================================
2026-06-04 10:18:21 [INFO] [任务-] 成功获取文件锁：C:\Users\EDY\Desktop\BOT_TEST\locks\学员明细备份.xlsx.lock
2026-06-04 10:18:22 [DEBUG] [任务0] 成功创建 Excel 实例
2026-06-04 10:18:22 [DEBUG] [任务0] 成功设置 Excel 可见性: True
2026-06-04 10:18:22 [DEBUG] [任务0] 成功设置 DisplayAlerts = False
2026-06-04 10:18:22 [DEBUG] [任务0] 等待5秒
2026-06-04 10:18:27 [DEBUG] [任务0] 按下Esc键
2026-06-04 10:18:28 [DEBUG] [任务0] 成功打开文件：学员明细备份.xlsx
2026-06-04 10:18:28 [INFO] [任务0] 开始刷新数据...
2026-06-04 10:18:28 [DEBUG] [任务0] 发现链接数据源的表格：工作表 [昨日课量备份] - 查询 [昨日课量备份] - 范围 [$A$1:$B$59147]
2026-06-04 10:18:28 [INFO] [任务0] 共发现 1 个链接了数据源的表格
2026-06-04 10:18:28 [INFO] [任务0]   - 工作表 [昨日课量备份] - 查询 [昨日课量备份] - 范围 [$A$1:$B$59147]
2026-06-04 10:18:28 [INFO] [任务0] 检查数据连接属性：
2026-06-04 10:18:28 [INFO] [任务0]   工作表 [昨日课量备份] - 查询 [昨日课量备份]:
2026-06-04 10:18:28 [INFO] [任务0]     - 全部刷新时刷新此连接: ✗ 未设置
2026-06-04 10:18:38 [INFO] [任务0] 执行全部刷新...
2026-06-04 10:18:39 [INFO] [任务0] 没有需要验证的表格，刷新完成
2026-06-04 10:18:39 [INFO] [任务0] 启动弹窗守护线程，超时时间：90秒
2026-06-04 10:18:40 [INFO] [任务0] 重新应用筛选：昨日课量备份
2026-06-04 10:18:40 [DEBUG] [任务0] 未检测到按钮 view_all_content.png ：
2026-06-04 10:18:40 [INFO] [任务0-1] 处理Webhook：ee57f939...
2026-06-04 10:18:40 [INFO] [任务0-1] 开始截图，共 1 个区域
2026-06-04 10:18:40 [DEBUG] [任务0-1] 截图区域地址: $E$1
2026-06-04 10:18:40 [INFO] [任务0-1] 弹窗守护线程结束
2026-06-04 10:18:41 [INFO] [任务0-1] 截图成功：[test_webhook2] 工作表[昨日课量备份] 区域[E1]
2026-06-04 10:18:42 [DEBUG] [任务0-1] 已将所有工作表缩放比例恢复为100%
2026-06-04 10:18:43 [INFO] [任务-] 成功释放文件锁：C:\Users\EDY\Desktop\BOT_TEST\locks\学员明细备份.xlsx.lock
2026-06-04 10:18:43 [DEBUG] [任务-] 已删除lock文件：C:\Users\EDY\Desktop\BOT_TEST\locks\学员明细备份.xlsx.lock
2026-06-04 10:18:43 [DEBUG] [任务0-1] Excel 进程已释放
2026-06-04 10:18:43 [INFO] [任务0-1] _deliver_results 被调用
2026-06-04 10:18:43 [INFO] [任务0-1]   webhook: ee57f939...
2026-06-04 10:18:43 [INFO] [任务0-1]   screenshots数量: 1
2026-06-04 10:18:43 [INFO] [任务0-1]   send_file_enable: 0
2026-06-04 10:18:43 [DEBUG] [任务-] Starting new HTTPS connection (1): qyapi.weixin.qq.com:443
2026-06-04 10:18:43 [DEBUG] [任务-] https://qyapi.weixin.qq.com:443 "POST /cgi-bin/webhook/send?key=ee57f939-0e4e-4707-beba-422dae91538e HTTP/1.1" 200 27
2026-06-04 10:18:43 [INFO] [任务0-1] 发送成功：截图 学员明细备份_test_webhook2_20260604_101840_299653.png
2026-06-04 10:18:43 [INFO] [任务0-1] send_file_enable 为假，跳过发送文件
2026-06-04 10:18:43 [DEBUG] [任务0-1] 清理临时文件：学员明细备份_test_webhook2_20260604_101840_299653.png
2026-06-04 10:18:43 [INFO] [任务0] 任务耗时：22.15s
2026-06-04 10:18:43 [INFO] [任务0] 备份功能未启用
2026-06-04 10:18:43 [INFO] [任务0] ====================================================================================================
2026-06-04 10:18:52 [INFO] [任务-] 日志系统已初始化，日志文件：C:\Users\EDY\Desktop\BOT_TEST\logs\2026\06\2026-06-04.log
2026-06-04 10:18:52 [INFO] [任务-] 成功导入 pyautogui
2026-06-04 10:18:52 [INFO] [任务-] 重试机制已启用，延迟时间：10分钟，最大重试次数：3次
2026-06-04 10:18:52 [INFO] [任务-] 成功加载 2 个任务
2026-06-04 10:18:52 [INFO] [任务-] 进入调试模式...
2026-06-04 10:18:52 [INFO] [任务-] 执行任务 0: 学员明细自动播报
2026-06-04 10:18:52 [INFO] [任务0] ====================================================================================================
2026-06-04 10:18:52 [INFO] [任务0] 启动任务：学员明细备份.xlsx
2026-06-04 10:18:52 [INFO] [任务0] ====================================================================================================
2026-06-04 10:18:52 [INFO] [任务-] 成功获取文件锁：C:\Users\EDY\Desktop\BOT_TEST\locks\学员明细备份.xlsx.lock
2026-06-04 10:18:53 [DEBUG] [任务0] 成功创建 Excel 实例
2026-06-04 10:18:53 [DEBUG] [任务0] 成功设置 Excel 可见性: True
2026-06-04 10:18:53 [DEBUG] [任务0] 成功设置 DisplayAlerts = False
2026-06-04 10:18:54 [DEBUG] [任务0] 等待5秒
2026-06-04 10:18:59 [DEBUG] [任务0] 按下Esc键
2026-06-04 10:18:59 [DEBUG] [任务0] 成功打开文件：学员明细备份.xlsx
2026-06-04 10:18:59 [INFO] [任务0] 开始刷新数据...
2026-06-04 10:18:59 [DEBUG] [任务0] 发现链接数据源的表格：工作表 [昨日课量备份] - 查询 [昨日课量备份] - 范围 [$A$1:$B$59147]
2026-06-04 10:18:59 [INFO] [任务0] 共发现 1 个链接了数据源的表格
2026-06-04 10:18:59 [INFO] [任务0]   - 工作表 [昨日课量备份] - 查询 [昨日课量备份] - 范围 [$A$1:$B$59147]
2026-06-04 10:18:59 [INFO] [任务0] 检查数据连接属性：
2026-06-04 10:18:59 [INFO] [任务0]   工作表 [昨日课量备份] - 查询 [昨日课量备份]:
2026-06-04 10:18:59 [INFO] [任务0]     - 全部刷新时刷新此连接: ✗ 未设置
2026-06-04 10:19:09 [INFO] [任务0] 执行全部刷新...
2026-06-04 10:19:11 [INFO] [任务0] 没有需要验证的表格，刷新完成
2026-06-04 10:19:11 [INFO] [任务0] 启动弹窗守护线程，超时时间：90秒
2026-06-04 10:19:12 [INFO] [任务0] 重新应用筛选：昨日课量备份
2026-06-04 10:19:12 [DEBUG] [任务0] 未检测到按钮 view_all_content.png ：
2026-06-04 10:19:12 [INFO] [任务0-0] 处理Webhook：833b098e...
2026-06-04 10:19:12 [INFO] [任务0-0] 开始截图，共 1 个区域
2026-06-04 10:19:12 [DEBUG] [任务0-0] 截图区域地址: $E$1
2026-06-04 10:19:12 [INFO] [任务0-0] 弹窗守护线程结束
2026-06-04 10:19:14 [INFO] [任务0-0] 截图成功：[test_webhook1] 工作表[昨日课量备份] 区域[E1]
2026-06-04 10:19:14 [DEBUG] [任务0-0] 已将所有工作表缩放比例恢复为100%
2026-06-04 10:19:14 [INFO] [任务0-1] 处理Webhook：ee57f939...
2026-06-04 10:19:14 [INFO] [任务0-1] 开始截图，共 1 个区域
2026-06-04 10:19:15 [DEBUG] [任务0-1] 截图区域地址: $E$1
2026-06-04 10:19:17 [INFO] [任务0-1] 截图成功：[test_webhook2] 工作表[昨日课量备份] 区域[E1]
2026-06-04 10:19:17 [DEBUG] [任务0-1] 已将所有工作表缩放比例恢复为100%
2026-06-04 10:19:20 [INFO] [任务-] 成功释放文件锁：C:\Users\EDY\Desktop\BOT_TEST\locks\学员明细备份.xlsx.lock
2026-06-04 10:19:20 [DEBUG] [任务-] 已删除lock文件：C:\Users\EDY\Desktop\BOT_TEST\locks\学员明细备份.xlsx.lock
2026-06-04 10:19:20 [DEBUG] [任务0-1] Excel 进程已释放
2026-06-04 10:19:20 [INFO] [任务0-0] _deliver_results 被调用
2026-06-04 10:19:20 [INFO] [任务0-0]   webhook: 833b098e...
2026-06-04 10:19:20 [INFO] [任务0-0]   screenshots数量: 1
2026-06-04 10:19:20 [INFO] [任务0-0]   send_file_enable: 1
2026-06-04 10:19:20 [DEBUG] [任务-] Starting new HTTPS connection (1): qyapi.weixin.qq.com:443
2026-06-04 10:19:21 [DEBUG] [任务-] https://qyapi.weixin.qq.com:443 "POST /cgi-bin/webhook/send?key=833b098e-d8b8-43ea-bfdf-cade0d040fb6 HTTP/1.1" 200 27
2026-06-04 10:19:21 [INFO] [任务0-0] 发送成功：截图 学员明细备份_test_webhook1_20260604_101912_821036.png
2026-06-04 10:19:21 [INFO] [任务0-0] send_file_enable 为真，准备发送文件
2026-06-04 10:19:21 [INFO] [任务0-0] 准备发送文件，file_path: C:/Users/EDY/OneDrive - PPLINGO PTE LTD/自动播报文件/学员明细备份.xlsx
2026-06-04 10:19:21 [INFO] [任务0-0] send_file_enable 检查，webhook: 833b098e...
2026-06-04 10:19:21 [INFO] [任务0-0] 开始发送文件（第 1/3 次尝试）：学员明细备份.xlsx
2026-06-04 10:19:21 [INFO] [任务0-0] 上传URL: https://qyapi.weixin.qq.com/cgi-bin/webhook/upload_media?key=833b098e-d8b8-43ea-bfdf-cade0d040fb6&type=file
2026-06-04 10:19:21 [INFO] [任务0-0] 上传文件名：学员明细备份_2026-06-04_101921.xlsx
2026-06-04 10:19:21 [INFO] [任务0-0] 正在上传文件（第 1/3 次尝试）：C:/Users/EDY/OneDrive - PPLINGO PTE LTD/自动播报文件/学员明细备份.xlsx
2026-06-04 10:19:21 [DEBUG] [任务-] Starting new HTTPS connection (1): qyapi.weixin.qq.com:443
2026-06-04 10:19:22 [DEBUG] [任务-] https://qyapi.weixin.qq.com:443 "POST /cgi-bin/webhook/upload_media?key=833b098e-d8b8-43ea-bfdf-cade0d040fb6&type=file HTTP/1.1" 200 146
2026-06-04 10:19:22 [INFO] [任务0-0] 上传响应状态码: 200
2026-06-04 10:19:22 [INFO] [任务0-0] 上传响应内容: {"errcode":0,"errmsg":"ok","type":"file","media_id":"39NGXQoAoP8SZQ-ekAXJLn-3FopN5HBNnvkf625PznjEQb7pOYVJXWREKdPWksauQ","created_at":"1780539560"}
2026-06-04 10:19:22 [INFO] [任务0-0] 上传结果: {'errcode': 0, 'errmsg': 'ok', 'type': 'file', 'media_id': '39NGXQoAoP8SZQ-ekAXJLn-3FopN5HBNnvkf625PznjEQb7pOYVJXWREKdPWksauQ', 'created_at': '1780539560'}
2026-06-04 10:19:22 [INFO] [任务0-0] 文件上传成功，media_id: 39NGXQoAoP8SZQ-ekAXJLn-3FopN5HBNnvkf625PznjEQb7pOYVJXWREKdPWksauQ
2026-06-04 10:19:22 [DEBUG] [任务-] Starting new HTTPS connection (1): qyapi.weixin.qq.com:443
2026-06-04 10:19:22 [DEBUG] [任务-] https://qyapi.weixin.qq.com:443 "POST /cgi-bin/webhook/send?key=833b098e-d8b8-43ea-bfdf-cade0d040fb6 HTTP/1.1" 200 27
2026-06-04 10:19:22 [INFO] [任务0-0] 发送成功：文件 学员明细备份.xlsx
2026-06-04 10:19:22 [INFO] [任务0-0] 文件发送成功（第 1/3 次尝试）
2026-06-04 10:19:22 [DEBUG] [任务0-0] 清理临时文件：学员明细备份_test_webhook1_20260604_101912_821036.png
2026-06-04 10:19:22 [INFO] [任务0-1] _deliver_results 被调用
2026-06-04 10:19:22 [INFO] [任务0-1]   webhook: ee57f939...
2026-06-04 10:19:22 [INFO] [任务0-1]   screenshots数量: 1
2026-06-04 10:19:22 [INFO] [任务0-1]   send_file_enable: 0
2026-06-04 10:19:22 [DEBUG] [任务-] Starting new HTTPS connection (1): qyapi.weixin.qq.com:443
2026-06-04 10:19:23 [DEBUG] [任务-] https://qyapi.weixin.qq.com:443 "POST /cgi-bin/webhook/send?key=ee57f939-0e4e-4707-beba-422dae91538e HTTP/1.1" 200 27
2026-06-04 10:19:23 [INFO] [任务0-1] 发送成功：截图 学员明细备份_test_webhook2_20260604_101915_016153.png
2026-06-04 10:19:23 [INFO] [任务0-1] send_file_enable 为假，跳过发送文件
2026-06-04 10:19:23 [DEBUG] [任务0-1] 清理临时文件：学员明细备份_test_webhook2_20260604_101915_016153.png
2026-06-04 10:19:23 [INFO] [任务0] 任务耗时：30.22s
2026-06-04 10:19:23 [INFO] [任务0] 备份功能未启用
2026-06-04 10:19:23 [INFO] [任务0] ====================================================================================================
