2026-06-02 15:48:46 [INFO] 日志系统已初始化，日志文件：C:\Users\EDY\Desktop\BOT_TEST\logs\2026\06\2026-06-02.log
2026-06-02 15:48:46 [INFO] 成功导入 pyautogui
2026-06-02 15:53:41 [INFO] 日志系统已初始化，日志文件：C:\Users\EDY\Desktop\BOT_TEST\logs\2026\06\2026-06-02.log
2026-06-02 15:53:41 [INFO] 成功导入 pyautogui
2026-06-02 15:53:41 [INFO] 成功加载 1 个任务
2026-06-02 15:53:41 [INFO] 进入调试模式...
2026-06-02 15:53:41 [INFO] 当前任务配置：
2026-06-02 15:53:41 [INFO]   [0] 学员明细备份.xlsx
2026-06-02 15:53:41 [INFO]     - [0] webhook: 833b098e-d..., times: ['08:35', '10:35', '12:35', '14:35', '16:35', '18:35', '20:35', '22:00']
2026-06-02 15:53:41 [INFO]     - [1] webhook: ee57f939-0..., times: ['08:40', '10:40', '12:40', '14:40', '16:40', '18:40', '20:40', '22:05']
2026-06-02 15:53:41 [INFO] ====================================================================================================
2026-06-02 15:53:41 [INFO] 启动任务：学员明细备份.xlsx
2026-06-02 15:53:41 [INFO] ====================================================================================================
2026-06-02 15:53:44 [INFO] 开始刷新数据...
2026-06-02 15:53:44 [INFO] 共发现 1 个链接了数据源的表格
2026-06-02 15:53:44 [INFO]   - 工作表 [昨日课量备份] - 查询 [昨日课量备份] - 范围 [$A$1:$B$59147]
2026-06-02 15:53:44 [INFO] 检查数据连接属性：
2026-06-02 15:53:44 [INFO]   工作表 [昨日课量备份] - 查询 [昨日课量备份]:
2026-06-02 15:53:44 [INFO]     - 全部刷新时刷新此连接: ✗ 未设置
2026-06-02 15:53:54 [INFO] 执行全部刷新...
2026-06-02 15:53:55 [INFO] 没有需要验证的表格，刷新完成
2026-06-02 15:53:55 [INFO] 启动弹窗守护线程，超时时间：90秒
2026-06-02 15:53:56 [INFO] 处理Webhook：833b098e...
2026-06-02 15:53:56 [INFO] 开始截图，共 1 个区域
2026-06-02 15:53:56 [INFO] 弹窗守护线程结束
2026-06-02 15:53:58 [INFO] 截图成功：[test_webhook1] 工作表[昨日课量备份] 区域[E1]
2026-06-02 15:53:58 [INFO] 处理Webhook：ee57f939...
2026-06-02 15:53:58 [INFO] 开始截图，共 1 个区域
2026-06-02 15:54:00 [INFO] 截图成功：[test_webhook2] 工作表[昨日课量备份] 区域[E1]
2026-06-02 15:54:01 [INFO] _deliver_results 被调用
2026-06-02 15:54:01 [INFO]   webhook: 833b098e...
2026-06-02 15:54:01 [INFO]   screenshots数量: 1
2026-06-02 15:54:01 [INFO]   send_file_enable: 1
2026-06-02 15:54:02 [INFO] 发送成功：截图 学员明细备份_test_webhook1_20260602_155356_460520.png
2026-06-02 15:54:02 [INFO] send_file_enable 为真，准备发送文件
2026-06-02 15:54:02 [INFO] 准备发送文件，file_path: C:/Users/EDY/OneDrive - PPLINGO PTE LTD/自动播报文件/学员明细备份.xlsx
2026-06-02 15:54:02 [INFO] send_file_enable 检查，webhook: 833b098e...
2026-06-02 15:54:02 [INFO] 开始上传文件：学员明细备份.xlsx
2026-06-02 15:54:02 [INFO] 上传URL: https://qyapi.weixin.qq.com/cgi-bin/webhook/upload_media?key=833b098e-d8b8-43ea-bfdf-cade0d040fb6&type=file
2026-06-02 15:54:02 [INFO] 正在上传文件：C:/Users/EDY/OneDrive - PPLINGO PTE LTD/自动播报文件/学员明细备份.xlsx
2026-06-02 15:54:02 [INFO] 上传文件名：学员明细备份_2026-06-02.xlsx
2026-06-02 15:54:03 [INFO] 上传响应状态码: 200
2026-06-02 15:54:03 [INFO] 上传响应内容: {"errcode":0,"errmsg":"ok","type":"file","media_id":"36O16XnTTAyhczyKKm7bkD0T3Rd8OGV8Md6EtP-j8Y0hKMCXP2FtMjKZUW8UJ6i06","created_at":"1780386842"}
2026-06-02 15:54:03 [INFO] 上传结果: {'errcode': 0, 'errmsg': 'ok', 'type': 'file', 'media_id': '36O16XnTTAyhczyKKm7bkD0T3Rd8OGV8Md6EtP-j8Y0hKMCXP2FtMjKZUW8UJ6i06', 'created_at': '1780386842'}
2026-06-02 15:54:03 [INFO] 文件上传成功，media_id: 36O16XnTTAyhczyKKm7bkD0T3Rd8OGV8Md6EtP-j8Y0hKMCXP2FtMjKZUW8UJ6i06
2026-06-02 15:54:03 [INFO] 发送成功：文件 学员明细备份.xlsx
2026-06-02 15:54:03 [INFO] _deliver_results 被调用
2026-06-02 15:54:03 [INFO]   webhook: ee57f939...
2026-06-02 15:54:03 [INFO]   screenshots数量: 1
2026-06-02 15:54:03 [INFO]   send_file_enable: 0
2026-06-02 15:54:04 [INFO] 发送成功：截图 学员明细备份_test_webhook2_20260602_155358_506550.png
2026-06-02 15:54:04 [INFO] send_file_enable 为假，跳过发送文件
2026-06-02 15:54:04 [INFO] 任务耗时：22.31s
2026-06-02 15:54:04 [INFO] ====================================================================================================
