2026-02-13 18:15:29 [INFO] 日志系统已初始化，日志文件：c:\Users\EDY\Desktop\BOT_TEST\logs\2026\02\2026-02-13.log
2026-02-13 18:15:29 [INFO] 成功加载 1 个任务
2026-02-13 18:15:29 [INFO] 进入调试模式...
2026-02-13 18:15:29 [INFO] ====================================================================================================
2026-02-13 18:15:29 [INFO] 启动任务：春节值班人员数据通晒.xlsx
2026-02-13 18:15:29 [INFO] ====================================================================================================
2026-02-13 18:15:30 [DEBUG] 成功打开文件：春节值班人员数据通晒.xlsx
2026-02-13 18:15:30 [INFO] 开始刷新数据...
2026-02-13 18:15:30 [DEBUG] 工作表 [约课数据看板] 的表格 [表4] 未连接数据源
2026-02-13 18:15:30 [DEBUG] 发现链接数据源的表格：工作表 [新签明细_实时] - 查询 [新签明细_实时_1] - 范围 [$A$1:$AN$724]
2026-02-13 18:15:30 [DEBUG] 发现链接数据源的表格：工作表 [续费明细_实时] - 查询 [续费明细_实时] - 范围 [$A$1:$Z$830]
2026-02-13 18:15:30 [DEBUG] 发现链接数据源的表格：工作表 [约课明细-实时] - 查询 [约课明细_实时] - 范围 [$A$1:$AQ$4956]
2026-02-13 18:15:30 [DEBUG] 发现链接数据源的表格：工作表 [M0] - 查询 [M0] - 范围 [$A$1:$CI$4181]
2026-02-13 18:15:30 [DEBUG] 发现链接数据源的表格：工作表 [通话记录] - 查询 [通话记录] - 范围 [$A$1:$H$1475]
2026-02-13 18:15:30 [INFO] 共发现 5 个链接了数据源的表格
2026-02-13 18:15:30 [INFO]   - 工作表 [新签明细_实时] - 查询 [新签明细_实时_1] - 范围 [$A$1:$AN$724]
2026-02-13 18:15:30 [INFO]   - 工作表 [续费明细_实时] - 查询 [续费明细_实时] - 范围 [$A$1:$Z$830]
2026-02-13 18:15:30 [INFO]   - 工作表 [约课明细-实时] - 查询 [约课明细_实时] - 范围 [$A$1:$AQ$4956]
2026-02-13 18:15:30 [INFO]   - 工作表 [M0] - 查询 [M0] - 范围 [$A$1:$CI$4181]
2026-02-13 18:15:30 [INFO]   - 工作表 [通话记录] - 查询 [通话记录] - 范围 [$A$1:$H$1475]
2026-02-13 18:15:30 [INFO] 检查数据连接属性：
2026-02-13 18:15:30 [INFO]   工作表 [新签明细_实时] - 查询 [新签明细_实时_1]:
2026-02-13 18:15:30 [INFO]     - 全部刷新时刷新此连接: ✓ 已设置
2026-02-13 18:15:30 [INFO]     - 数据源表格范围: $A$1:$AN$724
2026-02-13 18:15:30 [INFO]   工作表 [续费明细_实时] - 查询 [续费明细_实时]:
2026-02-13 18:15:30 [INFO]     - 全部刷新时刷新此连接: ✓ 已设置
2026-02-13 18:15:30 [INFO]     - 数据源表格范围: $A$1:$Z$830
2026-02-13 18:15:30 [INFO]   工作表 [约课明细-实时] - 查询 [约课明细_实时]:
2026-02-13 18:15:30 [INFO]     - 全部刷新时刷新此连接: ✓ 已设置
2026-02-13 18:15:30 [INFO]     - 数据源表格范围: $A$1:$AQ$4956
2026-02-13 18:15:30 [INFO]   工作表 [M0] - 查询 [M0]:
2026-02-13 18:15:30 [INFO]     - 全部刷新时刷新此连接: ✓ 已设置
2026-02-13 18:15:30 [INFO]     - 数据源表格范围: $A$1:$CI$4181
2026-02-13 18:15:30 [INFO]   工作表 [通话记录] - 查询 [通话记录]:
2026-02-13 18:15:30 [INFO]     - 全部刷新时刷新此连接: ✓ 已设置
2026-02-13 18:15:30 [INFO]     - 数据源表格范围: $A$1:$H$1475
2026-02-13 18:15:30 [INFO] 在 5 个工作表中设置左上角单元格值为1
2026-02-13 18:15:30 [INFO]   工作表 [新签明细_实时] - 已将 $A$1 单元格值设置为 1
2026-02-13 18:15:30 [INFO]   工作表 [续费明细_实时] - 已将 $A$1 单元格值设置为 1
2026-02-13 18:15:30 [INFO]   工作表 [约课明细-实时] - 已将 $A$1 单元格值设置为 1
2026-02-13 18:15:30 [INFO]   工作表 [M0] - 已将 $A$1 单元格值设置为 1
2026-02-13 18:15:30 [INFO]   工作表 [通话记录] - 已将 $A$1 单元格值设置为 1
2026-02-13 18:15:40 [INFO] 执行全部刷新...
2026-02-13 18:15:41 [ERROR] 刷新异常：(-2147352567, '发生意外。', (0, None, None, None, 0, -2146777998), None)
2026-02-13 18:15:41 [WARNING] 数据刷新失败，发送通知并终止任务
2026-02-13 18:15:41 [INFO] 发送成功：数据刷新失败通知
2026-02-13 18:15:44 [DEBUG] Excel 进程已释放
2026-02-13 18:15:44 [INFO] 任务耗时：14.87s
2026-02-13 18:15:44 [INFO] ====================================================================================================
2026-02-13 18:15:56 [INFO] 日志系统已初始化，日志文件：c:\Users\EDY\Desktop\BOT_TEST\logs\2026\02\2026-02-13.log
2026-02-13 18:15:56 [INFO] 成功加载 1 个任务
2026-02-13 18:15:56 [INFO] 进入调试模式...
2026-02-13 18:15:56 [INFO] ====================================================================================================
2026-02-13 18:15:56 [INFO] 启动任务：春节值班人员数据通晒.xlsx
2026-02-13 18:15:56 [INFO] ====================================================================================================
2026-02-13 18:15:59 [DEBUG] 成功打开文件：春节值班人员数据通晒.xlsx
2026-02-13 18:15:59 [INFO] 开始刷新数据...
2026-02-13 18:15:59 [DEBUG] 工作表 [约课数据看板] 的表格 [表4] 未连接数据源
2026-02-13 18:15:59 [DEBUG] 发现链接数据源的表格：工作表 [新签明细_实时] - 查询 [新签明细_实时_1] - 范围 [$A$1:$AN$724]
2026-02-13 18:15:59 [DEBUG] 发现链接数据源的表格：工作表 [续费明细_实时] - 查询 [续费明细_实时] - 范围 [$A$1:$Z$830]
2026-02-13 18:15:59 [DEBUG] 发现链接数据源的表格：工作表 [约课明细-实时] - 查询 [约课明细_实时] - 范围 [$A$1:$AQ$4956]
2026-02-13 18:15:59 [DEBUG] 发现链接数据源的表格：工作表 [M0] - 查询 [M0] - 范围 [$A$1:$CI$4181]
2026-02-13 18:15:59 [DEBUG] 发现链接数据源的表格：工作表 [通话记录] - 查询 [通话记录] - 范围 [$A$1:$H$1475]
2026-02-13 18:15:59 [INFO] 共发现 5 个链接了数据源的表格
2026-02-13 18:15:59 [INFO]   - 工作表 [新签明细_实时] - 查询 [新签明细_实时_1] - 范围 [$A$1:$AN$724]
2026-02-13 18:15:59 [INFO]   - 工作表 [续费明细_实时] - 查询 [续费明细_实时] - 范围 [$A$1:$Z$830]
2026-02-13 18:15:59 [INFO]   - 工作表 [约课明细-实时] - 查询 [约课明细_实时] - 范围 [$A$1:$AQ$4956]
2026-02-13 18:15:59 [INFO]   - 工作表 [M0] - 查询 [M0] - 范围 [$A$1:$CI$4181]
2026-02-13 18:15:59 [INFO]   - 工作表 [通话记录] - 查询 [通话记录] - 范围 [$A$1:$H$1475]
2026-02-13 18:15:59 [INFO] 检查数据连接属性：
2026-02-13 18:15:59 [INFO]   工作表 [新签明细_实时] - 查询 [新签明细_实时_1]:
2026-02-13 18:15:59 [INFO]     - 全部刷新时刷新此连接: ✓ 已设置
2026-02-13 18:15:59 [INFO]     - 数据源表格范围: $A$1:$AN$724
2026-02-13 18:15:59 [INFO]   工作表 [续费明细_实时] - 查询 [续费明细_实时]:
2026-02-13 18:15:59 [INFO]     - 全部刷新时刷新此连接: ✓ 已设置
2026-02-13 18:15:59 [INFO]     - 数据源表格范围: $A$1:$Z$830
2026-02-13 18:15:59 [INFO]   工作表 [约课明细-实时] - 查询 [约课明细_实时]:
2026-02-13 18:15:59 [INFO]     - 全部刷新时刷新此连接: ✓ 已设置
2026-02-13 18:15:59 [INFO]     - 数据源表格范围: $A$1:$AQ$4956
2026-02-13 18:15:59 [INFO]   工作表 [M0] - 查询 [M0]:
2026-02-13 18:15:59 [INFO]     - 全部刷新时刷新此连接: ✓ 已设置
2026-02-13 18:15:59 [INFO]     - 数据源表格范围: $A$1:$CI$4181
2026-02-13 18:15:59 [INFO]   工作表 [通话记录] - 查询 [通话记录]:
2026-02-13 18:15:59 [INFO]     - 全部刷新时刷新此连接: ✓ 已设置
2026-02-13 18:15:59 [INFO]     - 数据源表格范围: $A$1:$H$1475
2026-02-13 18:15:59 [INFO] 在 5 个工作表中设置左上角单元格值为1
2026-02-13 18:15:59 [INFO]   工作表 [新签明细_实时] - 已将 $A$1 单元格值设置为 1
2026-02-13 18:15:59 [INFO]   工作表 [续费明细_实时] - 已将 $A$1 单元格值设置为 1
2026-02-13 18:15:59 [INFO]   工作表 [约课明细-实时] - 已将 $A$1 单元格值设置为 1
2026-02-13 18:15:59 [INFO]   工作表 [M0] - 已将 $A$1 单元格值设置为 1
2026-02-13 18:16:00 [INFO]   工作表 [通话记录] - 已将 $A$1 单元格值设置为 1
2026-02-13 18:16:10 [INFO] 执行全部刷新...
2026-02-13 18:16:19 [INFO] 工作表 [新签明细_实时] - 查询 [新签明细_实时_1] 的 $A$1 单元格值已更新，刷新成功
2026-02-13 18:16:19 [INFO] 工作表 [续费明细_实时] - 查询 [续费明细_实时] 的 $A$1 单元格值已更新，刷新成功
2026-02-13 18:16:19 [INFO] 工作表 [约课明细-实时] - 查询 [约课明细_实时] 的 $A$1 单元格值已更新，刷新成功
2026-02-13 18:16:19 [WARNING] 工作表 [M0] - 查询 [M0] 的 $A$1 单元格值仍为1，刷新失败
2026-02-13 18:16:19 [INFO] 工作表 [通话记录] - 查询 [通话记录] 的 $A$1 单元格值已更新，刷新成功
2026-02-13 18:16:19 [WARNING] 发现 1 个表格刷新失败，准备重试（剩余 3 次）
2026-02-13 18:16:24 [WARNING] 第 1 次重试刷新，发现 1 个表格刷新失败
2026-02-13 18:16:24 [WARNING]   重试刷新：工作表 [M0] - 查询 [M0]
2026-02-13 18:16:27 [INFO] 工作表 [新签明细_实时] - 查询 [新签明细_实时_1] 的 $A$1 单元格值已更新，刷新成功
2026-02-13 18:16:27 [INFO] 工作表 [续费明细_实时] - 查询 [续费明细_实时] 的 $A$1 单元格值已更新，刷新成功
2026-02-13 18:16:27 [INFO] 工作表 [约课明细-实时] - 查询 [约课明细_实时] 的 $A$1 单元格值已更新，刷新成功
2026-02-13 18:16:27 [WARNING] 工作表 [M0] - 查询 [M0] 的 $A$1 单元格值仍为1，刷新失败
2026-02-13 18:16:27 [INFO] 工作表 [通话记录] - 查询 [通话记录] 的 $A$1 单元格值已更新，刷新成功
2026-02-13 18:16:27 [WARNING] 发现 1 个表格刷新失败，准备重试（剩余 2 次）
2026-02-13 18:16:32 [WARNING] 第 2 次重试刷新，发现 1 个表格刷新失败
2026-02-13 18:16:32 [WARNING]   重试刷新：工作表 [M0] - 查询 [M0]
2026-02-13 18:16:34 [INFO] 工作表 [新签明细_实时] - 查询 [新签明细_实时_1] 的 $A$1 单元格值已更新，刷新成功
2026-02-13 18:16:34 [INFO] 工作表 [续费明细_实时] - 查询 [续费明细_实时] 的 $A$1 单元格值已更新，刷新成功
2026-02-13 18:16:34 [INFO] 工作表 [约课明细-实时] - 查询 [约课明细_实时] 的 $A$1 单元格值已更新，刷新成功
2026-02-13 18:16:34 [WARNING] 工作表 [M0] - 查询 [M0] 的 $A$1 单元格值仍为1，刷新失败
2026-02-13 18:16:34 [INFO] 工作表 [通话记录] - 查询 [通话记录] 的 $A$1 单元格值已更新，刷新成功
2026-02-13 18:16:34 [WARNING] 发现 1 个表格刷新失败，准备重试（剩余 1 次）
2026-02-13 18:16:39 [WARNING] 第 3 次重试刷新，发现 1 个表格刷新失败
2026-02-13 18:16:39 [WARNING]   重试刷新：工作表 [M0] - 查询 [M0]
2026-02-13 18:16:42 [INFO] 工作表 [新签明细_实时] - 查询 [新签明细_实时_1] 的 $A$1 单元格值已更新，刷新成功
2026-02-13 18:16:42 [INFO] 工作表 [续费明细_实时] - 查询 [续费明细_实时] 的 $A$1 单元格值已更新，刷新成功
2026-02-13 18:16:42 [INFO] 工作表 [约课明细-实时] - 查询 [约课明细_实时] 的 $A$1 单元格值已更新，刷新成功
2026-02-13 18:16:42 [WARNING] 工作表 [M0] - 查询 [M0] 的 $A$1 单元格值仍为1，刷新失败
2026-02-13 18:16:42 [INFO] 工作表 [通话记录] - 查询 [通话记录] 的 $A$1 单元格值已更新，刷新成功
2026-02-13 18:16:42 [ERROR] 达到最大重试次数（3次），仍有 1 个表格刷新失败
2026-02-13 18:16:42 [ERROR]   失败表格：工作表 [M0] - 查询 [M0]
2026-02-13 18:16:42 [WARNING] 数据刷新失败，发送通知并终止任务
2026-02-13 18:16:43 [INFO] 发送成功：数据刷新失败通知
2026-02-13 18:16:46 [DEBUG] Excel 进程已释放
2026-02-13 18:16:46 [INFO] 任务耗时：50.40s
2026-02-13 18:16:46 [INFO] ====================================================================================================
2026-02-13 18:20:15 [INFO] 日志系统已初始化，日志文件：c:\Users\EDY\Desktop\BOT_TEST\logs\2026\02\2026-02-13.log
2026-02-13 18:20:15 [INFO] 成功加载 1 个任务
2026-02-13 18:20:15 [INFO] 进入调试模式...
2026-02-13 18:20:15 [INFO] ====================================================================================================
2026-02-13 18:20:15 [INFO] 启动任务：激励播报-202602.xlsx
2026-02-13 18:20:15 [INFO] ====================================================================================================
2026-02-13 18:20:25 [DEBUG] 成功打开文件：激励播报-202602.xlsx
2026-02-13 18:20:25 [INFO] 开始刷新数据...
2026-02-13 18:20:25 [DEBUG] 工作表 [个人往期达标PK（1-9）] 的表格 [表32_215424] 未连接数据源
2026-02-13 18:20:25 [DEBUG] 工作表 [团队新签阶段达成PK（1-14）] 的表格 [表32_21548] 未连接数据源
2026-02-13 18:20:25 [DEBUG] 工作表 [团队续费阶段达成PK（1-14）] 的表格 [表32_215482] 未连接数据源
2026-02-13 18:20:25 [DEBUG] 工作表 [个人续费达标PK (1-14)] 的表格 [表14] 未连接数据源
2026-02-13 18:20:25 [DEBUG] 工作表 [RF完成率PK（1-14）] 的表格 [表32_2154245] 未连接数据源
2026-02-13 18:20:25 [DEBUG] 工作表 [团队阶段达成PK(1-14)] 的表格 [表32_21548514] 未连接数据源
2026-02-13 18:20:25 [DEBUG] 工作表 [春节-新签红包享不停(15-21)] 的表格 [表8] 未连接数据源
2026-02-13 18:20:25 [DEBUG] 工作表 [新签冲刺(22-24)] 的表格 [表32_215424510] 未连接数据源
2026-02-13 18:20:25 [DEBUG] 工作表 [续费冲刺(22-27)] 的表格 [表16] 未连接数据源
2026-02-13 18:20:25 [DEBUG] 工作表 [续费冲刺(22-27)] 的表格 [表16_18] 未连接数据源
2026-02-13 18:20:25 [DEBUG] 工作表 [续费冲刺(22-27)] 的表格 [表16_19] 未连接数据源
2026-02-13 18:20:25 [DEBUG] 工作表 [续费冲刺(22-27)] 的表格 [表20] 未连接数据源
2026-02-13 18:20:25 [DEBUG] 工作表 [激励中间表] 的表格 [顾问明细底表] 未连接数据源
2026-02-13 18:20:25 [DEBUG] 工作表 [激励中间表] 的表格 [BY团队] 未连接数据源
2026-02-13 18:20:25 [DEBUG] 工作表 [激励中间表] 的表格 [BY经理] 未连接数据源
2026-02-13 18:20:25 [DEBUG] 发现链接数据源的表格：工作表 [新签明细实时] - 查询 [新签明细实时] - 范围 [$A$1:$AP$627]
2026-02-13 18:20:25 [DEBUG] 发现链接数据源的表格：工作表 [续费明细实时] - 查询 [续费明细实时] - 范围 [$A$1:$AA$290]
2026-02-13 18:20:25 [DEBUG] 发现链接数据源的表格：工作表 [约课明细] - 查询 [约课明细] - 范围 [$A$1:$AN$7821]
2026-02-13 18:20:25 [DEBUG] 发现链接数据源的表格：工作表 [线索明细] - 查询 [线索明细] - 范围 [$A$1:$CI$8780]
2026-02-13 18:20:25 [DEBUG] 发现链接数据源的表格：工作表 [人员架构表] - 查询 [人员架构表] - 范围 [$A$1:$X$562]
2026-02-13 18:20:25 [INFO] 共发现 5 个链接了数据源的表格
2026-02-13 18:20:25 [INFO]   - 工作表 [新签明细实时] - 查询 [新签明细实时] - 范围 [$A$1:$AP$627]
2026-02-13 18:20:25 [INFO]   - 工作表 [续费明细实时] - 查询 [续费明细实时] - 范围 [$A$1:$AA$290]
2026-02-13 18:20:25 [INFO]   - 工作表 [约课明细] - 查询 [约课明细] - 范围 [$A$1:$AN$7821]
2026-02-13 18:20:25 [INFO]   - 工作表 [线索明细] - 查询 [线索明细] - 范围 [$A$1:$CI$8780]
2026-02-13 18:20:25 [INFO]   - 工作表 [人员架构表] - 查询 [人员架构表] - 范围 [$A$1:$X$562]
2026-02-13 18:20:25 [INFO] 检查数据连接属性：
2026-02-13 18:20:25 [INFO]   工作表 [新签明细实时] - 查询 [新签明细实时]:
2026-02-13 18:20:25 [INFO]     - 全部刷新时刷新此连接: ✓ 已设置
2026-02-13 18:20:25 [INFO]     - 数据源表格范围: $A$1:$AP$627
2026-02-13 18:20:25 [INFO]   工作表 [续费明细实时] - 查询 [续费明细实时]:
2026-02-13 18:20:25 [INFO]     - 全部刷新时刷新此连接: ✓ 已设置
2026-02-13 18:20:25 [INFO]     - 数据源表格范围: $A$1:$AA$290
2026-02-13 18:20:25 [INFO]   工作表 [约课明细] - 查询 [约课明细]:
2026-02-13 18:20:25 [INFO]     - 全部刷新时刷新此连接: ✗ 未设置
2026-02-13 18:20:25 [INFO]   工作表 [线索明细] - 查询 [线索明细]:
2026-02-13 18:20:25 [INFO]     - 全部刷新时刷新此连接: ✗ 未设置
2026-02-13 18:20:25 [INFO]   工作表 [人员架构表] - 查询 [人员架构表]:
2026-02-13 18:20:25 [INFO]     - 全部刷新时刷新此连接: ✗ 未设置
2026-02-13 18:20:25 [INFO] 在 2 个工作表中设置左上角单元格值为1
2026-02-13 18:20:25 [INFO]   工作表 [新签明细实时] - 已将 $A$1 单元格值设置为 1
2026-02-13 18:20:25 [INFO]   工作表 [续费明细实时] - 已将 $A$1 单元格值设置为 1
2026-02-13 18:20:35 [INFO] 执行全部刷新...
2026-02-13 18:20:51 [INFO] 工作表 [新签明细实时] - 查询 [新签明细实时] 的 $A$1 单元格值已更新，刷新成功
2026-02-13 18:20:51 [INFO] 工作表 [续费明细实时] - 查询 [续费明细实时] 的 $A$1 单元格值已更新，刷新成功
2026-02-13 18:20:51 [INFO] 所有表格刷新成功！
2026-02-13 18:20:51 [DEBUG] 重新应用筛选：团队新签阶段达成PK（1-14）
2026-02-13 18:20:51 [DEBUG] 重新应用筛选：团队续费阶段达成PK（1-14）
2026-02-13 18:20:51 [DEBUG] 重新应用筛选：个人续费达标PK (1-14)
2026-02-13 18:20:51 [DEBUG] 重新应用筛选：RF完成率PK（1-14）
2026-02-13 18:20:51 [DEBUG] 重新应用筛选：团队阶段达成PK(1-14)
2026-02-13 18:20:51 [DEBUG] 重新应用筛选：春节-新签红包享不停(15-21)
2026-02-13 18:20:51 [DEBUG] 重新应用筛选：新签冲刺(22-24)
2026-02-13 18:20:51 [DEBUG] 重新应用筛选：续费冲刺(22-27)
2026-02-13 18:20:52 [DEBUG] 重新应用筛选：激励中间表
2026-02-13 18:20:52 [DEBUG] 截图区域地址: $A$1:$AB$114
2026-02-13 18:20:54 [DEBUG] 生成截图：激励播报-202602_test_20260213_182052_164738.png
2026-02-13 18:20:57 [DEBUG] 已将所有工作表缩放比例恢复为100%
2026-02-13 18:21:01 [DEBUG] Excel 进程已释放
2026-02-13 18:21:02 [INFO] 发送成功：截图 激励播报-202602_test_20260213_182052_164738.png
2026-02-13 18:21:02 [DEBUG] 清理临时文件：激励播报-202602_test_20260213_182052_164738.png
2026-02-13 18:21:02 [INFO] 任务耗时：46.96s
2026-02-13 18:21:02 [INFO] ====================================================================================================
