2026-03-16 15:47:46 [INFO] 日志系统已初始化，日志文件：c:\Users\EDY\Desktop\BOT_TEST\logs\2026\03\2026-03-16.log
2026-03-16 15:47:46 [INFO] 成功加载 1 个任务
2026-03-16 15:47:46 [INFO] 进入调试模式...
2026-03-16 15:47:46 [INFO] ====================================================================================================
2026-03-16 15:47:46 [INFO] 启动任务：学员明细备份.xlsx
2026-03-16 15:47:46 [INFO] ====================================================================================================
2026-03-16 15:47:47 [DEBUG] 成功打开文件：学员明细备份.xlsx
2026-03-16 15:47:47 [INFO] 开始刷新数据...
2026-03-16 15:47:47 [DEBUG] 未安装 pywinauto，跳过 UIA 弹窗守护
2026-03-16 15:47:47 [DEBUG] 发现链接数据源的表格：工作表 [昨日课量备份] - 查询 [昨日课量备份] - 范围 [$A$1:$B$59147]
2026-03-16 15:47:47 [INFO] 共发现 1 个链接了数据源的表格
2026-03-16 15:47:47 [INFO]   - 工作表 [昨日课量备份] - 查询 [昨日课量备份] - 范围 [$A$1:$B$59147]
2026-03-16 15:47:47 [INFO] 检查数据连接属性：
2026-03-16 15:47:47 [INFO]   工作表 [昨日课量备份] - 查询 [昨日课量备份]:
2026-03-16 15:47:47 [INFO]     - 全部刷新时刷新此连接: ✓ 已设置
2026-03-16 15:47:47 [INFO]     - 数据源表格范围: $A$1:$B$59147
2026-03-16 15:47:47 [INFO] 在 1 个工作表中设置左上角单元格值为1
2026-03-16 15:47:47 [INFO]   工作表 [昨日课量备份] - 已将 $A$1 单元格值设置为 1
2026-03-16 15:47:57 [INFO] 执行全部刷新...
2026-03-16 15:49:25 [INFO] 工作表 [昨日课量备份] - 查询 [昨日课量备份] 的 $A$1 单元格值已更新，刷新成功
2026-03-16 15:49:25 [INFO] 所有表格刷新成功！
2026-03-16 15:49:25 [DEBUG] 未安装 pywinauto，跳过 UIA 弹窗守护
2026-03-16 15:49:56 [DEBUG] 应用筛选/排序失败：昨日课量备份 - (-2147352567, '发生意外。', (0, None, None, None, 0, -2146827284), None)
2026-03-16 15:49:56 [DEBUG] 未安装 pywinauto，跳过 UIA 弹窗守护
2026-03-16 15:49:56 [DEBUG] 截图区域地址: $A$1:$B$59147
2026-03-16 15:49:57 [ERROR] 截图异常：(-2147352567, '发生意外。', (0, None, '指定的值超出了范围。', None, 0, -2147024809), None)
Traceback (most recent call last):
  File "c:\Users\EDY\Desktop\BOT_TEST\excel.py", line 477, in _capture_range
    chart_obj = sheet.ChartObjects().Add(left, top, width, height)
  File "<COMObject ChartObjects>", line 2, in Add
pywintypes.com_error: (-2147352567, '发生意外。', (0, None, '指定的值超出了范围。', None, 0, -2147024809), None)
2026-03-16 15:49:59 [DEBUG] 已将所有工作表缩放比例恢复为100%
2026-03-16 15:50:03 [DEBUG] Excel 进程已释放
2026-03-16 15:50:03 [INFO] 任务耗时：136.92s
2026-03-16 15:50:03 [INFO] ====================================================================================================
2026-03-16 15:53:22 [INFO] 日志系统已初始化，日志文件：c:\Users\EDY\Desktop\BOT_TEST\logs\2026\03\2026-03-16.log
2026-03-16 15:53:22 [INFO] 成功加载 1 个任务
2026-03-16 15:53:22 [INFO] 进入调试模式...
2026-03-16 15:53:22 [INFO] ====================================================================================================
2026-03-16 15:53:22 [INFO] 启动任务：学员明细备份.xlsx
2026-03-16 15:53:22 [INFO] ====================================================================================================
2026-03-16 15:53:22 [DEBUG] 成功打开文件：学员明细备份.xlsx
2026-03-16 15:53:22 [INFO] 开始刷新数据...
2026-03-16 15:53:22 [DEBUG] UIA 弹窗守护不可用：pywinauto 未安装或导入失败
2026-03-16 15:53:22 [DEBUG] 发现链接数据源的表格：工作表 [昨日课量备份] - 查询 [昨日课量备份] - 范围 [$A$1:$B$59147]
2026-03-16 15:53:22 [INFO] 共发现 1 个链接了数据源的表格
2026-03-16 15:53:22 [INFO]   - 工作表 [昨日课量备份] - 查询 [昨日课量备份] - 范围 [$A$1:$B$59147]
2026-03-16 15:53:22 [INFO] 检查数据连接属性：
2026-03-16 15:53:22 [INFO]   工作表 [昨日课量备份] - 查询 [昨日课量备份]:
2026-03-16 15:53:22 [INFO]     - 全部刷新时刷新此连接: ✓ 已设置
2026-03-16 15:53:22 [INFO]     - 数据源表格范围: $A$1:$B$59147
2026-03-16 15:53:22 [INFO] 在 1 个工作表中设置左上角单元格值为1
2026-03-16 15:53:22 [INFO]   工作表 [昨日课量备份] - 已将 $A$1 单元格值设置为 1
2026-03-16 15:53:37 [DEBUG] Excel 进程已释放
2026-03-16 15:53:37 [INFO] 任务耗时：15.23s
2026-03-16 15:53:37 [INFO] ====================================================================================================
2026-03-16 15:59:24 [INFO] 日志系统已初始化，日志文件：c:\Users\EDY\Desktop\BOT_TEST\logs\2026\03\2026-03-16.log
2026-03-16 15:59:24 [INFO] 成功加载 1 个任务
2026-03-16 15:59:24 [INFO] 进入调试模式...
2026-03-16 15:59:24 [INFO] ====================================================================================================
2026-03-16 15:59:24 [INFO] 启动任务：学员明细备份.xlsx
2026-03-16 15:59:24 [INFO] ====================================================================================================
2026-03-16 15:59:25 [DEBUG] 成功打开文件：学员明细备份.xlsx
2026-03-16 15:59:25 [INFO] 开始刷新数据...
2026-03-16 15:59:25 [DEBUG] UIA 弹窗守护不可用：pywinauto 未安装或导入失败
2026-03-16 15:59:25 [DEBUG] 发现链接数据源的表格：工作表 [昨日课量备份] - 查询 [昨日课量备份] - 范围 [$A$1:$B$59147]
2026-03-16 15:59:25 [INFO] 共发现 1 个链接了数据源的表格
2026-03-16 15:59:25 [INFO]   - 工作表 [昨日课量备份] - 查询 [昨日课量备份] - 范围 [$A$1:$B$59147]
2026-03-16 15:59:25 [INFO] 检查数据连接属性：
2026-03-16 15:59:25 [INFO]   工作表 [昨日课量备份] - 查询 [昨日课量备份]:
2026-03-16 15:59:25 [INFO]     - 全部刷新时刷新此连接: ✓ 已设置
2026-03-16 15:59:25 [INFO]     - 数据源表格范围: $A$1:$B$59147
2026-03-16 15:59:25 [INFO] 在 1 个工作表中设置左上角单元格值为1
2026-03-16 15:59:25 [INFO]   工作表 [昨日课量备份] - 已将 $A$1 单元格值设置为 1
2026-03-16 15:59:35 [INFO] 执行全部刷新...
2026-03-16 16:03:08 [INFO] 工作表 [昨日课量备份] - 查询 [昨日课量备份] 的 $A$1 单元格值已更新，刷新成功
2026-03-16 16:03:08 [INFO] 所有表格刷新成功！
2026-03-16 16:03:08 [DEBUG] UIA 弹窗守护不可用：pywinauto 未安装或导入失败
2026-03-16 16:03:08 [DEBUG] UIA 弹窗守护不可用：pywinauto 未安装或导入失败
2026-03-16 16:03:08 [DEBUG] 截图区域地址: $A$1:$B$59147
2026-03-16 16:03:09 [ERROR] 截图异常：(-2147352567, '发生意外。', (0, None, '指定的值超出了范围。', None, 0, -2147024809), None)
Traceback (most recent call last):
  File "c:\Users\EDY\Desktop\BOT_TEST\excel.py", line 497, in _capture_range
    chart_obj = sheet.ChartObjects().Add(left, top, width, height)
  File "<COMObject ChartObjects>", line 2, in Add
pywintypes.com_error: (-2147352567, '发生意外。', (0, None, '指定的值超出了范围。', None, 0, -2147024809), None)
2026-03-16 16:03:09 [DEBUG] 已将所有工作表缩放比例恢复为100%
2026-03-16 16:03:21 [DEBUG] Excel 进程已释放
2026-03-16 16:03:21 [INFO] 任务耗时：237.66s
2026-03-16 16:03:21 [INFO] ====================================================================================================
2026-03-16 16:16:42 [INFO] 日志系统已初始化，日志文件：c:\Users\EDY\Desktop\BOT_TEST\logs\2026\03\2026-03-16.log
2026-03-16 16:16:42 [INFO] 成功加载 1 个任务
2026-03-16 16:16:42 [INFO] 进入调试模式...
2026-03-16 16:16:42 [INFO] ====================================================================================================
2026-03-16 16:16:42 [INFO] 启动任务：学员明细备份.xlsx
2026-03-16 16:16:42 [INFO] ====================================================================================================
2026-03-16 16:16:42 [DEBUG] 成功打开文件：学员明细备份.xlsx
2026-03-16 16:16:42 [INFO] 开始刷新数据...
2026-03-16 16:16:42 [DEBUG] 发现链接数据源的表格：工作表 [昨日课量备份] - 查询 [昨日课量备份] - 范围 [$A$1:$B$59147]
2026-03-16 16:16:42 [INFO] 共发现 1 个链接了数据源的表格
2026-03-16 16:16:42 [INFO]   - 工作表 [昨日课量备份] - 查询 [昨日课量备份] - 范围 [$A$1:$B$59147]
2026-03-16 16:16:42 [INFO] 检查数据连接属性：
2026-03-16 16:16:42 [INFO]   工作表 [昨日课量备份] - 查询 [昨日课量备份]:
2026-03-16 16:16:42 [INFO]     - 全部刷新时刷新此连接: ✓ 已设置
2026-03-16 16:16:42 [INFO]     - 数据源表格范围: $A$1:$B$59147
2026-03-16 16:16:42 [INFO] 在 1 个工作表中设置左上角单元格值为1
2026-03-16 16:16:42 [INFO]   工作表 [昨日课量备份] - 已将 $A$1 单元格值设置为 1
2026-03-16 16:16:52 [INFO] 执行全部刷新...
2026-03-16 16:18:39 [INFO] 工作表 [昨日课量备份] - 查询 [昨日课量备份] 的 $A$1 单元格值已更新，刷新成功
2026-03-16 16:18:39 [INFO] 所有表格刷新成功！
2026-03-16 16:18:39 [DEBUG] 截图区域地址: $A$1
2026-03-16 16:18:40 [DEBUG] 生成截图：学员明细备份_test_20260316_161839_260660.png
2026-03-16 16:18:40 [DEBUG] 已将所有工作表缩放比例恢复为100%
2026-03-16 16:18:49 [DEBUG] Excel 进程已释放
2026-03-16 16:18:50 [INFO] 发送成功：截图 学员明细备份_test_20260316_161839_260660.png
2026-03-16 16:18:50 [DEBUG] 清理临时文件：学员明细备份_test_20260316_161839_260660.png
2026-03-16 16:18:50 [INFO] 任务耗时：127.85s
2026-03-16 16:18:50 [INFO] ====================================================================================================
2026-03-16 16:19:20 [INFO] 日志系统已初始化，日志文件：c:\Users\EDY\Desktop\BOT_TEST\logs\2026\03\2026-03-16.log
2026-03-16 16:19:20 [INFO] 成功加载 1 个任务
2026-03-16 16:19:20 [INFO] 进入调试模式...
2026-03-16 16:19:20 [INFO] ====================================================================================================
2026-03-16 16:19:20 [INFO] 启动任务：学员明细备份.xlsx
2026-03-16 16:19:20 [INFO] ====================================================================================================
2026-03-16 16:19:22 [DEBUG] 成功打开文件：学员明细备份.xlsx
2026-03-16 16:19:22 [INFO] 开始刷新数据...
2026-03-16 16:19:22 [DEBUG] 发现链接数据源的表格：工作表 [昨日课量备份] - 查询 [昨日课量备份] - 范围 [$A$1:$B$59147]
2026-03-16 16:19:22 [INFO] 共发现 1 个链接了数据源的表格
2026-03-16 16:19:22 [INFO]   - 工作表 [昨日课量备份] - 查询 [昨日课量备份] - 范围 [$A$1:$B$59147]
2026-03-16 16:19:22 [INFO] 检查数据连接属性：
2026-03-16 16:19:22 [INFO]   工作表 [昨日课量备份] - 查询 [昨日课量备份]:
2026-03-16 16:19:22 [INFO]     - 全部刷新时刷新此连接: ✓ 已设置
2026-03-16 16:19:22 [INFO]     - 数据源表格范围: $A$1:$B$59147
2026-03-16 16:19:22 [INFO] 在 1 个工作表中设置左上角单元格值为1
2026-03-16 16:19:22 [INFO]   工作表 [昨日课量备份] - 已将 $A$1 单元格值设置为 1
2026-03-16 16:19:32 [INFO] 执行全部刷新...
2026-03-16 16:20:18 [INFO] 工作表 [昨日课量备份] - 查询 [昨日课量备份] 的 $A$1 单元格值已更新，刷新成功
2026-03-16 16:20:18 [INFO] 所有表格刷新成功！
2026-03-16 16:20:18 [DEBUG] 截图区域地址: $A$1
2026-03-16 16:20:19 [DEBUG] 生成截图：学员明细备份_test_20260316_162018_703857.png
2026-03-16 16:20:19 [DEBUG] 已将所有工作表缩放比例恢复为100%
2026-03-16 16:20:30 [DEBUG] Excel 进程已释放
2026-03-16 16:20:30 [INFO] 发送成功：截图 学员明细备份_test_20260316_162018_703857.png
2026-03-16 16:20:30 [DEBUG] 清理临时文件：学员明细备份_test_20260316_162018_703857.png
2026-03-16 16:20:30 [INFO] 任务耗时：70.24s
2026-03-16 16:20:30 [INFO] ====================================================================================================
2026-03-16 16:46:44 [INFO] 日志系统已初始化，日志文件：c:\Users\EDY\Desktop\BOT_TEST\logs\2026\03\2026-03-16.log
2026-03-16 16:46:44 [INFO] 成功加载 1 个任务
2026-03-16 16:46:44 [INFO] 进入调试模式...
2026-03-16 16:46:44 [INFO] ====================================================================================================
2026-03-16 16:46:44 [INFO] 启动任务：学员明细备份.xlsx
2026-03-16 16:46:44 [INFO] ====================================================================================================
2026-03-16 16:46:46 [DEBUG] 成功打开文件：学员明细备份.xlsx
2026-03-16 16:46:46 [INFO] 开始刷新数据...
2026-03-16 16:46:46 [DEBUG] UIA 弹窗守护已启动（timeout=620s）
2026-03-16 16:46:46 [DEBUG] 发现链接数据源的表格：工作表 [昨日课量备份] - 查询 [昨日课量备份] - 范围 [$A$1:$B$59147]
2026-03-16 16:46:46 [INFO] 共发现 1 个链接了数据源的表格
2026-03-16 16:46:46 [INFO]   - 工作表 [昨日课量备份] - 查询 [昨日课量备份] - 范围 [$A$1:$B$59147]
2026-03-16 16:46:46 [INFO] 检查数据连接属性：
2026-03-16 16:46:46 [INFO]   工作表 [昨日课量备份] - 查询 [昨日课量备份]:
2026-03-16 16:46:46 [INFO]     - 全部刷新时刷新此连接: ✓ 已设置
2026-03-16 16:46:46 [INFO]     - 数据源表格范围: $A$1:$B$59147
2026-03-16 16:46:46 [INFO] 在 1 个工作表中设置左上角单元格值为1
2026-03-16 16:46:46 [INFO]   工作表 [昨日课量备份] - 已将 $A$1 单元格值设置为 1
2026-03-16 16:46:56 [INFO] 执行全部刷新...
2026-03-16 16:48:10 [INFO] 工作表 [昨日课量备份] - 查询 [昨日课量备份] 的 $A$1 单元格值已更新，刷新成功
2026-03-16 16:48:10 [INFO] 所有表格刷新成功！
2026-03-16 16:48:10 [DEBUG] UIA 弹窗守护已启动（timeout=90s）
2026-03-16 16:48:10 [DEBUG] UIA 弹窗守护已启动（timeout=180s）
2026-03-16 16:48:10 [DEBUG] UIA 弹窗守护已停止
2026-03-16 16:48:10 [DEBUG] 截图区域地址: $A$1
2026-03-16 16:48:12 [DEBUG] 生成截图：学员明细备份_test_20260316_164810_832143.png
2026-03-16 16:48:12 [DEBUG] 已将所有工作表缩放比例恢复为100%
2026-03-16 16:48:12 [DEBUG] UIA 弹窗守护已停止
2026-03-16 16:48:20 [DEBUG] Excel 进程已释放
2026-03-16 16:48:20 [INFO] 发送成功：截图 学员明细备份_test_20260316_164810_832143.png
2026-03-16 16:48:20 [DEBUG] 清理临时文件：学员明细备份_test_20260316_164810_832143.png
2026-03-16 16:48:20 [INFO] 任务耗时：96.73s
2026-03-16 16:48:20 [INFO] ====================================================================================================
