2026-03-26 18:41:50 [INFO] 日志系统已初始化，日志文件：c:\Users\EDY\Desktop\BOT_TEST\logs\2026\03\2026-03-26.log
2026-03-26 18:41:50 [INFO] 成功加载 1 个任务
2026-03-26 18:41:50 [INFO] 进入调试模式...
2026-03-26 18:41:50 [INFO] ====================================================================================================
2026-03-26 18:41:50 [INFO] 启动任务：学员明细备份.xlsx
2026-03-26 18:41:50 [INFO] ====================================================================================================
2026-03-26 18:41:53 [DEBUG] 成功打开文件：学员明细备份.xlsx
2026-03-26 18:41:53 [INFO] 开始刷新数据...
2026-03-26 18:41:53 [DEBUG] 发现链接数据源的表格：工作表 [昨日课量备份] - 查询 [昨日课量备份] - 范围 [$A$1:$B$59147]
2026-03-26 18:41:53 [INFO] 共发现 1 个链接了数据源的表格
2026-03-26 18:41:53 [INFO]   - 工作表 [昨日课量备份] - 查询 [昨日课量备份] - 范围 [$A$1:$B$59147]
2026-03-26 18:41:53 [INFO] 检查数据连接属性：
2026-03-26 18:41:53 [INFO]   工作表 [昨日课量备份] - 查询 [昨日课量备份]:
2026-03-26 18:41:53 [INFO]     - 全部刷新时刷新此连接: ✓ 已设置
2026-03-26 18:41:53 [INFO]     - 数据源表格范围: $A$1:$B$59147
2026-03-26 18:41:53 [INFO] 在 1 个工作表中设置左上角单元格值为1
2026-03-26 18:41:53 [INFO]   工作表 [昨日课量备份] - 已将 $A$1 单元格值设置为 1
2026-03-26 18:42:03 [INFO] 执行全部刷新...
2026-03-26 18:43:20 [INFO] 工作表 [昨日课量备份] - 查询 [昨日课量备份] 的 $A$1 单元格值已更新，刷新成功
2026-03-26 18:43:20 [INFO] 所有表格刷新成功！
2026-03-26 18:43:20 [INFO] 开始截图，共 1 个区域
2026-03-26 18:43:20 [DEBUG] 截图区域地址: $A$1
2026-03-26 18:43:21 [INFO] 截图成功：[test] 工作表[sheet1] 区域[A1]
2026-03-26 18:43:21 [DEBUG] 已将所有工作表缩放比例恢复为100%
2026-03-26 18:43:24 [DEBUG] Excel 进程已释放
2026-03-26 18:43:25 [INFO] 发送成功：截图 学员明细备份_test_20260326_184320_257262.png
2026-03-26 18:43:25 [DEBUG] 清理临时文件：学员明细备份_test_20260326_184320_257262.png
2026-03-26 18:43:25 [INFO] 任务耗时：94.90s
2026-03-26 18:43:25 [INFO] ====================================================================================================
