2025-12-26 18:44:59 [INFO] 日志系统已初始化，日志文件：C:\Users\EDY\Desktop\BOT_TEST\logs\2025\12\2025-12-26.log
2025-12-26 18:47:33 [INFO] 日志系统已初始化，日志文件：c:\Users\EDY\Desktop\BOT_TEST\logs\2025\12\2025-12-26.log
2025-12-26 18:47:33 [INFO] 成功加载 1 个任务
2025-12-26 18:47:33 [INFO] 进入调试模式...
2025-12-26 18:47:33 [INFO] 立即执行：业绩自动播报T-1-202512.xlsx
2025-12-26 18:47:33 [INFO] 启动任务：业绩自动播报T-1-202512.xlsx
2025-12-26 18:47:44 [DEBUG] 成功打开文件：业绩自动播报T-1-202512.xlsx
2025-12-26 18:47:44 [INFO] 开始刷新数据...
2025-12-26 18:47:44 [DEBUG] 发现链接数据源的表格：工作表 [新签明细-实时] - 查询 [新签明细_实时] - 范围 [$A$1:$W$433]
2025-12-26 18:47:44 [DEBUG] 发现链接数据源的表格：工作表 [续费明细-实时] - 查询 [续费明细_实时] - 范围 [$A$1:$V$409]
2025-12-26 18:47:44 [DEBUG] 发现链接数据源的表格：工作表 [新签明细-限制T-1] - 查询 [新签明细_限制T_1] - 范围 [$A$1:$AB$1379]
2025-12-26 18:47:44 [DEBUG] 发现链接数据源的表格：工作表 [续费明细-限制T-1] - 查询 [续费明细_限制T_1] - 范围 [$A$1:$AB$2851]
2025-12-26 18:47:44 [DEBUG] 发现链接数据源的表格：工作表 [组渠道顺次] - 查询 [组渠道顺次_T_1] - 范围 [$A$1:$N$106]
2025-12-26 18:47:44 [INFO] 共发现 5 个链接了数据源的表格
2025-12-26 18:47:44 [INFO]   - 工作表 [新签明细-实时] - 查询 [新签明细_实时] - 范围 [$A$1:$W$433]
2025-12-26 18:47:44 [INFO]   - 工作表 [续费明细-实时] - 查询 [续费明细_实时] - 范围 [$A$1:$V$409]
2025-12-26 18:47:44 [INFO]   - 工作表 [新签明细-限制T-1] - 查询 [新签明细_限制T_1] - 范围 [$A$1:$AB$1379]
2025-12-26 18:47:44 [INFO]   - 工作表 [续费明细-限制T-1] - 查询 [续费明细_限制T_1] - 范围 [$A$1:$AB$2851]
2025-12-26 18:47:44 [INFO]   - 工作表 [组渠道顺次] - 查询 [组渠道顺次_T_1] - 范围 [$A$1:$N$106]
2025-12-26 18:47:44 [INFO] 检查数据连接属性：
2025-12-26 18:47:44 [INFO]   工作表 [新签明细-实时] - 查询 [新签明细_实时]:
2025-12-26 18:47:44 [INFO]     - 全部刷新时刷新此连接: ✗ 未设置
2025-12-26 18:47:44 [INFO]   工作表 [续费明细-实时] - 查询 [续费明细_实时]:
2025-12-26 18:47:44 [INFO]     - 全部刷新时刷新此连接: ✗ 未设置
2025-12-26 18:47:44 [INFO]   工作表 [新签明细-限制T-1] - 查询 [新签明细_限制T_1]:
2025-12-26 18:47:44 [INFO]     - 全部刷新时刷新此连接: ✓ 已设置
2025-12-26 18:47:44 [INFO]     - 数据源表格范围: $A$1:$AB$1379
2025-12-26 18:47:44 [INFO]   工作表 [续费明细-限制T-1] - 查询 [续费明细_限制T_1]:
2025-12-26 18:47:44 [INFO]     - 全部刷新时刷新此连接: ✓ 已设置
2025-12-26 18:47:44 [INFO]     - 数据源表格范围: $A$1:$AB$2851
2025-12-26 18:47:44 [INFO]   工作表 [组渠道顺次] - 查询 [组渠道顺次_T_1]:
2025-12-26 18:47:44 [INFO]     - 全部刷新时刷新此连接: ✓ 已设置
2025-12-26 18:47:44 [INFO]     - 数据源表格范围: $A$1:$N$106
2025-12-26 18:47:44 [INFO] 在 3 个工作表中设置左上角单元格值为1
2025-12-26 18:47:44 [INFO]   工作表 [新签明细-限制T-1] - 已将 $A$1 单元格值设置为 1
2025-12-26 18:47:44 [INFO]   工作表 [续费明细-限制T-1] - 已将 $A$1 单元格值设置为 1
2025-12-26 18:47:44 [INFO]   工作表 [组渠道顺次] - 已将 $A$1 单元格值设置为 1
2025-12-26 18:47:54 [INFO] 执行全部刷新...
2025-12-26 18:48:13 [INFO] 工作表 [新签明细-限制T-1] - 查询 [新签明细_限制T_1] 的 $A$1 单元格值已更新，刷新成功
2025-12-26 18:48:13 [INFO] 工作表 [续费明细-限制T-1] - 查询 [续费明细_限制T_1] 的 $A$1 单元格值已更新，刷新成功
2025-12-26 18:48:13 [INFO] 工作表 [组渠道顺次] - 查询 [组渠道顺次_T_1] 的 $A$1 单元格值已更新，刷新成功
2025-12-26 18:48:13 [INFO] 所有表格刷新成功！
2025-12-26 18:48:13 [DEBUG] 截图区域地址: $A$1:$AM$40
2025-12-26 18:48:14 [DEBUG] 生成截图：业绩自动播报T-1-202512_test_20251226_184813_345019.png
2025-12-26 18:48:16 [DEBUG] 已将所有工作表缩放比例恢复为100%
2025-12-26 18:48:21 [DEBUG] Excel 进程已释放
2025-12-26 18:48:21 [INFO] 发送成功：截图 业绩自动播报T-1-202512_test_20251226_184813_345019.png
2025-12-26 18:48:21 [DEBUG] 清理临时文件：业绩自动播报T-1-202512_test_20251226_184813_345019.png
2025-12-26 18:48:21 [INFO] 任务耗时：48.24s
2025-12-26 18:49:06 [INFO] 日志系统已初始化，日志文件：c:\Users\EDY\Desktop\BOT_TEST\logs\2025\12\2025-12-26.log
2025-12-26 18:49:06 [INFO] 成功加载 1 个任务
2025-12-26 18:49:06 [INFO] 进入调试模式...
2025-12-26 18:49:06 [INFO] 立即执行：业绩自动播报T-1-202512.xlsx
2025-12-26 18:49:06 [INFO] 启动任务：业绩自动播报T-1-202512.xlsx
2025-12-26 18:49:19 [DEBUG] 成功打开文件：业绩自动播报T-1-202512.xlsx
2025-12-26 18:49:19 [INFO] 开始刷新数据...
2025-12-26 18:49:19 [DEBUG] 发现链接数据源的表格：工作表 [新签明细-实时] - 查询 [新签明细_实时] - 范围 [$A$1:$W$433]
2025-12-26 18:49:19 [DEBUG] 发现链接数据源的表格：工作表 [续费明细-实时] - 查询 [续费明细_实时] - 范围 [$A$1:$V$409]
2025-12-26 18:49:19 [DEBUG] 发现链接数据源的表格：工作表 [新签明细-限制T-1] - 查询 [新签明细_限制T_1] - 范围 [$A$1:$AB$1379]
2025-12-26 18:49:19 [DEBUG] 发现链接数据源的表格：工作表 [续费明细-限制T-1] - 查询 [续费明细_限制T_1] - 范围 [$A$1:$AB$2851]
2025-12-26 18:49:19 [DEBUG] 发现链接数据源的表格：工作表 [组渠道顺次] - 查询 [组渠道顺次_T_1] - 范围 [$A$1:$N$106]
2025-12-26 18:49:19 [INFO] 共发现 5 个链接了数据源的表格
2025-12-26 18:49:19 [INFO]   - 工作表 [新签明细-实时] - 查询 [新签明细_实时] - 范围 [$A$1:$W$433]
2025-12-26 18:49:19 [INFO]   - 工作表 [续费明细-实时] - 查询 [续费明细_实时] - 范围 [$A$1:$V$409]
2025-12-26 18:49:19 [INFO]   - 工作表 [新签明细-限制T-1] - 查询 [新签明细_限制T_1] - 范围 [$A$1:$AB$1379]
2025-12-26 18:49:19 [INFO]   - 工作表 [续费明细-限制T-1] - 查询 [续费明细_限制T_1] - 范围 [$A$1:$AB$2851]
2025-12-26 18:49:19 [INFO]   - 工作表 [组渠道顺次] - 查询 [组渠道顺次_T_1] - 范围 [$A$1:$N$106]
2025-12-26 18:49:19 [INFO] 检查数据连接属性：
2025-12-26 18:49:19 [INFO]   工作表 [新签明细-实时] - 查询 [新签明细_实时]:
2025-12-26 18:49:19 [INFO]     - 全部刷新时刷新此连接: ✗ 未设置
2025-12-26 18:49:19 [INFO]   工作表 [续费明细-实时] - 查询 [续费明细_实时]:
2025-12-26 18:49:19 [INFO]     - 全部刷新时刷新此连接: ✗ 未设置
2025-12-26 18:49:19 [INFO]   工作表 [新签明细-限制T-1] - 查询 [新签明细_限制T_1]:
2025-12-26 18:49:19 [INFO]     - 全部刷新时刷新此连接: ✓ 已设置
2025-12-26 18:49:19 [INFO]     - 数据源表格范围: $A$1:$AB$1379
2025-12-26 18:49:19 [INFO]   工作表 [续费明细-限制T-1] - 查询 [续费明细_限制T_1]:
2025-12-26 18:49:19 [INFO]     - 全部刷新时刷新此连接: ✓ 已设置
2025-12-26 18:49:19 [INFO]     - 数据源表格范围: $A$1:$AB$2851
2025-12-26 18:49:19 [INFO]   工作表 [组渠道顺次] - 查询 [组渠道顺次_T_1]:
2025-12-26 18:49:19 [INFO]     - 全部刷新时刷新此连接: ✓ 已设置
2025-12-26 18:49:19 [INFO]     - 数据源表格范围: $A$1:$N$106
2025-12-26 18:49:19 [INFO] 在 3 个工作表中设置左上角单元格值为1
2025-12-26 18:49:20 [INFO]   工作表 [新签明细-限制T-1] - 已将 $A$1 单元格值设置为 1
2025-12-26 18:49:20 [INFO]   工作表 [续费明细-限制T-1] - 已将 $A$1 单元格值设置为 1
2025-12-26 18:49:20 [INFO]   工作表 [组渠道顺次] - 已将 $A$1 单元格值设置为 1
2025-12-26 18:49:30 [INFO] 执行全部刷新...
2025-12-26 18:49:47 [INFO] 工作表 [新签明细-限制T-1] - 查询 [新签明细_限制T_1] 的 $A$1 单元格值已更新，刷新成功
2025-12-26 18:49:47 [INFO] 工作表 [续费明细-限制T-1] - 查询 [续费明细_限制T_1] 的 $A$1 单元格值已更新，刷新成功
2025-12-26 18:49:47 [INFO] 工作表 [组渠道顺次] - 查询 [组渠道顺次_T_1] 的 $A$1 单元格值已更新，刷新成功
2025-12-26 18:49:47 [INFO] 所有表格刷新成功！
2025-12-26 18:49:47 [DEBUG] 截图区域地址: $A$1:$AM$40
2025-12-26 18:49:49 [DEBUG] 生成截图：业绩自动播报T-1-202512_test_20251226_184947_539340.png
2025-12-26 18:49:50 [DEBUG] 已将所有工作表缩放比例恢复为100%
2025-12-26 18:49:57 [DEBUG] Excel 进程已释放
2025-12-26 18:49:58 [INFO] 发送成功：截图 业绩自动播报T-1-202512_test_20251226_184947_539340.png
2025-12-26 18:49:58 [DEBUG] 清理临时文件：业绩自动播报T-1-202512_test_20251226_184947_539340.png
2025-12-26 18:49:58 [INFO] 任务耗时：51.76s
2025-12-26 18:53:25 [INFO] 日志系统已初始化，日志文件：c:\Users\EDY\Desktop\BOT_TEST\logs\2025\12\2025-12-26.log
2025-12-26 18:53:25 [INFO] 成功加载 1 个任务
2025-12-26 18:53:25 [INFO] 进入调试模式...
2025-12-26 18:53:25 [INFO] ====================================================================================================
2025-12-26 18:53:25 [INFO] 启动任务：业绩自动播报T-1-202512.xlsx
2025-12-26 18:53:25 [INFO] ====================================================================================================
2025-12-26 18:53:36 [DEBUG] 成功打开文件：业绩自动播报T-1-202512.xlsx
2025-12-26 18:53:36 [INFO] 开始刷新数据...
2025-12-26 18:53:36 [DEBUG] 发现链接数据源的表格：工作表 [新签明细-实时] - 查询 [新签明细_实时] - 范围 [$A$1:$W$433]
2025-12-26 18:53:36 [DEBUG] 发现链接数据源的表格：工作表 [续费明细-实时] - 查询 [续费明细_实时] - 范围 [$A$1:$V$409]
2025-12-26 18:53:36 [DEBUG] 发现链接数据源的表格：工作表 [新签明细-限制T-1] - 查询 [新签明细_限制T_1] - 范围 [$A$1:$AB$1379]
2025-12-26 18:53:36 [DEBUG] 发现链接数据源的表格：工作表 [续费明细-限制T-1] - 查询 [续费明细_限制T_1] - 范围 [$A$1:$AB$2851]
2025-12-26 18:53:36 [DEBUG] 发现链接数据源的表格：工作表 [组渠道顺次] - 查询 [组渠道顺次_T_1] - 范围 [$A$1:$N$106]
2025-12-26 18:53:36 [INFO] 共发现 5 个链接了数据源的表格
2025-12-26 18:53:36 [INFO]   - 工作表 [新签明细-实时] - 查询 [新签明细_实时] - 范围 [$A$1:$W$433]
2025-12-26 18:53:36 [INFO]   - 工作表 [续费明细-实时] - 查询 [续费明细_实时] - 范围 [$A$1:$V$409]
2025-12-26 18:53:36 [INFO]   - 工作表 [新签明细-限制T-1] - 查询 [新签明细_限制T_1] - 范围 [$A$1:$AB$1379]
2025-12-26 18:53:36 [INFO]   - 工作表 [续费明细-限制T-1] - 查询 [续费明细_限制T_1] - 范围 [$A$1:$AB$2851]
2025-12-26 18:53:36 [INFO]   - 工作表 [组渠道顺次] - 查询 [组渠道顺次_T_1] - 范围 [$A$1:$N$106]
2025-12-26 18:53:36 [INFO] 检查数据连接属性：
2025-12-26 18:53:36 [INFO]   工作表 [新签明细-实时] - 查询 [新签明细_实时]:
2025-12-26 18:53:36 [INFO]     - 全部刷新时刷新此连接: ✗ 未设置
2025-12-26 18:53:36 [INFO]   工作表 [续费明细-实时] - 查询 [续费明细_实时]:
2025-12-26 18:53:36 [INFO]     - 全部刷新时刷新此连接: ✗ 未设置
2025-12-26 18:53:36 [INFO]   工作表 [新签明细-限制T-1] - 查询 [新签明细_限制T_1]:
2025-12-26 18:53:36 [INFO]     - 全部刷新时刷新此连接: ✓ 已设置
2025-12-26 18:53:36 [INFO]     - 数据源表格范围: $A$1:$AB$1379
2025-12-26 18:53:36 [INFO]   工作表 [续费明细-限制T-1] - 查询 [续费明细_限制T_1]:
2025-12-26 18:53:36 [INFO]     - 全部刷新时刷新此连接: ✓ 已设置
2025-12-26 18:53:36 [INFO]     - 数据源表格范围: $A$1:$AB$2851
2025-12-26 18:53:36 [INFO]   工作表 [组渠道顺次] - 查询 [组渠道顺次_T_1]:
2025-12-26 18:53:36 [INFO]     - 全部刷新时刷新此连接: ✓ 已设置
2025-12-26 18:53:36 [INFO]     - 数据源表格范围: $A$1:$N$106
2025-12-26 18:53:36 [INFO] 在 3 个工作表中设置左上角单元格值为1
2025-12-26 18:53:36 [INFO]   工作表 [新签明细-限制T-1] - 已将 $A$1 单元格值设置为 1
2025-12-26 18:53:36 [INFO]   工作表 [续费明细-限制T-1] - 已将 $A$1 单元格值设置为 1
2025-12-26 18:53:36 [INFO]   工作表 [组渠道顺次] - 已将 $A$1 单元格值设置为 1
2025-12-26 18:53:46 [INFO] 执行全部刷新...
2025-12-26 18:54:03 [INFO] 工作表 [新签明细-限制T-1] - 查询 [新签明细_限制T_1] 的 $A$1 单元格值已更新，刷新成功
2025-12-26 18:54:03 [INFO] 工作表 [续费明细-限制T-1] - 查询 [续费明细_限制T_1] 的 $A$1 单元格值已更新，刷新成功
2025-12-26 18:54:03 [INFO] 工作表 [组渠道顺次] - 查询 [组渠道顺次_T_1] 的 $A$1 单元格值已更新，刷新成功
2025-12-26 18:54:03 [INFO] 所有表格刷新成功！
2025-12-26 18:54:03 [DEBUG] 截图区域地址: $A$1:$AM$40
2025-12-26 18:54:04 [DEBUG] 生成截图：业绩自动播报T-1-202512_test_20251226_185403_391671.png
2025-12-26 18:54:04 [DEBUG] 已将所有工作表缩放比例恢复为100%
2025-12-26 18:54:11 [DEBUG] Excel 进程已释放
2025-12-26 18:54:12 [INFO] 发送成功：截图 业绩自动播报T-1-202512_test_20251226_185403_391671.png
2025-12-26 18:54:12 [DEBUG] 清理临时文件：业绩自动播报T-1-202512_test_20251226_185403_391671.png
2025-12-26 18:54:12 [INFO] 任务耗时：46.36s
2025-12-26 18:54:12 [INFO] ====================================================================================================
