2026-04-02 15:59:07 [INFO] 日志系统已初始化，日志文件：c:\Users\EDY\Desktop\BOT_TEST\logs\2026\04\2026-04-02.log
2026-04-02 15:59:07 [INFO] 成功加载 1 个任务
2026-04-02 15:59:07 [INFO] 进入调试模式...
2026-04-02 15:59:07 [INFO] ====================================================================================================
2026-04-02 15:59:07 [INFO] 启动任务：学员明细备份.xlsx
2026-04-02 15:59:07 [INFO] ====================================================================================================
2026-04-02 15:59:12 [DEBUG] 成功打开文件：学员明细备份.xlsx
2026-04-02 15:59:12 [INFO] 开始刷新数据...
2026-04-02 15:59:12 [DEBUG] 发现链接数据源的表格：工作表 [昨日课量备份] - 查询 [昨日课量备份] - 范围 [$A$1:$B$59147]
2026-04-02 15:59:12 [INFO] 共发现 1 个链接了数据源的表格
2026-04-02 15:59:12 [INFO]   - 工作表 [昨日课量备份] - 查询 [昨日课量备份] - 范围 [$A$1:$B$59147]
2026-04-02 15:59:12 [INFO] 检查数据连接属性：
2026-04-02 15:59:12 [INFO]   工作表 [昨日课量备份] - 查询 [昨日课量备份]:
2026-04-02 15:59:12 [INFO]     - 全部刷新时刷新此连接: ✓ 已设置
2026-04-02 15:59:12 [INFO]     - 数据源表格范围: $A$1:$B$59147
2026-04-02 15:59:12 [INFO] 在 1 个工作表中设置左上角单元格值为1
2026-04-02 15:59:12 [INFO]   工作表 [昨日课量备份] - 已将 $A$1 单元格值设置为 1
2026-04-02 15:59:22 [INFO] 执行全部刷新...
2026-04-02 16:00:36 [INFO] 工作表 [昨日课量备份] - 查询 [昨日课量备份] 的 $A$1 单元格值已更新，刷新成功
2026-04-02 16:00:36 [INFO] 所有表格刷新成功！
2026-04-02 16:01:11 [DEBUG] 重新应用筛选：昨日课量备份
2026-04-02 16:01:11 [INFO] 开始截图，共 1 个区域
2026-04-02 16:01:11 [DEBUG] 截图区域地址: $A$1:$A$2
2026-04-02 16:01:12 [INFO] 截图成功：[test] 工作表[sheet1] 区域[A1]
2026-04-02 16:01:12 [DEBUG] 已将所有工作表缩放比例恢复为100%
2026-04-02 16:01:25 [DEBUG] Excel 进程已释放
2026-04-02 16:01:25 [INFO] 发送成功：截图 学员明细备份_test_20260402_160111_382350.png
2026-04-02 16:01:25 [DEBUG] 清理临时文件：学员明细备份_test_20260402_160111_382350.png
2026-04-02 16:01:25 [INFO] 任务耗时：137.80s
2026-04-02 16:01:25 [INFO] ====================================================================================================
2026-04-02 16:02:12 [INFO] 日志系统已初始化，日志文件：c:\Users\EDY\Desktop\BOT_TEST\logs\2026\04\2026-04-02.log
2026-04-02 16:02:12 [INFO] 成功加载 1 个任务
2026-04-02 16:02:12 [INFO] 进入调试模式...
2026-04-02 16:02:12 [INFO] ====================================================================================================
2026-04-02 16:02:12 [INFO] 启动任务：学员明细备份.xlsx
2026-04-02 16:02:12 [INFO] ====================================================================================================
2026-04-02 16:02:16 [DEBUG] 成功打开文件：学员明细备份.xlsx
2026-04-02 16:02:16 [INFO] 开始刷新数据...
2026-04-02 16:02:16 [DEBUG] 发现链接数据源的表格：工作表 [昨日课量备份] - 查询 [昨日课量备份] - 范围 [$A$1:$B$59147]
2026-04-02 16:02:16 [INFO] 共发现 1 个链接了数据源的表格
2026-04-02 16:02:16 [INFO]   - 工作表 [昨日课量备份] - 查询 [昨日课量备份] - 范围 [$A$1:$B$59147]
2026-04-02 16:02:16 [INFO] 检查数据连接属性：
2026-04-02 16:02:16 [INFO]   工作表 [昨日课量备份] - 查询 [昨日课量备份]:
2026-04-02 16:02:16 [INFO]     - 全部刷新时刷新此连接: ✓ 已设置
2026-04-02 16:02:16 [INFO]     - 数据源表格范围: $A$1:$B$59147
2026-04-02 16:02:16 [INFO] 在 1 个工作表中设置左上角单元格值为1
2026-04-02 16:02:16 [INFO]   工作表 [昨日课量备份] - 已将 $A$1 单元格值设置为 1
2026-04-02 16:02:26 [INFO] 执行全部刷新...
2026-04-02 16:03:36 [INFO] 工作表 [昨日课量备份] - 查询 [昨日课量备份] 的 $A$1 单元格值已更新，刷新成功
2026-04-02 16:03:36 [INFO] 所有表格刷新成功！
2026-04-02 16:04:43 [DEBUG] 重新应用筛选：昨日课量备份
2026-04-02 16:04:43 [INFO] 开始截图，共 1 个区域
2026-04-02 16:04:43 [DEBUG] 截图区域地址: $A$1:$A$2
2026-04-02 16:04:44 [INFO] 截图成功：[test] 工作表[sheet1] 区域[A1]
2026-04-02 16:04:44 [DEBUG] 已将所有工作表缩放比例恢复为100%
2026-04-02 16:04:53 [DEBUG] Excel 进程已释放
2026-04-02 16:04:54 [INFO] 发送成功：截图 学员明细备份_test_20260402_160443_593467.png
2026-04-02 16:04:54 [DEBUG] 清理临时文件：学员明细备份_test_20260402_160443_593467.png
2026-04-02 16:04:54 [INFO] 任务耗时：162.08s
2026-04-02 16:04:54 [INFO] ====================================================================================================
2026-04-02 16:25:57 [INFO] 日志系统已初始化，日志文件：c:\Users\EDY\Desktop\BOT_TEST\logs\2026\04\2026-04-02.log
2026-04-02 16:25:57 [INFO] 成功加载 1 个任务
2026-04-02 16:25:57 [INFO] 进入调试模式...
2026-04-02 16:25:57 [INFO] ====================================================================================================
2026-04-02 16:25:57 [INFO] 启动任务：学员明细备份.xlsx
2026-04-02 16:25:57 [INFO] ====================================================================================================
2026-04-02 16:26:01 [DEBUG] 成功打开文件：学员明细备份.xlsx
2026-04-02 16:26:01 [INFO] 开始刷新数据...
2026-04-02 16:26:01 [DEBUG] 发现链接数据源的表格：工作表 [昨日课量备份] - 查询 [昨日课量备份] - 范围 [$A$1:$B$59147]
2026-04-02 16:26:01 [INFO] 共发现 1 个链接了数据源的表格
2026-04-02 16:26:01 [INFO]   - 工作表 [昨日课量备份] - 查询 [昨日课量备份] - 范围 [$A$1:$B$59147]
2026-04-02 16:26:01 [INFO] 检查数据连接属性：
2026-04-02 16:26:01 [INFO]   工作表 [昨日课量备份] - 查询 [昨日课量备份]:
2026-04-02 16:26:01 [INFO]     - 全部刷新时刷新此连接: ✓ 已设置
2026-04-02 16:26:01 [INFO]     - 数据源表格范围: $A$1:$B$59147
2026-04-02 16:26:01 [INFO] 在 1 个工作表中设置左上角单元格值为1
2026-04-02 16:26:01 [INFO]   工作表 [昨日课量备份] - 已将 $A$1 单元格值设置为 1
2026-04-02 16:26:01 [DEBUG] 搜索弹窗：其他人也在更改，找到 0 个窗口
2026-04-02 16:26:05 [DEBUG] 搜索弹窗：其他人也在更改，找到 0 个窗口
2026-04-02 16:26:05 [DEBUG] 搜索弹窗：多人编辑，找到 0 个窗口
2026-04-02 16:26:09 [DEBUG] 搜索弹窗：多人编辑，找到 0 个窗口
2026-04-02 16:26:09 [DEBUG] 搜索弹窗：共享冲突，找到 0 个窗口
2026-04-02 16:26:11 [INFO] 执行全部刷新...
2026-04-02 16:26:15 [DEBUG] 搜索弹窗：共享冲突，找到 0 个窗口
2026-04-02 16:26:15 [DEBUG] 搜索弹窗：Conflict，找到 0 个窗口
2026-04-02 16:26:19 [DEBUG] 搜索弹窗：Conflict，找到 0 个窗口
2026-04-02 16:26:19 [DEBUG] 搜索弹窗：其他人也在更改，找到 0 个窗口
2026-04-02 16:26:22 [DEBUG] 搜索弹窗：多人编辑，找到 0 个窗口
2026-04-02 16:26:23 [DEBUG] 搜索弹窗：其他人也在更改，找到 0 个窗口
2026-04-02 16:26:26 [DEBUG] 搜索弹窗：多人编辑，找到 0 个窗口
2026-04-02 16:26:26 [DEBUG] 搜索弹窗：共享冲突，找到 0 个窗口
2026-04-02 16:26:30 [DEBUG] 搜索弹窗：共享冲突，找到 0 个窗口
2026-04-02 16:26:30 [DEBUG] 搜索弹窗：Conflict，找到 0 个窗口
2026-04-02 16:26:34 [DEBUG] 搜索弹窗：Conflict，找到 0 个窗口
2026-04-02 16:26:34 [DEBUG] 搜索弹窗：其他人也在更改，找到 0 个窗口
2026-04-02 16:26:38 [DEBUG] 搜索弹窗：多人编辑，找到 0 个窗口
2026-04-02 16:26:38 [DEBUG] 搜索弹窗：其他人也在更改，找到 0 个窗口
2026-04-02 16:26:42 [DEBUG] 搜索弹窗：多人编辑，找到 0 个窗口
2026-04-02 16:26:42 [DEBUG] 搜索弹窗：共享冲突，找到 0 个窗口
2026-04-02 16:26:46 [DEBUG] 搜索弹窗：共享冲突，找到 0 个窗口
2026-04-02 16:26:46 [DEBUG] 搜索弹窗：Conflict，找到 0 个窗口
2026-04-02 16:26:50 [DEBUG] 搜索弹窗：Conflict，找到 0 个窗口
2026-04-02 16:26:50 [DEBUG] 搜索弹窗：其他人也在更改，找到 0 个窗口
2026-04-02 16:26:54 [DEBUG] 搜索弹窗：多人编辑，找到 0 个窗口
2026-04-02 16:26:54 [DEBUG] 搜索弹窗：其他人也在更改，找到 0 个窗口
2026-04-02 16:26:58 [DEBUG] 搜索弹窗：多人编辑，找到 0 个窗口
2026-04-02 16:26:58 [DEBUG] 搜索弹窗：共享冲突，找到 0 个窗口
2026-04-02 16:27:02 [DEBUG] 搜索弹窗：共享冲突，找到 0 个窗口
2026-04-02 16:27:02 [DEBUG] 搜索弹窗：Conflict，找到 0 个窗口
2026-04-02 16:27:05 [DEBUG] 搜索弹窗：Conflict，找到 0 个窗口
2026-04-02 16:27:09 [DEBUG] 搜索弹窗：其他人也在更改，找到 0 个窗口
2026-04-02 16:27:13 [DEBUG] 搜索弹窗：多人编辑，找到 0 个窗口
2026-04-02 16:27:17 [DEBUG] 搜索弹窗：共享冲突，找到 0 个窗口
2026-04-02 16:27:20 [DEBUG] 搜索弹窗：Conflict，找到 0 个窗口
2026-04-02 16:27:24 [DEBUG] 搜索弹窗：其他人也在更改，找到 0 个窗口
2026-04-02 16:27:28 [DEBUG] 搜索弹窗：多人编辑，找到 0 个窗口
2026-04-02 16:27:30 [INFO] 工作表 [昨日课量备份] - 查询 [昨日课量备份] 的 $A$1 单元格值已更新，刷新成功
2026-04-02 16:27:30 [INFO] 所有表格刷新成功！
2026-04-02 16:27:32 [DEBUG] 搜索弹窗：共享冲突，找到 0 个窗口
2026-04-02 16:27:34 [DEBUG] 搜索弹窗：其他人也在更改，找到 0 个窗口
2026-04-02 16:27:36 [DEBUG] 搜索弹窗：Conflict，找到 0 个窗口
2026-04-02 16:27:38 [DEBUG] 搜索弹窗：多人编辑，找到 0 个窗口
2026-04-02 16:27:40 [DEBUG] 搜索弹窗：其他人也在更改，找到 0 个窗口
2026-04-02 16:27:42 [DEBUG] 搜索弹窗：共享冲突，找到 0 个窗口
2026-04-02 16:27:43 [DEBUG] 搜索弹窗：多人编辑，找到 0 个窗口
2026-04-02 16:27:45 [DEBUG] 搜索弹窗：Conflict，找到 0 个窗口
2026-04-02 16:27:47 [DEBUG] 搜索弹窗：共享冲突，找到 0 个窗口
2026-04-02 16:27:49 [DEBUG] 搜索弹窗：其他人也在更改，找到 0 个窗口
2026-04-02 16:27:50 [DEBUG] 搜索弹窗：Conflict，找到 0 个窗口
2026-04-02 16:27:53 [DEBUG] 搜索弹窗：多人编辑，找到 0 个窗口
2026-04-02 16:27:54 [DEBUG] 搜索弹窗：其他人也在更改，找到 0 个窗口
2026-04-02 16:27:57 [DEBUG] 搜索弹窗：共享冲突，找到 0 个窗口
2026-04-02 16:27:58 [DEBUG] 搜索弹窗：多人编辑，找到 0 个窗口
2026-04-02 16:28:00 [DEBUG] 搜索弹窗：Conflict，找到 0 个窗口
2026-04-02 16:28:02 [DEBUG] 搜索弹窗：共享冲突，找到 0 个窗口
2026-04-02 16:28:05 [DEBUG] 搜索弹窗：其他人也在更改，找到 0 个窗口
2026-04-02 16:28:06 [DEBUG] 搜索弹窗：Conflict，找到 0 个窗口
2026-04-02 16:28:09 [DEBUG] 搜索弹窗：多人编辑，找到 0 个窗口
2026-04-02 16:28:10 [DEBUG] 搜索弹窗：其他人也在更改，找到 0 个窗口
2026-04-02 16:28:12 [DEBUG] 搜索弹窗：共享冲突，找到 0 个窗口
2026-04-02 16:28:14 [DEBUG] 搜索弹窗：多人编辑，找到 0 个窗口
2026-04-02 16:28:17 [DEBUG] 搜索弹窗：Conflict，找到 0 个窗口
2026-04-02 16:28:18 [DEBUG] 搜索弹窗：共享冲突，找到 0 个窗口
2026-04-02 16:28:20 [DEBUG] 搜索弹窗：其他人也在更改，找到 0 个窗口
2026-04-02 16:28:21 [DEBUG] 搜索弹窗：Conflict，找到 0 个窗口
2026-04-02 16:28:24 [DEBUG] 搜索弹窗：多人编辑，找到 0 个窗口
2026-04-02 16:28:25 [DEBUG] 搜索弹窗：其他人也在更改，找到 0 个窗口
2026-04-02 16:28:28 [DEBUG] 搜索弹窗：共享冲突，找到 0 个窗口
2026-04-02 16:28:29 [DEBUG] 搜索弹窗：多人编辑，找到 0 个窗口
2026-04-02 16:28:32 [DEBUG] 搜索弹窗：Conflict，找到 0 个窗口
2026-04-02 16:28:33 [DEBUG] 搜索弹窗：共享冲突，找到 0 个窗口
2026-04-02 16:28:36 [DEBUG] 搜索弹窗：其他人也在更改，找到 0 个窗口
2026-04-02 16:28:37 [DEBUG] 搜索弹窗：Conflict，找到 0 个窗口
2026-04-02 16:28:39 [DEBUG] 搜索弹窗：多人编辑，找到 0 个窗口
2026-04-02 16:28:41 [DEBUG] 搜索弹窗：其他人也在更改，找到 0 个窗口
2026-04-02 16:28:43 [DEBUG] 搜索弹窗：共享冲突，找到 0 个窗口
2026-04-02 16:28:45 [DEBUG] 搜索弹窗：多人编辑，找到 0 个窗口
2026-04-02 16:28:47 [DEBUG] 搜索弹窗：Conflict，找到 0 个窗口
2026-04-02 16:28:49 [DEBUG] 搜索弹窗：共享冲突，找到 0 个窗口
2026-04-02 16:28:51 [DEBUG] 搜索弹窗：其他人也在更改，找到 0 个窗口
2026-04-02 16:28:53 [DEBUG] 搜索弹窗：Conflict，找到 0 个窗口
2026-04-02 16:28:55 [DEBUG] 搜索弹窗：多人编辑，找到 0 个窗口
2026-04-02 16:28:57 [DEBUG] 搜索弹窗：其他人也在更改，找到 0 个窗口
2026-04-02 16:28:59 [DEBUG] 搜索弹窗：共享冲突，找到 0 个窗口
2026-04-02 16:29:01 [DEBUG] 搜索弹窗：多人编辑，找到 0 个窗口
2026-04-02 16:29:03 [DEBUG] 搜索弹窗：Conflict，找到 0 个窗口
2026-04-02 16:29:04 [DEBUG] 搜索弹窗：共享冲突，找到 0 个窗口
2026-04-02 16:29:08 [DEBUG] 搜索弹窗：Conflict，找到 0 个窗口
2026-04-02 16:29:13 [DEBUG] 搜索弹窗：其他人也在更改，找到 0 个窗口
2026-04-02 16:29:17 [DEBUG] 搜索弹窗：多人编辑，找到 0 个窗口
2026-04-02 16:29:18 [DEBUG] 重新应用筛选：昨日课量备份
2026-04-02 16:29:18 [INFO] 开始截图，共 1 个区域
2026-04-02 16:29:18 [DEBUG] 截图区域地址: $A$1:$A$2
2026-04-02 16:29:19 [INFO] 截图成功：[test] 工作表[sheet1] 区域[A1]
2026-04-02 16:29:19 [DEBUG] 已将所有工作表缩放比例恢复为100%
2026-04-02 16:29:20 [DEBUG] 搜索弹窗：共享冲突，找到 0 个窗口
2026-04-02 16:29:21 [DEBUG] 搜索弹窗：其他人也在更改，找到 0 个窗口
2026-04-02 16:29:24 [DEBUG] 搜索弹窗：Conflict，找到 0 个窗口
2026-04-02 16:29:25 [DEBUG] 搜索弹窗：多人编辑，找到 0 个窗口
2026-04-02 16:29:28 [DEBUG] Excel 进程已释放
2026-04-02 16:29:29 [INFO] 发送成功：截图 学员明细备份_test_20260402_162918_211442.png
2026-04-02 16:29:29 [DEBUG] 清理临时文件：学员明细备份_test_20260402_162918_211442.png
2026-04-02 16:29:29 [INFO] 任务耗时：211.39s
2026-04-02 16:29:29 [INFO] ====================================================================================================
2026-04-02 16:34:02 [INFO] 日志系统已初始化，日志文件：C:\Users\EDY\Desktop\BOT_TEST\logs\2026\04\2026-04-02.log
2026-04-02 16:34:02 [INFO] 成功加载 1 个任务
2026-04-02 16:34:02 [INFO] 进入调试模式...
2026-04-02 16:34:02 [INFO] ====================================================================================================
2026-04-02 16:34:02 [INFO] 启动任务：学员明细备份.xlsx
2026-04-02 16:34:02 [INFO] ====================================================================================================
2026-04-02 16:34:02 [DEBUG] 未安装 pywinauto，跳过 UIA 弹窗守护
2026-04-02 16:34:05 [DEBUG] 成功打开文件：学员明细备份.xlsx
2026-04-02 16:34:05 [INFO] 开始刷新数据...
2026-04-02 16:34:05 [DEBUG] 未安装 pywinauto，跳过 UIA 弹窗守护
2026-04-02 16:34:05 [DEBUG] 发现链接数据源的表格：工作表 [昨日课量备份] - 查询 [昨日课量备份] - 范围 [$A$1:$B$59147]
2026-04-02 16:34:05 [INFO] 共发现 1 个链接了数据源的表格
2026-04-02 16:34:05 [INFO]   - 工作表 [昨日课量备份] - 查询 [昨日课量备份] - 范围 [$A$1:$B$59147]
2026-04-02 16:34:05 [INFO] 检查数据连接属性：
2026-04-02 16:34:05 [INFO]   工作表 [昨日课量备份] - 查询 [昨日课量备份]:
2026-04-02 16:34:05 [INFO]     - 全部刷新时刷新此连接: ✓ 已设置
2026-04-02 16:34:05 [INFO]     - 数据源表格范围: $A$1:$B$59147
2026-04-02 16:34:05 [INFO] 在 1 个工作表中设置左上角单元格值为1
2026-04-02 16:34:05 [INFO]   工作表 [昨日课量备份] - 已将 $A$1 单元格值设置为 1
2026-04-02 16:34:15 [INFO] 执行全部刷新...
2026-04-02 16:35:14 [INFO] 工作表 [昨日课量备份] - 查询 [昨日课量备份] 的 $A$1 单元格值已更新，刷新成功
2026-04-02 16:35:14 [INFO] 所有表格刷新成功！
2026-04-02 16:35:14 [DEBUG] 未安装 pywinauto，跳过 UIA 弹窗守护
2026-04-02 16:35:50 [DEBUG] 重新应用筛选：昨日课量备份
2026-04-02 16:35:50 [DEBUG] 未安装 pywinauto，跳过 UIA 弹窗守护
2026-04-02 16:35:50 [INFO] 开始截图，共 1 个区域
2026-04-02 16:35:50 [DEBUG] 截图区域地址: $A$1:$A$2
2026-04-02 16:35:51 [INFO] 截图成功：[test] 工作表[sheet1] 区域[A1]
2026-04-02 16:35:51 [DEBUG] 已将所有工作表缩放比例恢复为100%
2026-04-02 16:35:59 [DEBUG] Excel 进程已释放
2026-04-02 16:35:59 [INFO] 发送成功：截图 学员明细备份_test_20260402_163550_274631.png
2026-04-02 16:35:59 [DEBUG] 清理临时文件：学员明细备份_test_20260402_163550_274631.png
2026-04-02 16:35:59 [INFO] 任务耗时：116.86s
2026-04-02 16:35:59 [INFO] ====================================================================================================
2026-04-02 16:36:11 [INFO] 日志系统已初始化，日志文件：C:\Users\EDY\Desktop\BOT_TEST\logs\2026\04\2026-04-02.log
2026-04-02 16:36:11 [INFO] 成功加载 1 个任务
2026-04-02 16:36:11 [INFO] 进入调试模式...
2026-04-02 16:36:11 [INFO] ====================================================================================================
2026-04-02 16:36:11 [INFO] 启动任务：学员明细备份.xlsx
2026-04-02 16:36:11 [INFO] ====================================================================================================
2026-04-02 16:36:11 [DEBUG] 未安装 pywinauto，跳过 UIA 弹窗守护
2026-04-02 16:36:14 [DEBUG] 成功打开文件：学员明细备份.xlsx
2026-04-02 16:36:14 [INFO] 开始刷新数据...
2026-04-02 16:36:14 [DEBUG] 未安装 pywinauto，跳过 UIA 弹窗守护
2026-04-02 16:36:14 [DEBUG] 发现链接数据源的表格：工作表 [昨日课量备份] - 查询 [昨日课量备份] - 范围 [$A$1:$B$59147]
2026-04-02 16:36:14 [INFO] 共发现 1 个链接了数据源的表格
2026-04-02 16:36:14 [INFO]   - 工作表 [昨日课量备份] - 查询 [昨日课量备份] - 范围 [$A$1:$B$59147]
2026-04-02 16:36:14 [INFO] 检查数据连接属性：
2026-04-02 16:36:14 [INFO]   工作表 [昨日课量备份] - 查询 [昨日课量备份]:
2026-04-02 16:36:14 [INFO]     - 全部刷新时刷新此连接: ✓ 已设置
2026-04-02 16:36:14 [INFO]     - 数据源表格范围: $A$1:$B$59147
2026-04-02 16:36:14 [INFO] 在 1 个工作表中设置左上角单元格值为1
2026-04-02 16:36:14 [INFO]   工作表 [昨日课量备份] - 已将 $A$1 单元格值设置为 1
2026-04-02 16:36:24 [INFO] 执行全部刷新...
2026-04-02 16:37:22 [INFO] 工作表 [昨日课量备份] - 查询 [昨日课量备份] 的 $A$1 单元格值已更新，刷新成功
2026-04-02 16:37:22 [INFO] 所有表格刷新成功！
2026-04-02 16:37:22 [DEBUG] 未安装 pywinauto，跳过 UIA 弹窗守护
2026-04-02 16:37:42 [DEBUG] 重新应用筛选：昨日课量备份
2026-04-02 16:37:42 [DEBUG] 未安装 pywinauto，跳过 UIA 弹窗守护
2026-04-02 16:37:42 [INFO] 开始截图，共 1 个区域
2026-04-02 16:37:42 [DEBUG] 截图区域地址: $A$1:$A$2
2026-04-02 16:37:43 [INFO] 截图成功：[test] 工作表[sheet1] 区域[A1]
2026-04-02 16:37:43 [DEBUG] 已将所有工作表缩放比例恢复为100%
2026-04-02 16:37:52 [DEBUG] Excel 进程已释放
2026-04-02 16:37:52 [INFO] 发送成功：截图 学员明细备份_test_20260402_163742_776284.png
2026-04-02 16:37:52 [DEBUG] 清理临时文件：学员明细备份_test_20260402_163742_776284.png
2026-04-02 16:37:52 [INFO] 任务耗时：101.41s
2026-04-02 16:37:52 [INFO] ====================================================================================================
2026-04-02 16:46:11 [INFO] 日志系统已初始化，日志文件：c:\Users\EDY\Desktop\BOT_TEST\logs\2026\04\2026-04-02.log
2026-04-02 16:46:11 [INFO] 成功加载 1 个任务
2026-04-02 16:46:11 [INFO] 进入调试模式...
2026-04-02 16:46:11 [INFO] ====================================================================================================
2026-04-02 16:46:11 [INFO] 启动任务：学员明细备份.xlsx
2026-04-02 16:46:11 [INFO] ====================================================================================================
2026-04-02 16:46:11 [DEBUG] 开始检测弹窗 - 方法1: UIA后端
2026-04-02 16:46:13 [DEBUG] 成功打开文件：学员明细备份.xlsx
2026-04-02 16:46:13 [INFO] 开始刷新数据...
2026-04-02 16:46:13 [DEBUG] 开始检测弹窗 - 方法1: UIA后端
2026-04-02 16:46:13 [DEBUG] 发现链接数据源的表格：工作表 [昨日课量备份] - 查询 [昨日课量备份] - 范围 [$A$1:$B$59147]
2026-04-02 16:46:13 [INFO] 共发现 1 个链接了数据源的表格
2026-04-02 16:46:13 [INFO]   - 工作表 [昨日课量备份] - 查询 [昨日课量备份] - 范围 [$A$1:$B$59147]
2026-04-02 16:46:13 [INFO] 检查数据连接属性：
2026-04-02 16:46:13 [INFO]   工作表 [昨日课量备份] - 查询 [昨日课量备份]:
2026-04-02 16:46:13 [INFO]     - 全部刷新时刷新此连接: ✓ 已设置
2026-04-02 16:46:13 [INFO]     - 数据源表格范围: $A$1:$B$59147
2026-04-02 16:46:13 [INFO] 在 1 个工作表中设置左上角单元格值为1
2026-04-02 16:46:13 [INFO]   工作表 [昨日课量备份] - 已将 $A$1 单元格值设置为 1
2026-04-02 16:46:23 [INFO] 执行全部刷新...
2026-04-02 16:46:50 [WARNING] 检查工作表 [昨日课量备份] 的 $A$1 单元格值时出错: (-2147417846, '消息筛选器显示应用程序正在使用中。', None, None)
2026-04-02 16:46:50 [WARNING] 发现 1 个表格刷新失败，准备重试（剩余 3 次）
2026-04-02 16:46:55 [WARNING] 第 1 次重试刷新，发现 1 个表格刷新失败
2026-04-02 16:46:55 [WARNING]   重试刷新：工作表 [昨日课量备份] - 查询 [昨日课量备份]
2026-04-02 16:46:58 [ERROR] 重试刷新表格 [昨日课量备份] - [昨日课量备份] 时出错: <unknown>.Refresh
2026-04-02 16:46:58 [ERROR] 刷新异常：(-2147023174, 'RPC 服务器不可用。', None, None)
2026-04-02 16:46:58 [WARNING] 数据刷新失败，发送通知并终止任务
2026-04-02 16:46:58 [INFO] 发送成功：数据刷新失败通知
2026-04-02 16:46:58 [WARNING] 关闭工作簿异常：Open.Close
2026-04-02 16:46:58 [WARNING] 关闭 Excel 进程异常：Excel.Application.Quit
2026-04-02 16:46:58 [DEBUG] Excel 进程已释放
2026-04-02 16:46:58 [INFO] 任务耗时：47.15s
2026-04-02 16:46:58 [INFO] ====================================================================================================
2026-04-02 16:47:05 [INFO] 日志系统已初始化，日志文件：c:\Users\EDY\Desktop\BOT_TEST\logs\2026\04\2026-04-02.log
2026-04-02 16:47:05 [INFO] 成功加载 1 个任务
2026-04-02 16:47:05 [INFO] 进入调试模式...
2026-04-02 16:47:05 [INFO] ====================================================================================================
2026-04-02 16:47:05 [INFO] 启动任务：学员明细备份.xlsx
2026-04-02 16:47:05 [INFO] ====================================================================================================
2026-04-02 16:47:05 [DEBUG] 开始检测弹窗 - 方法1: UIA后端
2026-04-02 16:47:08 [DEBUG] 成功打开文件：学员明细备份.xlsx
2026-04-02 16:47:08 [INFO] 开始刷新数据...
2026-04-02 16:47:08 [DEBUG] 开始检测弹窗 - 方法1: UIA后端
2026-04-02 16:47:08 [DEBUG] 发现链接数据源的表格：工作表 [昨日课量备份] - 查询 [昨日课量备份] - 范围 [$A$1:$B$59147]
2026-04-02 16:47:08 [INFO] 共发现 1 个链接了数据源的表格
2026-04-02 16:47:08 [INFO]   - 工作表 [昨日课量备份] - 查询 [昨日课量备份] - 范围 [$A$1:$B$59147]
2026-04-02 16:47:08 [INFO] 检查数据连接属性：
2026-04-02 16:47:08 [INFO]   工作表 [昨日课量备份] - 查询 [昨日课量备份]:
2026-04-02 16:47:08 [INFO]     - 全部刷新时刷新此连接: ✓ 已设置
2026-04-02 16:47:08 [INFO]     - 数据源表格范围: $A$1:$B$59147
2026-04-02 16:47:08 [INFO] 在 1 个工作表中设置左上角单元格值为1
2026-04-02 16:47:08 [INFO]   工作表 [昨日课量备份] - 已将 $A$1 单元格值设置为 1
2026-04-02 16:47:18 [INFO] 执行全部刷新...
2026-04-02 16:48:00 [INFO] 工作表 [昨日课量备份] - 查询 [昨日课量备份] 的 $A$1 单元格值已更新，刷新成功
2026-04-02 16:48:00 [INFO] 所有表格刷新成功！
2026-04-02 16:48:00 [DEBUG] 开始检测弹窗 - 方法1: UIA后端
2026-04-02 16:51:39 [DEBUG] 找到 14 个可见窗口
2026-04-02 16:51:39 [DEBUG] 检查窗口：任务栏
2026-04-02 16:51:39 [DEBUG] 检查窗口：PixPin
2026-04-02 16:51:39 [DEBUG] 检查窗口：WeMail
2026-04-02 16:51:39 [DEBUG] 检查窗口：excel.py - BOT_TEST - Trae CN
2026-04-02 16:51:39 [DEBUG] 检查窗口：PixPin
2026-04-02 16:51:39 [DEBUG] 检查窗口：
2026-04-02 16:51:39 [DEBUG] 检查窗口：
2026-04-02 16:51:39 [DEBUG] 检查窗口：企业微信
2026-04-02 16:51:39 [DEBUG] 检查窗口：
2026-04-02 16:51:39 [DEBUG] 检查窗口：PixPin
2026-04-02 16:51:39 [DEBUG] 检查窗口：企业微信-文档
2026-04-02 16:51:39 [DEBUG] 检查窗口：DESKTOP-L5KUIJN
2026-04-02 16:51:39 [DEBUG] 检查窗口：新标签页 和另外 11 个页面 - 工作 - Microsoft​ Edge
2026-04-02 16:51:39 [DEBUG] 检查窗口：Program Manager
2026-04-02 16:51:39 [DEBUG] 开始检测弹窗 - 方法2: win32后端
2026-04-02 16:51:39 [DEBUG] 找到 26 个可见窗口
2026-04-02 16:51:39 [DEBUG] 检查窗口：
2026-04-02 16:51:39 [DEBUG] 检查窗口：
2026-04-02 16:51:39 [DEBUG] 检查窗口：WeMail
2026-04-02 16:51:39 [DEBUG] 检查窗口：
2026-04-02 16:51:39 [DEBUG] 检查窗口：企业微信
2026-04-02 16:51:39 [DEBUG] 检查窗口：下载
2026-04-02 16:51:39 [DEBUG] 检查窗口：新标签页 和另外 11 个页面 - 工作 - Microsoft​ Edge
2026-04-02 16:51:39 [DEBUG] 检查窗口：学员明细备份.xlsx - Excel
2026-04-02 16:51:39 [DEBUG] 检查窗口：excel.py - BOT_TEST - Trae CN
2026-04-02 16:51:39 [DEBUG] 检查窗口：PixPin
2026-04-02 16:51:39 [DEBUG] 检查窗口：
2026-04-02 16:51:39 [DEBUG] 检查窗口：
2026-04-02 16:51:39 [DEBUG] 检查窗口：
2026-04-02 16:51:39 [DEBUG] 检查窗口：
2026-04-02 16:51:39 [DEBUG] 检查窗口：设置
2026-04-02 16:51:39 [DEBUG] 检查窗口：Windows 输入体验
2026-04-02 16:51:39 [DEBUG] 检查窗口：
2026-04-02 16:51:39 [DEBUG] 检查窗口：
2026-04-02 16:51:39 [DEBUG] 检查窗口：
2026-04-02 16:51:39 [DEBUG] 检查窗口：
2026-04-02 16:51:39 [DEBUG] 检查窗口：
2026-04-02 16:51:39 [DEBUG] 检查窗口：PixPin
2026-04-02 16:51:39 [DEBUG] 检查窗口：企业微信-文档
2026-04-02 16:51:39 [DEBUG] 检查窗口：聊天 | OpenClaw中文销售运营支持 | Microsoft Teams
2026-04-02 16:51:39 [DEBUG] 检查窗口：DESKTOP-L5KUIJN
2026-04-02 16:51:39 [DEBUG] 检查窗口：Program Manager
2026-04-02 16:51:39 [DEBUG] 未找到匹配的弹窗
2026-04-02 16:51:42 [DEBUG] 找到 14 个可见窗口
2026-04-02 16:51:42 [DEBUG] 检查窗口：任务栏
2026-04-02 16:51:42 [DEBUG] 检查窗口：PixPin
2026-04-02 16:51:42 [DEBUG] 检查窗口：WeMail
2026-04-02 16:51:42 [DEBUG] 检查窗口：excel.py - BOT_TEST - Trae CN
2026-04-02 16:51:42 [DEBUG] 检查窗口：学员明细备份.xlsx - Excel
2026-04-02 16:51:42 [DEBUG] 检查窗口：PixPin
2026-04-02 16:51:42 [DEBUG] 检查窗口：
2026-04-02 16:51:42 [DEBUG] 检查窗口：
2026-04-02 16:51:42 [DEBUG] 检查窗口：企业微信
2026-04-02 16:51:42 [DEBUG] 检查窗口：
2026-04-02 16:51:42 [DEBUG] 检查窗口：PixPin
2026-04-02 16:51:42 [DEBUG] 检查窗口：企业微信-文档
2026-04-02 16:51:42 [DEBUG] 检查窗口：DESKTOP-L5KUIJN
2026-04-02 16:51:42 [DEBUG] 检查窗口：Program Manager
2026-04-02 16:51:42 [DEBUG] 开始检测弹窗 - 方法2: win32后端
2026-04-02 16:51:42 [DEBUG] 找到 26 个可见窗口
2026-04-02 16:51:42 [DEBUG] 检查窗口：
2026-04-02 16:51:42 [DEBUG] 检查窗口：
2026-04-02 16:51:42 [DEBUG] 检查窗口：WeMail
2026-04-02 16:51:42 [DEBUG] 检查窗口：
2026-04-02 16:51:42 [DEBUG] 检查窗口：企业微信
2026-04-02 16:51:42 [DEBUG] 检查窗口：下载
2026-04-02 16:51:42 [DEBUG] 检查窗口：新标签页 和另外 11 个页面 - 工作 - Microsoft​ Edge
2026-04-02 16:51:42 [DEBUG] 检查窗口：学员明细备份.xlsx - Excel
2026-04-02 16:51:42 [DEBUG] 检查窗口：excel.py - BOT_TEST - Trae CN
2026-04-02 16:51:42 [DEBUG] 检查窗口：PixPin
2026-04-02 16:51:42 [DEBUG] 检查窗口：
2026-04-02 16:51:42 [DEBUG] 检查窗口：
2026-04-02 16:51:42 [DEBUG] 检查窗口：
2026-04-02 16:51:42 [DEBUG] 检查窗口：
2026-04-02 16:51:42 [DEBUG] 检查窗口：设置
2026-04-02 16:51:42 [DEBUG] 检查窗口：Windows 输入体验
2026-04-02 16:51:42 [DEBUG] 检查窗口：
2026-04-02 16:51:42 [DEBUG] 检查窗口：
2026-04-02 16:51:42 [DEBUG] 检查窗口：
2026-04-02 16:51:42 [DEBUG] 检查窗口：
2026-04-02 16:51:42 [DEBUG] 检查窗口：
2026-04-02 16:51:42 [DEBUG] 检查窗口：PixPin
2026-04-02 16:51:42 [DEBUG] 检查窗口：企业微信-文档
2026-04-02 16:51:42 [DEBUG] 检查窗口：聊天 | OpenClaw中文销售运营支持 | Microsoft Teams
2026-04-02 16:51:42 [DEBUG] 检查窗口：DESKTOP-L5KUIJN
2026-04-02 16:51:42 [DEBUG] 检查窗口：Program Manager
2026-04-02 16:51:42 [DEBUG] 未找到匹配的弹窗
2026-04-02 16:51:42 [DEBUG] 开始检测弹窗 - 方法1: UIA后端
2026-04-02 16:52:34 [DEBUG] 找到 18 个可见窗口
2026-04-02 16:52:34 [DEBUG] 检查窗口：
2026-04-02 16:52:34 [DEBUG] 检查窗口：Windows 默认锁屏界面
2026-04-02 16:52:34 [DEBUG] 检查窗口：Backstop Window
2026-04-02 16:52:34 [DEBUG] 检查窗口：任务栏
2026-04-02 16:52:34 [DEBUG] 检查窗口：WeMail
2026-04-02 16:52:34 [DEBUG] 检查窗口：企业微信
2026-04-02 16:52:34 [DEBUG] 检查窗口：下载
2026-04-02 16:52:34 [DEBUG] 检查窗口：新标签页 和另外 11 个页面 - 工作 - Microsoft​ Edge
2026-04-02 16:52:34 [DEBUG] 检查窗口：学员明细备份.xlsx - Excel
2026-04-02 16:52:34 [DEBUG] 检查窗口：excel.py - BOT_TEST - Trae CN
2026-04-02 16:52:34 [DEBUG] 检查窗口：PixPin
2026-04-02 16:52:34 [DEBUG] 检查窗口：
2026-04-02 16:52:34 [DEBUG] 检查窗口：
2026-04-02 16:52:34 [DEBUG] 检查窗口：
2026-04-02 16:52:34 [DEBUG] 检查窗口：PixPin
2026-04-02 16:52:34 [DEBUG] 检查窗口：企业微信-文档
2026-04-02 16:52:34 [DEBUG] 检查窗口：DESKTOP-L5KUIJN
2026-04-02 16:52:34 [DEBUG] 检查窗口：Program Manager
2026-04-02 16:52:34 [DEBUG] 开始检测弹窗 - 方法2: win32后端
2026-04-02 16:52:34 [DEBUG] 找到 26 个可见窗口
2026-04-02 16:52:34 [DEBUG] 检查窗口：
2026-04-02 16:52:34 [DEBUG] 检查窗口：
2026-04-02 16:52:34 [DEBUG] 检查窗口：WeMail
2026-04-02 16:52:34 [DEBUG] 检查窗口：
2026-04-02 16:52:34 [DEBUG] 检查窗口：企业微信
2026-04-02 16:52:34 [DEBUG] 检查窗口：下载
2026-04-02 16:52:34 [DEBUG] 检查窗口：新标签页 和另外 11 个页面 - 工作 - Microsoft​ Edge
2026-04-02 16:52:34 [DEBUG] 检查窗口：学员明细备份.xlsx - Excel
2026-04-02 16:52:34 [DEBUG] 检查窗口：excel.py - BOT_TEST - Trae CN
2026-04-02 16:52:34 [DEBUG] 检查窗口：PixPin
2026-04-02 16:52:34 [DEBUG] 检查窗口：
2026-04-02 16:52:34 [DEBUG] 检查窗口：
2026-04-02 16:52:34 [DEBUG] 检查窗口：
2026-04-02 16:52:34 [DEBUG] 检查窗口：
2026-04-02 16:52:34 [DEBUG] 检查窗口：设置
2026-04-02 16:52:34 [DEBUG] 检查窗口：Windows 输入体验
2026-04-02 16:52:34 [DEBUG] 检查窗口：
2026-04-02 16:52:34 [DEBUG] 检查窗口：
2026-04-02 16:52:34 [DEBUG] 检查窗口：
2026-04-02 16:52:34 [DEBUG] 检查窗口：
2026-04-02 16:52:34 [DEBUG] 检查窗口：
2026-04-02 16:52:34 [DEBUG] 检查窗口：PixPin
2026-04-02 16:52:34 [DEBUG] 检查窗口：企业微信-文档
2026-04-02 16:52:34 [DEBUG] 检查窗口：聊天 | OpenClaw中文销售运营支持 | Microsoft Teams
2026-04-02 16:52:34 [DEBUG] 检查窗口：DESKTOP-L5KUIJN
2026-04-02 16:52:34 [DEBUG] 检查窗口：Program Manager
2026-04-02 16:52:34 [DEBUG] 未找到匹配的弹窗
2026-04-02 16:56:16 [DEBUG] 找到 18 个可见窗口
2026-04-02 16:56:16 [DEBUG] 检查窗口：
2026-04-02 16:56:16 [DEBUG] 检查窗口：Windows 默认锁屏界面
2026-04-02 16:56:16 [DEBUG] 检查窗口：Backstop Window
2026-04-02 16:56:16 [DEBUG] 检查窗口：任务栏
2026-04-02 16:56:16 [DEBUG] 检查窗口：WeMail
2026-04-02 16:56:16 [DEBUG] 检查窗口：企业微信
2026-04-02 16:56:16 [DEBUG] 检查窗口：下载
2026-04-02 16:56:16 [DEBUG] 检查窗口：新标签页 和另外 11 个页面 - 工作 - Microsoft​ Edge
2026-04-02 16:56:16 [DEBUG] 检查窗口：学员明细备份.xlsx - Excel
2026-04-02 16:56:16 [DEBUG] 检查窗口：excel.py - BOT_TEST - Trae CN
2026-04-02 16:56:16 [DEBUG] 检查窗口：PixPin
2026-04-02 16:56:16 [DEBUG] 检查窗口：
2026-04-02 16:56:16 [DEBUG] 检查窗口：
2026-04-02 16:56:16 [DEBUG] 检查窗口：
2026-04-02 16:56:16 [DEBUG] 检查窗口：PixPin
2026-04-02 16:56:16 [DEBUG] 检查窗口：企业微信-文档
2026-04-02 16:56:16 [DEBUG] 检查窗口：DESKTOP-L5KUIJN
2026-04-02 16:56:16 [DEBUG] 检查窗口：Program Manager
2026-04-02 16:56:16 [DEBUG] 开始检测弹窗 - 方法2: win32后端
2026-04-02 16:56:16 [DEBUG] 找到 26 个可见窗口
2026-04-02 16:56:16 [DEBUG] 检查窗口：
2026-04-02 16:56:16 [DEBUG] 检查窗口：
2026-04-02 16:56:16 [DEBUG] 检查窗口：WeMail
2026-04-02 16:56:16 [DEBUG] 检查窗口：
2026-04-02 16:56:16 [DEBUG] 检查窗口：企业微信
2026-04-02 16:56:16 [DEBUG] 检查窗口：下载
2026-04-02 16:56:16 [DEBUG] 检查窗口：新标签页 和另外 11 个页面 - 工作 - Microsoft​ Edge
2026-04-02 16:56:16 [DEBUG] 检查窗口：学员明细备份.xlsx - Excel
2026-04-02 16:56:16 [DEBUG] 检查窗口：excel.py - BOT_TEST - Trae CN
2026-04-02 16:56:16 [DEBUG] 检查窗口：PixPin
2026-04-02 16:56:16 [DEBUG] 检查窗口：
2026-04-02 16:56:16 [DEBUG] 检查窗口：
2026-04-02 16:56:16 [DEBUG] 检查窗口：
2026-04-02 16:56:16 [DEBUG] 检查窗口：
2026-04-02 16:56:16 [DEBUG] 检查窗口：设置
2026-04-02 16:56:16 [DEBUG] 检查窗口：Windows 输入体验
2026-04-02 16:56:16 [DEBUG] 检查窗口：
2026-04-02 16:56:16 [DEBUG] 检查窗口：
2026-04-02 16:56:16 [DEBUG] 检查窗口：
2026-04-02 16:56:16 [DEBUG] 检查窗口：
2026-04-02 16:56:16 [DEBUG] 检查窗口：
2026-04-02 16:56:16 [DEBUG] 检查窗口：PixPin
2026-04-02 16:56:16 [DEBUG] 检查窗口：企业微信-文档
2026-04-02 16:56:16 [DEBUG] 检查窗口：聊天 | OpenClaw中文销售运营支持 | Microsoft Teams
2026-04-02 16:56:16 [DEBUG] 检查窗口：DESKTOP-L5KUIJN
2026-04-02 16:56:16 [DEBUG] 检查窗口：Program Manager
2026-04-02 16:56:16 [DEBUG] 未找到匹配的弹窗
2026-04-02 16:56:16 [DEBUG] 开始检测弹窗 - 方法1: UIA后端
2026-04-02 16:58:04 [DEBUG] 重新应用筛选：昨日课量备份
2026-04-02 16:58:04 [DEBUG] 开始检测弹窗 - 方法1: UIA后端
2026-04-02 16:58:04 [INFO] 开始截图，共 1 个区域
2026-04-02 16:58:04 [DEBUG] 截图区域地址: $A$1:$A$2
2026-04-02 16:58:05 [INFO] 截图成功：[test] 工作表[sheet1] 区域[A1]
2026-04-02 16:58:06 [DEBUG] 已将所有工作表缩放比例恢复为100%
2026-04-02 16:58:10 [DEBUG] Excel 进程已释放
2026-04-02 16:58:11 [INFO] 发送成功：截图 学员明细备份_test_20260402_165804_654698.png
2026-04-02 16:58:11 [DEBUG] 清理临时文件：学员明细备份_test_20260402_165804_654698.png
2026-04-02 16:58:11 [INFO] 任务耗时：665.36s
2026-04-02 16:58:11 [INFO] ====================================================================================================
2026-04-02 16:58:28 [INFO] 日志系统已初始化，日志文件：c:\Users\EDY\Desktop\BOT_TEST\logs\2026\04\2026-04-02.log
2026-04-02 16:58:28 [INFO] 成功加载 1 个任务
2026-04-02 16:58:28 [INFO] 进入调试模式...
2026-04-02 16:58:28 [INFO] ====================================================================================================
2026-04-02 16:58:28 [INFO] 启动任务：学员明细备份.xlsx
2026-04-02 16:58:28 [INFO] ====================================================================================================
2026-04-02 16:58:28 [DEBUG] 开始检测弹窗 - 方法1: UIA后端
2026-04-02 16:58:31 [DEBUG] 成功打开文件：学员明细备份.xlsx
2026-04-02 16:58:31 [INFO] 开始刷新数据...
2026-04-02 16:58:31 [DEBUG] 开始检测弹窗 - 方法1: UIA后端
2026-04-02 16:58:31 [DEBUG] 发现链接数据源的表格：工作表 [昨日课量备份] - 查询 [昨日课量备份] - 范围 [$A$1:$B$59147]
2026-04-02 16:58:31 [INFO] 共发现 1 个链接了数据源的表格
2026-04-02 16:58:31 [INFO]   - 工作表 [昨日课量备份] - 查询 [昨日课量备份] - 范围 [$A$1:$B$59147]
2026-04-02 16:58:31 [INFO] 检查数据连接属性：
2026-04-02 16:58:31 [INFO]   工作表 [昨日课量备份] - 查询 [昨日课量备份]:
2026-04-02 16:58:31 [INFO]     - 全部刷新时刷新此连接: ✓ 已设置
2026-04-02 16:58:31 [INFO]     - 数据源表格范围: $A$1:$B$59147
2026-04-02 16:58:31 [INFO] 在 1 个工作表中设置左上角单元格值为1
2026-04-02 16:58:31 [INFO]   工作表 [昨日课量备份] - 已将 $A$1 单元格值设置为 1
2026-04-02 16:58:41 [INFO] 执行全部刷新...
2026-04-02 16:59:35 [INFO] 工作表 [昨日课量备份] - 查询 [昨日课量备份] 的 $A$1 单元格值已更新，刷新成功
2026-04-02 16:59:35 [INFO] 所有表格刷新成功！
2026-04-02 16:59:35 [DEBUG] 开始检测弹窗 - 方法1: UIA后端
2026-04-02 17:03:02 [DEBUG] 找到 15 个可见窗口
2026-04-02 17:03:02 [DEBUG] 检查窗口：任务栏
2026-04-02 17:03:02 [DEBUG] 检查窗口：WeMail
2026-04-02 17:03:02 [DEBUG] 检查窗口：excel.py - BOT_TEST - Trae CN
2026-04-02 17:03:02 [DEBUG] 检查窗口：企业微信
2026-04-02 17:03:02 [DEBUG] 检查窗口：下载
2026-04-02 17:03:02 [DEBUG] 检查窗口：新标签页 和另外 11 个页面 - 工作 - Microsoft​ Edge
2026-04-02 17:03:02 [DEBUG] 检查窗口：PixPin
2026-04-02 17:03:02 [DEBUG] 检查窗口：
2026-04-02 17:03:02 [DEBUG] 检查窗口：
2026-04-02 17:03:02 [DEBUG] 检查窗口：
2026-04-02 17:03:02 [DEBUG] 检查窗口：PixPin
2026-04-02 17:03:02 [DEBUG] 检查窗口：企业微信-文档
2026-04-02 17:03:02 [DEBUG] 检查窗口：聊天 | OpenClaw Chinese Sales Ops | Microsoft Teams
2026-04-02 17:03:02 [DEBUG] 检查窗口：DESKTOP-L5KUIJN
2026-04-02 17:03:02 [DEBUG] 检查窗口：Program Manager
2026-04-02 17:03:02 [DEBUG] 开始检测弹窗 - 方法2: win32后端
2026-04-02 17:03:02 [DEBUG] 找到 27 个可见窗口
2026-04-02 17:03:02 [DEBUG] 检查窗口：
2026-04-02 17:03:02 [DEBUG] 检查窗口：WeMail
2026-04-02 17:03:02 [DEBUG] 检查窗口：
2026-04-02 17:03:02 [DEBUG] 检查窗口：企业微信
2026-04-02 17:03:02 [DEBUG] 检查窗口：聊天 | OpenClaw Chinese Sales Ops | Microsoft Teams
2026-04-02 17:03:02 [DEBUG] 检查窗口：下载
2026-04-02 17:03:02 [DEBUG] 检查窗口：excel.py - BOT_TEST - Trae CN
2026-04-02 17:03:02 [DEBUG] 检查窗口：
2026-04-02 17:03:02 [DEBUG] 检查窗口：学员明细备份.xlsx - Excel
2026-04-02 17:03:02 [DEBUG] 检查窗口：新标签页 和另外 11 个页面 - 工作 - Microsoft​ Edge
2026-04-02 17:03:02 [DEBUG] 检查窗口：PixPin
2026-04-02 17:03:02 [DEBUG] 检查窗口：
2026-04-02 17:03:02 [DEBUG] 检查窗口：
2026-04-02 17:03:02 [DEBUG] 检查窗口：
2026-04-02 17:03:02 [DEBUG] 检查窗口：
2026-04-02 17:03:02 [DEBUG] 检查窗口：设置
2026-04-02 17:03:02 [DEBUG] 检查窗口：Windows 输入体验
2026-04-02 17:03:02 [DEBUG] 检查窗口：
2026-04-02 17:03:02 [DEBUG] 检查窗口：
2026-04-02 17:03:02 [DEBUG] 检查窗口：
2026-04-02 17:03:02 [DEBUG] 检查窗口：
2026-04-02 17:03:02 [DEBUG] 检查窗口：
2026-04-02 17:03:02 [DEBUG] 检查窗口：
2026-04-02 17:03:02 [DEBUG] 检查窗口：PixPin
2026-04-02 17:03:02 [DEBUG] 检查窗口：企业微信-文档
2026-04-02 17:03:02 [DEBUG] 检查窗口：DESKTOP-L5KUIJN
2026-04-02 17:03:02 [DEBUG] 检查窗口：Program Manager
2026-04-02 17:03:02 [DEBUG] 未找到匹配的弹窗
2026-04-02 17:03:05 [DEBUG] 找到 16 个可见窗口
2026-04-02 17:03:05 [DEBUG] 检查窗口：任务栏
2026-04-02 17:03:05 [DEBUG] 检查窗口：WeMail
2026-04-02 17:03:05 [DEBUG] 检查窗口：excel.py - BOT_TEST - Trae CN
2026-04-02 17:03:05 [DEBUG] 检查窗口：学员明细备份.xlsx - Excel
2026-04-02 17:03:05 [DEBUG] 检查窗口：企业微信
2026-04-02 17:03:05 [DEBUG] 检查窗口：下载
2026-04-02 17:03:05 [DEBUG] 检查窗口：新标签页 和另外 11 个页面 - 工作 - Microsoft​ Edge
2026-04-02 17:03:05 [DEBUG] 检查窗口：PixPin
2026-04-02 17:03:05 [DEBUG] 检查窗口：
2026-04-02 17:03:05 [DEBUG] 检查窗口：
2026-04-02 17:03:05 [DEBUG] 检查窗口：
2026-04-02 17:03:05 [DEBUG] 检查窗口：PixPin
2026-04-02 17:03:05 [DEBUG] 检查窗口：企业微信-文档
2026-04-02 17:03:05 [DEBUG] 检查窗口：聊天 | OpenClaw Chinese Sales Ops | Microsoft Teams
2026-04-02 17:03:05 [DEBUG] 检查窗口：DESKTOP-L5KUIJN
2026-04-02 17:03:05 [DEBUG] 检查窗口：Program Manager
2026-04-02 17:03:05 [DEBUG] 开始检测弹窗 - 方法2: win32后端
2026-04-02 17:03:05 [DEBUG] 找到 27 个可见窗口
2026-04-02 17:03:05 [DEBUG] 检查窗口：
2026-04-02 17:03:05 [DEBUG] 检查窗口：WeMail
2026-04-02 17:03:05 [DEBUG] 检查窗口：
2026-04-02 17:03:05 [DEBUG] 检查窗口：企业微信
2026-04-02 17:03:05 [DEBUG] 检查窗口：聊天 | OpenClaw Chinese Sales Ops | Microsoft Teams
2026-04-02 17:03:05 [DEBUG] 检查窗口：下载
2026-04-02 17:03:05 [DEBUG] 检查窗口：excel.py - BOT_TEST - Trae CN
2026-04-02 17:03:05 [DEBUG] 检查窗口：
2026-04-02 17:03:05 [DEBUG] 检查窗口：学员明细备份.xlsx - Excel
2026-04-02 17:03:05 [DEBUG] 检查窗口：新标签页 和另外 11 个页面 - 工作 - Microsoft​ Edge
2026-04-02 17:03:05 [DEBUG] 检查窗口：PixPin
2026-04-02 17:03:05 [DEBUG] 检查窗口：
2026-04-02 17:03:05 [DEBUG] 检查窗口：
2026-04-02 17:03:05 [DEBUG] 检查窗口：
2026-04-02 17:03:05 [DEBUG] 检查窗口：
2026-04-02 17:03:05 [DEBUG] 检查窗口：设置
2026-04-02 17:03:05 [DEBUG] 检查窗口：Windows 输入体验
2026-04-02 17:03:05 [DEBUG] 检查窗口：
2026-04-02 17:03:05 [DEBUG] 检查窗口：
2026-04-02 17:03:05 [DEBUG] 检查窗口：
2026-04-02 17:03:05 [DEBUG] 检查窗口：
2026-04-02 17:03:05 [DEBUG] 检查窗口：
2026-04-02 17:03:05 [DEBUG] 检查窗口：
2026-04-02 17:03:05 [DEBUG] 检查窗口：PixPin
2026-04-02 17:03:05 [DEBUG] 检查窗口：企业微信-文档
2026-04-02 17:03:05 [DEBUG] 检查窗口：DESKTOP-L5KUIJN
2026-04-02 17:03:05 [DEBUG] 检查窗口：Program Manager
2026-04-02 17:03:05 [DEBUG] 未找到匹配的弹窗
2026-04-02 17:03:05 [DEBUG] 开始检测弹窗 - 方法1: UIA后端
2026-04-02 17:04:09 [DEBUG] 找到 16 个可见窗口
2026-04-02 17:04:09 [DEBUG] 检查窗口：任务栏
2026-04-02 17:04:09 [DEBUG] 检查窗口：WeMail
2026-04-02 17:04:09 [DEBUG] 检查窗口：学员明细备份.xlsx - Excel
2026-04-02 17:04:09 [DEBUG] 检查窗口：excel.py - BOT_TEST - Trae CN
2026-04-02 17:04:09 [DEBUG] 检查窗口：企业微信
2026-04-02 17:04:09 [DEBUG] 检查窗口：下载
2026-04-02 17:04:09 [DEBUG] 检查窗口：新标签页 和另外 11 个页面 - 工作 - Microsoft​ Edge
2026-04-02 17:04:09 [DEBUG] 检查窗口：PixPin
2026-04-02 17:04:09 [DEBUG] 检查窗口：
2026-04-02 17:04:09 [DEBUG] 检查窗口：
2026-04-02 17:04:09 [DEBUG] 检查窗口：
2026-04-02 17:04:09 [DEBUG] 检查窗口：PixPin
2026-04-02 17:04:09 [DEBUG] 检查窗口：企业微信-文档
2026-04-02 17:04:09 [DEBUG] 检查窗口：聊天 | OpenClaw Chinese Sales Ops | Microsoft Teams
2026-04-02 17:04:09 [DEBUG] 检查窗口：DESKTOP-L5KUIJN
2026-04-02 17:04:09 [DEBUG] 检查窗口：Program Manager
2026-04-02 17:04:09 [DEBUG] 开始检测弹窗 - 方法2: win32后端
2026-04-02 17:04:09 [DEBUG] 找到 28 个可见窗口
2026-04-02 17:04:09 [DEBUG] 检查窗口：
2026-04-02 17:04:09 [DEBUG] 检查窗口：WeMail
2026-04-02 17:04:09 [DEBUG] 检查窗口：新标签页 和另外 11 个页面 - 工作 - Microsoft​ Edge
2026-04-02 17:04:09 [DEBUG] 检查窗口：DESKTOP-L5KUIJN
2026-04-02 17:04:09 [DEBUG] 检查窗口：
2026-04-02 17:04:09 [DEBUG] 检查窗口：
2026-04-02 17:04:09 [DEBUG] 检查窗口：企业微信
2026-04-02 17:04:09 [DEBUG] 检查窗口：聊天 | OpenClaw Chinese Sales Ops | Microsoft Teams
2026-04-02 17:04:09 [DEBUG] 检查窗口：下载
2026-04-02 17:04:09 [DEBUG] 检查窗口：excel.py - BOT_TEST - Trae CN
2026-04-02 17:04:09 [DEBUG] 检查窗口：
2026-04-02 17:04:09 [DEBUG] 检查窗口：学员明细备份.xlsx - Excel
2026-04-02 17:04:09 [DEBUG] 检查窗口：PixPin
2026-04-02 17:04:09 [DEBUG] 检查窗口：
2026-04-02 17:04:09 [DEBUG] 检查窗口：
2026-04-02 17:04:09 [DEBUG] 检查窗口：
2026-04-02 17:04:09 [DEBUG] 检查窗口：
2026-04-02 17:04:09 [DEBUG] 检查窗口：设置
2026-04-02 17:04:09 [DEBUG] 检查窗口：Windows 输入体验
2026-04-02 17:04:09 [DEBUG] 检查窗口：
2026-04-02 17:04:09 [DEBUG] 检查窗口：
2026-04-02 17:04:09 [DEBUG] 检查窗口：
2026-04-02 17:04:09 [DEBUG] 检查窗口：
2026-04-02 17:04:09 [DEBUG] 检查窗口：
2026-04-02 17:04:09 [DEBUG] 检查窗口：
2026-04-02 17:04:09 [DEBUG] 检查窗口：PixPin
2026-04-02 17:04:09 [DEBUG] 检查窗口：企业微信-文档
2026-04-02 17:04:09 [DEBUG] 检查窗口：Program Manager
2026-04-02 17:04:09 [DEBUG] 未找到匹配的弹窗
2026-04-02 17:07:20 [DEBUG] 重新应用筛选：昨日课量备份
2026-04-02 17:07:20 [DEBUG] 开始检测弹窗 - 方法1: UIA后端
2026-04-02 17:07:20 [INFO] 开始截图，共 1 个区域
2026-04-02 17:07:20 [DEBUG] 截图区域地址: $A$1:$A$2
2026-04-02 17:07:21 [INFO] 截图成功：[test] 工作表[sheet1] 区域[A1]
2026-04-02 17:07:22 [DEBUG] 已将所有工作表缩放比例恢复为100%
2026-04-02 17:07:26 [DEBUG] Excel 进程已释放
2026-04-02 17:07:27 [INFO] 发送成功：截图 学员明细备份_test_20260402_170720_530220.png
2026-04-02 17:07:27 [DEBUG] 清理临时文件：学员明细备份_test_20260402_170720_530220.png
2026-04-02 17:07:27 [INFO] 任务耗时：538.83s
2026-04-02 17:07:27 [INFO] ====================================================================================================
2026-04-02 18:11:14 [INFO] 日志系统已初始化，日志文件：c:\Users\EDY\Desktop\BOT_TEST\logs\2026\04\2026-04-02.log
2026-04-02 18:11:14 [INFO] 成功加载 1 个任务
2026-04-02 18:11:14 [INFO] 进入调试模式...
2026-04-02 18:11:14 [INFO] ====================================================================================================
2026-04-02 18:11:14 [INFO] 启动任务：学员明细备份.xlsx
2026-04-02 18:11:14 [INFO] ====================================================================================================
2026-04-02 18:11:14 [WARNING] 关闭 Excel 进程异常：Excel.Application.Quit
2026-04-02 18:11:14 [DEBUG] Excel 进程已释放
2026-04-02 18:11:14 [ERROR] 任务异常：Excel 启动失败：Property 'Excel.Application.Visible' can not be set.
Traceback (most recent call last):
  File "c:\Users\EDY\Desktop\BOT_TEST\excel.py", line 95, in __enter__
    self.excel.Visible = self.visible
  File "D:\Program\python39\lib\site-packages\win32com\client\dynamic.py", line 699, in __setattr__
    raise AttributeError(f"Property '{self._username_}.{attr}' can not be set.")
AttributeError: Property 'Excel.Application.Visible' can not be set.

During handling of the above exception, another exception occurred:

Traceback (most recent call last):
  File "c:\Users\EDY\Desktop\BOT_TEST\excel.py", line 634, in execute
    with ExcelProcessor(
  File "c:\Users\EDY\Desktop\BOT_TEST\excel.py", line 124, in __enter__
    raise RuntimeError(f"Excel 启动失败：{str(e)}")
RuntimeError: Excel 启动失败：Property 'Excel.Application.Visible' can not be set.
2026-04-02 18:11:14 [INFO] 发送成功：任务启动失败通知
2026-04-02 18:11:14 [INFO] 任务耗时：0.35s
2026-04-02 18:11:14 [INFO] ====================================================================================================
2026-04-02 18:11:36 [INFO] 日志系统已初始化，日志文件：c:\Users\EDY\Desktop\BOT_TEST\logs\2026\04\2026-04-02.log
2026-04-02 18:11:36 [INFO] 成功加载 1 个任务
2026-04-02 18:11:36 [INFO] 进入调试模式...
2026-04-02 18:11:36 [INFO] ====================================================================================================
2026-04-02 18:11:36 [INFO] 启动任务：学员明细备份.xlsx
2026-04-02 18:11:36 [INFO] ====================================================================================================
2026-04-02 18:11:36 [DEBUG] 设置Visible属性失败：Property 'Excel.Application.Visible' can not be set.
2026-04-02 18:11:36 [DEBUG] 设置DisplayAlerts属性失败：Property 'Excel.Application.DisplayAlerts' can not be set.
2026-04-02 18:11:36 [WARNING] 关闭 Excel 进程异常：Excel.Application.Quit
2026-04-02 18:11:36 [DEBUG] Excel 进程已释放
2026-04-02 18:11:36 [ERROR] 任务异常：Excel 启动失败：Excel.Application.Workbooks
Traceback (most recent call last):
  File "c:\Users\EDY\Desktop\BOT_TEST\excel.py", line 103, in __enter__
    self.workbook = self.excel.Workbooks.Open(self.file_path)
  File "D:\Program\python39\lib\site-packages\win32com\client\dynamic.py", line 631, in __getattr__
    raise AttributeError(f"{self._username_}.{attr}")
AttributeError: Excel.Application.Workbooks

During handling of the above exception, another exception occurred:

Traceback (most recent call last):
  File "c:\Users\EDY\Desktop\BOT_TEST\excel.py", line 640, in execute
    with ExcelProcessor(
  File "c:\Users\EDY\Desktop\BOT_TEST\excel.py", line 130, in __enter__
    raise RuntimeError(f"Excel 启动失败：{str(e)}")
RuntimeError: Excel 启动失败：Excel.Application.Workbooks
2026-04-02 18:11:36 [INFO] 发送成功：任务启动失败通知
2026-04-02 18:11:36 [INFO] 任务耗时：0.32s
2026-04-02 18:11:36 [INFO] ====================================================================================================
2026-04-02 18:11:58 [INFO] 日志系统已初始化，日志文件：c:\Users\EDY\Desktop\BOT_TEST\logs\2026\04\2026-04-02.log
2026-04-02 18:11:58 [INFO] 成功加载 1 个任务
2026-04-02 18:11:58 [INFO] 进入调试模式...
2026-04-02 18:11:58 [INFO] ====================================================================================================
2026-04-02 18:11:58 [INFO] 启动任务：学员明细备份.xlsx
2026-04-02 18:11:58 [INFO] ====================================================================================================
2026-04-02 18:11:59 [DEBUG] Excel 进程已释放
2026-04-02 18:11:59 [ERROR] 任务异常：Excel 启动失败：(-2147352567, '发生意外。', (0, 'Microsoft Excel', 'Microsoft Excel 不能访问文件“C:\\Users\\EDY\\OneDrive - PPLINGO PTE LTD\\自动播报文件\\学员明细备份.xlsx”。 可能的原因有以下几个:\n\n• 文件名称或路径不存在。\n• 文件正被其他程序使用。\n• 您正要保存的工作簿与当前打开的工作簿同名。', 'xlmain11.chm', 0, -2146827284), None)
Traceback (most recent call last):
  File "c:\Users\EDY\Desktop\BOT_TEST\excel.py", line 104, in __enter__
    self.workbook = self.excel.Workbooks.Open(self.file_path)
  File "<COMObject <unknown>>", line 5, in Open
pywintypes.com_error: (-2147352567, '发生意外。', (0, 'Microsoft Excel', 'Microsoft Excel 不能访问文件“C:\\Users\\EDY\\OneDrive - PPLINGO PTE LTD\\自动播报文件\\学员明细备份.xlsx”。 可能的原因有以下几个:\n\n• 文件名称或路径不存在。\n• 文件正被其他程序使用。\n• 您正要保存的工作簿与当前打开的工作簿同名。', 'xlmain11.chm', 0, -2146827284), None)

During handling of the above exception, another exception occurred:

Traceback (most recent call last):
  File "c:\Users\EDY\Desktop\BOT_TEST\excel.py", line 641, in execute
    with ExcelProcessor(
  File "c:\Users\EDY\Desktop\BOT_TEST\excel.py", line 131, in __enter__
    raise RuntimeError(f"Excel 启动失败：{str(e)}")
RuntimeError: Excel 启动失败：(-2147352567, '发生意外。', (0, 'Microsoft Excel', 'Microsoft Excel 不能访问文件“C:\\Users\\EDY\\OneDrive - PPLINGO PTE LTD\\自动播报文件\\学员明细备份.xlsx”。 可能的原因有以下几个:\n\n• 文件名称或路径不存在。\n• 文件正被其他程序使用。\n• 您正要保存的工作簿与当前打开的工作簿同名。', 'xlmain11.chm', 0, -2146827284), None)
2026-04-02 18:11:59 [INFO] 发送成功：任务启动失败通知
2026-04-02 18:11:59 [INFO] 任务耗时：1.75s
2026-04-02 18:11:59 [INFO] ====================================================================================================
2026-04-02 18:21:44 [INFO] 日志系统已初始化，日志文件：C:\Users\EDY\Desktop\BOT_TEST\logs\2026\04\2026-04-02.log
2026-04-02 18:21:44 [INFO] 成功加载 1 个任务
2026-04-02 18:21:44 [INFO] 启动任务调度器...
2026-04-02 18:21:44 [INFO] 已安排任务：08:35 → 学员明细备份.xlsx
2026-04-02 18:21:44 [INFO] 已安排任务：10:35 → 学员明细备份.xlsx
2026-04-02 18:21:44 [INFO] 已安排任务：12:35 → 学员明细备份.xlsx
2026-04-02 18:21:44 [INFO] 已安排任务：14:35 → 学员明细备份.xlsx
2026-04-02 18:21:44 [INFO] 已安排任务：16:35 → 学员明细备份.xlsx
2026-04-02 18:21:44 [INFO] 已安排任务：18:35 → 学员明细备份.xlsx
2026-04-02 18:21:44 [INFO] 已安排任务：20:35 → 学员明细备份.xlsx
2026-04-02 18:21:44 [INFO] 已安排任务：22:00 → 学员明细备份.xlsx
2026-04-02 18:21:47 [INFO] 正在关闭调度器...
2026-04-02 18:22:32 [INFO] 日志系统已初始化，日志文件：C:\Users\EDY\Desktop\BOT_TEST\logs\2026\04\2026-04-02.log
2026-04-02 18:22:32 [INFO] 成功加载 1 个任务
2026-04-02 18:22:32 [INFO] 进入调试模式...
2026-04-02 18:22:32 [INFO] ====================================================================================================
2026-04-02 18:22:32 [INFO] 启动任务：学员明细备份.xlsx
2026-04-02 18:22:32 [INFO] ====================================================================================================
2026-04-02 18:22:32 [WARNING] 关闭 Excel 进程异常：Excel.Application.Quit
2026-04-02 18:22:32 [DEBUG] Excel 进程已释放
2026-04-02 18:22:32 [ERROR] 任务异常：Excel 启动失败：Property 'Excel.Application.Visible' can not be set.
Traceback (most recent call last):
  File "C:\Users\EDY\Desktop\BOT_TEST\excel.py", line 92, in __enter__
    self.excel.Visible = self.visible
  File "D:\Program\Miniconda\lib\site-packages\win32com\client\dynamic.py", line 581, in __setattr__
    raise AttributeError("Property '%s.%s' can not be set." % (self._username_, attr))
AttributeError: Property 'Excel.Application.Visible' can not be set.

During handling of the above exception, another exception occurred:

Traceback (most recent call last):
  File "C:\Users\EDY\Desktop\BOT_TEST\excel.py", line 610, in execute
    with ExcelProcessor(
  File "C:\Users\EDY\Desktop\BOT_TEST\excel.py", line 117, in __enter__
    raise RuntimeError(f"Excel 启动失败：{str(e)}")
RuntimeError: Excel 启动失败：Property 'Excel.Application.Visible' can not be set.
2026-04-02 18:22:32 [INFO] 发送成功：任务启动失败通知
2026-04-02 18:22:32 [INFO] 任务耗时：0.37s
2026-04-02 18:22:32 [INFO] ====================================================================================================
2026-04-02 18:53:16 [INFO] 日志系统已初始化，日志文件：C:\Users\EDY\Desktop\BOT_TEST\logs\2026\04\2026-04-02.log
2026-04-02 18:53:16 [INFO] 成功加载 1 个任务
2026-04-02 18:53:16 [INFO] 进入调试模式...
2026-04-02 18:53:16 [INFO] ====================================================================================================
2026-04-02 18:53:16 [INFO] 启动任务：学员明细备份.xlsx
2026-04-02 18:53:16 [INFO] ====================================================================================================
2026-04-02 18:53:19 [DEBUG] 成功打开文件：学员明细备份.xlsx
2026-04-02 18:53:19 [INFO] 开始刷新数据...
2026-04-02 18:53:19 [DEBUG] 未安装 pywinauto，跳过 UIA 弹窗守护
2026-04-02 18:53:19 [DEBUG] 发现链接数据源的表格：工作表 [昨日课量备份] - 查询 [昨日课量备份] - 范围 [$A$1:$B$59147]
2026-04-02 18:53:19 [INFO] 共发现 1 个链接了数据源的表格
2026-04-02 18:53:19 [INFO]   - 工作表 [昨日课量备份] - 查询 [昨日课量备份] - 范围 [$A$1:$B$59147]
2026-04-02 18:53:19 [INFO] 检查数据连接属性：
2026-04-02 18:53:19 [INFO]   工作表 [昨日课量备份] - 查询 [昨日课量备份]:
2026-04-02 18:53:19 [INFO]     - 全部刷新时刷新此连接: ✓ 已设置
2026-04-02 18:53:19 [INFO]     - 数据源表格范围: $A$1:$B$59147
2026-04-02 18:53:19 [INFO] 在 1 个工作表中设置左上角单元格值为1
2026-04-02 18:53:19 [INFO]   工作表 [昨日课量备份] - 已将 $A$1 单元格值设置为 1
2026-04-02 18:53:29 [INFO] 执行全部刷新...
2026-04-02 18:54:54 [INFO] 工作表 [昨日课量备份] - 查询 [昨日课量备份] 的 $A$1 单元格值已更新，刷新成功
2026-04-02 18:54:54 [INFO] 所有表格刷新成功！
2026-04-02 18:54:54 [DEBUG] 未安装 pywinauto，跳过 UIA 弹窗守护
2026-04-02 18:54:54 [DEBUG] 重新应用筛选：昨日课量备份
2026-04-02 18:54:54 [DEBUG] 未安装 pywinauto，跳过 UIA 弹窗守护
2026-04-02 18:54:54 [INFO] 开始截图，共 1 个区域
2026-04-02 18:54:54 [DEBUG] 截图区域地址: $A$1:$A$2
2026-04-02 18:54:55 [INFO] 截图成功：[test] 工作表[sheet1] 区域[A1]
2026-04-02 18:54:56 [DEBUG] 已将所有工作表缩放比例恢复为100%
2026-04-02 18:54:59 [DEBUG] Excel 进程已释放
2026-04-02 18:54:59 [INFO] 发送成功：截图 学员明细备份_test_20260402_185454_503893.png
2026-04-02 18:54:59 [DEBUG] 清理临时文件：学员明细备份_test_20260402_185454_503893.png
2026-04-02 18:54:59 [INFO] 任务耗时：102.67s
2026-04-02 18:54:59 [INFO] ====================================================================================================
2026-04-02 19:03:13 [INFO] 日志系统已初始化，日志文件：C:\Users\EDY\Desktop\BOT_TEST\logs\2026\04\2026-04-02.log
2026-04-02 19:03:13 [INFO] 成功加载 1 个任务
2026-04-02 19:03:13 [INFO] 进入调试模式...
2026-04-02 19:03:13 [INFO] ====================================================================================================
2026-04-02 19:03:13 [INFO] 启动任务：学员明细备份.xlsx
2026-04-02 19:03:13 [INFO] ====================================================================================================
2026-04-02 19:03:16 [DEBUG] 成功打开文件：学员明细备份.xlsx
2026-04-02 19:03:16 [INFO] 开始刷新数据...
2026-04-02 19:03:16 [DEBUG] 未安装 pywinauto，跳过 UIA 弹窗守护
2026-04-02 19:03:16 [DEBUG] 发现链接数据源的表格：工作表 [昨日课量备份] - 查询 [昨日课量备份] - 范围 [$A$1:$B$59147]
2026-04-02 19:03:16 [INFO] 共发现 1 个链接了数据源的表格
2026-04-02 19:03:16 [INFO]   - 工作表 [昨日课量备份] - 查询 [昨日课量备份] - 范围 [$A$1:$B$59147]
2026-04-02 19:03:16 [INFO] 检查数据连接属性：
2026-04-02 19:03:16 [INFO]   工作表 [昨日课量备份] - 查询 [昨日课量备份]:
2026-04-02 19:03:16 [INFO]     - 全部刷新时刷新此连接: ✓ 已设置
2026-04-02 19:03:16 [INFO]     - 数据源表格范围: $A$1:$B$59147
2026-04-02 19:03:16 [INFO] 在 1 个工作表中设置左上角单元格值为1
2026-04-02 19:03:16 [INFO]   工作表 [昨日课量备份] - 已将 $A$1 单元格值设置为 1
2026-04-02 19:03:26 [INFO] 执行全部刷新...
2026-04-02 19:04:22 [INFO] 工作表 [昨日课量备份] - 查询 [昨日课量备份] 的 $A$1 单元格值已更新，刷新成功
2026-04-02 19:04:22 [INFO] 所有表格刷新成功！
2026-04-02 19:04:22 [DEBUG] 未安装 pywinauto，跳过 UIA 弹窗守护
2026-04-02 19:04:22 [DEBUG] 重新应用筛选：昨日课量备份
2026-04-02 19:04:22 [DEBUG] 未安装 pywinauto，跳过 UIA 弹窗守护
2026-04-02 19:04:22 [INFO] 开始截图，共 1 个区域
2026-04-02 19:04:22 [DEBUG] 截图区域地址: $A$1:$A$2
2026-04-02 19:04:23 [INFO] 截图成功：[test] 工作表[sheet1] 区域[A1]
2026-04-02 19:04:23 [DEBUG] 已将所有工作表缩放比例恢复为100%
2026-04-02 19:04:27 [DEBUG] Excel 进程已释放
2026-04-02 19:04:27 [INFO] 发送成功：截图 学员明细备份_test_20260402_190422_781025.png
2026-04-02 19:04:27 [DEBUG] 清理临时文件：学员明细备份_test_20260402_190422_781025.png
2026-04-02 19:04:27 [INFO] 任务耗时：73.72s
2026-04-02 19:04:27 [INFO] ====================================================================================================
