2026-04-27 15:23:58 [INFO] 日志系统已初始化，日志文件：c:\Users\EDY\Desktop\BOT_TEST\logs\2026\04\2026-04-27.log
2026-04-27 15:24:04 [INFO] 日志系统已初始化，日志文件：c:\Users\EDY\Desktop\BOT_TEST\logs\2026\04\2026-04-27.log
2026-04-27 15:25:47 [INFO] 日志系统已初始化，日志文件：c:\Users\EDY\Desktop\BOT_TEST\logs\2026\04\2026-04-27.log
2026-04-27 15:25:47 [INFO] 成功加载 1 个任务
2026-04-27 15:25:47 [INFO] 启动任务调度器...
2026-04-27 15:25:47 [INFO] 已安排任务：08:35 → 学员明细备份.xlsx
2026-04-27 15:25:47 [INFO] 已安排任务：10:35 → 学员明细备份.xlsx
2026-04-27 15:25:47 [INFO] 已安排任务：12:35 → 学员明细备份.xlsx
2026-04-27 15:25:47 [INFO] 已安排任务：14:35 → 学员明细备份.xlsx
2026-04-27 15:25:47 [INFO] 已安排任务：16:35 → 学员明细备份.xlsx
2026-04-27 15:25:47 [INFO] 已安排任务：18:35 → 学员明细备份.xlsx
2026-04-27 15:25:47 [INFO] 已安排任务：20:35 → 学员明细备份.xlsx
2026-04-27 15:25:47 [INFO] 已安排任务：22:00 → 学员明细备份.xlsx
2026-04-27 15:25:49 [INFO] 正在关闭调度器...
2026-04-27 15:26:47 [INFO] 日志系统已初始化，日志文件：c:\Users\EDY\Desktop\BOT_TEST\logs\2026\04\2026-04-27.log
2026-04-27 15:27:50 [INFO] 日志系统已初始化，日志文件：c:\Users\EDY\Desktop\BOT_TEST\logs\2026\04\2026-04-27.log
2026-04-27 15:27:50 [INFO] 成功加载 1 个任务
2026-04-27 15:27:50 [INFO] 启动任务调度器...
2026-04-27 15:27:50 [INFO] 已安排任务：08:35 → 学员明细备份.xlsx
2026-04-27 15:27:50 [INFO] 已安排任务：10:35 → 学员明细备份.xlsx
2026-04-27 15:27:50 [INFO] 已安排任务：12:35 → 学员明细备份.xlsx
2026-04-27 15:27:50 [INFO] 已安排任务：14:35 → 学员明细备份.xlsx
2026-04-27 15:27:50 [INFO] 已安排任务：16:35 → 学员明细备份.xlsx
2026-04-27 15:27:50 [INFO] 已安排任务：18:35 → 学员明细备份.xlsx
2026-04-27 15:27:50 [INFO] 已安排任务：20:35 → 学员明细备份.xlsx
2026-04-27 15:27:50 [INFO] 已安排任务：22:00 → 学员明细备份.xlsx
2026-04-27 15:27:51 [INFO] 正在关闭调度器...
2026-04-27 15:28:24 [INFO] 日志系统已初始化，日志文件：c:\Users\EDY\Desktop\BOT_TEST\logs\2026\04\2026-04-27.log
2026-04-27 15:28:24 [INFO] 已启用测试webhook，将发送到测试群
2026-04-27 15:28:24 [INFO] 成功加载 1 个任务
2026-04-27 15:28:24 [INFO] 进入调试模式...
2026-04-27 15:28:24 [INFO] ====================================================================================================
2026-04-27 15:28:24 [INFO] 启动任务：学员明细备份.xlsx
2026-04-27 15:28:24 [INFO] ====================================================================================================
2026-04-27 15:28:27 [DEBUG] 成功打开文件：学员明细备份.xlsx
2026-04-27 15:28:27 [INFO] 开始刷新数据...
2026-04-27 15:28:27 [DEBUG] 发现链接数据源的表格：工作表 [昨日课量备份] - 查询 [昨日课量备份] - 范围 [$A$1:$B$59147]
2026-04-27 15:28:27 [INFO] 共发现 1 个链接了数据源的表格
2026-04-27 15:28:27 [INFO]   - 工作表 [昨日课量备份] - 查询 [昨日课量备份] - 范围 [$A$1:$B$59147]
2026-04-27 15:28:27 [INFO] 检查数据连接属性：
2026-04-27 15:28:27 [INFO]   工作表 [昨日课量备份] - 查询 [昨日课量备份]:
2026-04-27 15:28:27 [INFO]     - 全部刷新时刷新此连接: ✓ 已设置
2026-04-27 15:28:27 [INFO]     - 数据源表格范围: $A$1:$B$59147
2026-04-27 15:28:27 [INFO] 在 1 个工作表中设置左上角单元格值为1
2026-04-27 15:28:28 [INFO]   工作表 [昨日课量备份] - 已将 $A$1 单元格值设置为 1
2026-04-27 15:28:38 [INFO] 执行全部刷新...
2026-04-27 15:31:38 [INFO] 工作表 [昨日课量备份] - 查询 [昨日课量备份] 的 $A$1 单元格值已更新，刷新成功
2026-04-27 15:31:38 [INFO] 所有表格刷新成功！
2026-04-27 15:31:38 [DEBUG] 重新应用筛选：昨日课量备份
2026-04-27 15:31:38 [INFO] 开始截图，共 1 个区域
2026-04-27 15:31:38 [DEBUG] 截图区域地址: $A$1:$A$2
2026-04-27 15:31:40 [INFO] 截图成功：[test] 工作表[sheet1] 区域[A1]
2026-04-27 15:31:40 [DEBUG] 已将所有工作表缩放比例恢复为100%
2026-04-27 15:31:43 [DEBUG] Excel 进程已释放
2026-04-27 15:31:43 [INFO] 发送成功：截图 学员明细备份_test_20260427_153138_857323.png
2026-04-27 15:31:43 [DEBUG] 清理临时文件：学员明细备份_test_20260427_153138_857323.png
2026-04-27 15:31:43 [INFO] 任务耗时：198.68s
2026-04-27 15:31:43 [INFO] ====================================================================================================
2026-04-27 15:33:34 [INFO] 日志系统已初始化，日志文件：c:\Users\EDY\Desktop\BOT_TEST\logs\2026\04\2026-04-27.log
2026-04-27 15:33:34 [INFO] 已启用测试webhook，将发送到测试群
2026-04-27 15:33:34 [INFO] 成功加载 1 个任务
2026-04-27 15:33:34 [INFO] 进入调试模式...
2026-04-27 15:33:34 [INFO] ====================================================================================================
2026-04-27 15:33:34 [INFO] 启动任务：学员明细备份.xlsx
2026-04-27 15:33:34 [INFO] ====================================================================================================
2026-04-27 15:33:37 [DEBUG] 成功打开文件：学员明细备份.xlsx
2026-04-27 15:33:37 [INFO] 开始刷新数据...
2026-04-27 15:33:37 [DEBUG] 发现链接数据源的表格：工作表 [昨日课量备份] - 查询 [昨日课量备份] - 范围 [$A$1:$B$59147]
2026-04-27 15:33:37 [INFO] 共发现 1 个链接了数据源的表格
2026-04-27 15:33:37 [INFO]   - 工作表 [昨日课量备份] - 查询 [昨日课量备份] - 范围 [$A$1:$B$59147]
2026-04-27 15:33:37 [INFO] 检查数据连接属性：
2026-04-27 15:33:37 [INFO]   工作表 [昨日课量备份] - 查询 [昨日课量备份]:
2026-04-27 15:33:37 [INFO]     - 全部刷新时刷新此连接: ✓ 已设置
2026-04-27 15:33:37 [INFO]     - 数据源表格范围: $A$1:$B$59147
2026-04-27 15:33:37 [INFO] 在 1 个工作表中设置左上角单元格值为1
2026-04-27 15:33:37 [INFO]   工作表 [昨日课量备份] - 已将 $A$1 单元格值设置为 1
2026-04-27 15:33:41 [DEBUG] Excel 进程已释放
2026-04-27 15:33:41 [INFO] 任务耗时：6.90s
2026-04-27 15:33:41 [INFO] ====================================================================================================
2026-04-27 15:33:48 [INFO] 日志系统已初始化，日志文件：c:\Users\EDY\Desktop\BOT_TEST\logs\2026\04\2026-04-27.log
2026-04-27 15:33:48 [INFO] 成功加载 1 个任务
2026-04-27 15:33:48 [INFO] 进入调试模式...
2026-04-27 15:33:48 [INFO] ====================================================================================================
2026-04-27 15:33:48 [INFO] 启动任务：学员明细备份.xlsx
2026-04-27 15:33:48 [INFO] ====================================================================================================
2026-04-27 15:33:51 [DEBUG] 成功打开文件：学员明细备份.xlsx
2026-04-27 15:33:51 [INFO] 开始刷新数据...
2026-04-27 15:33:51 [DEBUG] 发现链接数据源的表格：工作表 [昨日课量备份] - 查询 [昨日课量备份] - 范围 [$A$1:$B$59147]
2026-04-27 15:33:51 [INFO] 共发现 1 个链接了数据源的表格
2026-04-27 15:33:51 [INFO]   - 工作表 [昨日课量备份] - 查询 [昨日课量备份] - 范围 [$A$1:$B$59147]
2026-04-27 15:33:51 [INFO] 检查数据连接属性：
2026-04-27 15:33:51 [INFO]   工作表 [昨日课量备份] - 查询 [昨日课量备份]:
2026-04-27 15:33:51 [INFO]     - 全部刷新时刷新此连接: ✓ 已设置
2026-04-27 15:33:51 [INFO]     - 数据源表格范围: $A$1:$B$59147
2026-04-27 15:33:51 [INFO] 在 1 个工作表中设置左上角单元格值为1
2026-04-27 15:33:51 [INFO]   工作表 [昨日课量备份] - 已将 $A$1 单元格值设置为 1
2026-04-27 15:34:01 [INFO] 执行全部刷新...
2026-04-27 15:39:36 [INFO] 工作表 [昨日课量备份] - 查询 [昨日课量备份] 的 $A$1 单元格值已更新，刷新成功
2026-04-27 15:39:36 [INFO] 所有表格刷新成功！
2026-04-27 15:39:36 [DEBUG] 重新应用筛选：昨日课量备份
2026-04-27 15:39:36 [INFO] 开始截图，共 1 个区域
2026-04-27 15:39:36 [DEBUG] 截图区域地址: $A$1:$A$2
2026-04-27 15:39:38 [INFO] 截图成功：[test] 工作表[sheet1] 区域[A1]
2026-04-27 15:39:38 [DEBUG] 已将所有工作表缩放比例恢复为100%
2026-04-27 15:39:39 [DEBUG] Excel 进程已释放
2026-04-27 15:39:39 [INFO] 发送成功：截图 学员明细备份_test_20260427_153936_959669.png
2026-04-27 15:39:39 [DEBUG] 清理临时文件：学员明细备份_test_20260427_153936_959669.png
2026-04-27 15:39:39 [INFO] 任务耗时：350.92s
2026-04-27 15:39:39 [INFO] ====================================================================================================
2026-04-27 16:02:01 [INFO] 日志系统已初始化，日志文件：c:\Users\EDY\Desktop\BOT_TEST\logs\2026\04\2026-04-27.log
2026-04-27 16:02:19 [INFO] 日志系统已初始化，日志文件：c:\Users\EDY\Desktop\BOT_TEST\logs\2026\04\2026-04-27.log
2026-04-27 16:02:19 [INFO] 已启用测试webhook模式
2026-04-27 16:02:19 [INFO] 成功加载 1 个任务
2026-04-27 16:02:19 [INFO] 进入调试模式...
2026-04-27 16:02:19 [INFO] ====================================================================================================
2026-04-27 16:02:19 [INFO] 启动任务：学员明细备份.xlsx
2026-04-27 16:02:19 [INFO] ====================================================================================================
2026-04-27 16:02:22 [DEBUG] 成功打开文件：学员明细备份.xlsx
2026-04-27 16:02:22 [INFO] 开始刷新数据...
2026-04-27 16:02:22 [DEBUG] 未安装 pywinauto，跳过 UIA 弹窗守护
2026-04-27 16:02:22 [DEBUG] 发现链接数据源的表格：工作表 [昨日课量备份] - 查询 [昨日课量备份] - 范围 [$A$1:$B$59147]
2026-04-27 16:02:22 [INFO] 共发现 1 个链接了数据源的表格
2026-04-27 16:02:22 [INFO]   - 工作表 [昨日课量备份] - 查询 [昨日课量备份] - 范围 [$A$1:$B$59147]
2026-04-27 16:02:22 [INFO] 检查数据连接属性：
2026-04-27 16:02:22 [INFO]   工作表 [昨日课量备份] - 查询 [昨日课量备份]:
2026-04-27 16:02:22 [INFO]     - 全部刷新时刷新此连接: ✓ 已设置
2026-04-27 16:02:22 [INFO]     - 数据源表格范围: $A$1:$B$59147
2026-04-27 16:02:22 [INFO] 在 1 个工作表中设置左上角单元格值为1
2026-04-27 16:02:22 [INFO]   工作表 [昨日课量备份] - 已将 $A$1 单元格值设置为 1
2026-04-27 16:02:32 [INFO] 执行全部刷新...
2026-04-27 16:04:32 [INFO] 日志系统已初始化，日志文件：c:\Users\EDY\Desktop\BOT_TEST\logs\2026\04\2026-04-27.log
2026-04-27 16:04:32 [INFO] 成功加载 1 个任务
2026-04-27 16:04:32 [INFO] 启动任务调度器...
2026-04-27 16:04:32 [INFO] 已安排任务：08:35 → 学员明细备份.xlsx
2026-04-27 16:04:32 [INFO] 已安排任务：10:35 → 学员明细备份.xlsx
2026-04-27 16:04:32 [INFO] 已安排任务：12:35 → 学员明细备份.xlsx
2026-04-27 16:04:32 [INFO] 已安排任务：14:35 → 学员明细备份.xlsx
2026-04-27 16:04:32 [INFO] 已安排任务：16:35 → 学员明细备份.xlsx
2026-04-27 16:04:32 [INFO] 已安排任务：18:35 → 学员明细备份.xlsx
2026-04-27 16:04:32 [INFO] 已安排任务：20:35 → 学员明细备份.xlsx
2026-04-27 16:04:32 [INFO] 已安排任务：22:00 → 学员明细备份.xlsx
2026-04-27 16:04:37 [INFO] 正在关闭调度器...
2026-04-27 16:04:44 [INFO] 日志系统已初始化，日志文件：c:\Users\EDY\Desktop\BOT_TEST\logs\2026\04\2026-04-27.log
2026-04-27 16:04:44 [INFO] 已启用测试webhook模式
2026-04-27 16:04:44 [INFO] 成功加载 1 个任务
2026-04-27 16:04:44 [INFO] 进入调试模式...
2026-04-27 16:04:44 [INFO] ====================================================================================================
2026-04-27 16:04:44 [INFO] 启动任务：学员明细备份.xlsx
2026-04-27 16:04:44 [INFO] ====================================================================================================
2026-04-27 16:04:45 [WARNING] 关闭 Excel 进程异常：(-2147352567, '发生意外。', (0, None, None, None, 0, -2146777998), None)
2026-04-27 16:04:45 [DEBUG] Excel 进程已释放
2026-04-27 16:04:45 [ERROR] 任务异常：Excel 启动失败：(-2147352567, '发生意外。', (0, None, None, None, 0, -2146777998), None)
Traceback (most recent call last):
  File "c:\Users\EDY\Desktop\BOT_TEST\excel.py", line 92, in __enter__
    self.excel.Visible = self.visible
  File "D:\Program\python39\lib\site-packages\win32com\client\dynamic.py", line 677, in __setattr__
    self._oleobj_.Invoke(entry.dispid, 0, invoke_type, 0, value)
pywintypes.com_error: (-2147352567, '发生意外。', (0, None, None, None, 0, -2146777998), None)

During handling of the above exception, another exception occurred:

Traceback (most recent call last):
  File "c:\Users\EDY\Desktop\BOT_TEST\excel.py", line 615, in execute
    with ExcelProcessor(
  File "c:\Users\EDY\Desktop\BOT_TEST\excel.py", line 117, in __enter__
    raise RuntimeError(f"Excel 启动失败：{str(e)}")
RuntimeError: Excel 启动失败：(-2147352567, '发生意外。', (0, None, None, None, 0, -2146777998), None)
2026-04-27 16:04:45 [INFO] 发送成功：任务启动失败通知
2026-04-27 16:04:45 [INFO] 任务耗时：0.37s
2026-04-27 16:04:45 [INFO] ====================================================================================================
2026-04-27 16:05:05 [INFO] 日志系统已初始化，日志文件：c:\Users\EDY\Desktop\BOT_TEST\logs\2026\04\2026-04-27.log
2026-04-27 16:05:05 [INFO] 已启用测试webhook模式
2026-04-27 16:05:05 [INFO] 成功加载 1 个任务
2026-04-27 16:05:05 [INFO] 进入调试模式...
2026-04-27 16:05:05 [INFO] ====================================================================================================
2026-04-27 16:05:05 [INFO] 启动任务：学员明细备份.xlsx
2026-04-27 16:05:05 [INFO] ====================================================================================================
2026-04-27 16:05:05 [WARNING] 关闭 Excel 进程异常：(-2147352567, '发生意外。', (0, None, None, None, 0, -2146777998), None)
2026-04-27 16:05:05 [DEBUG] Excel 进程已释放
2026-04-27 16:05:05 [ERROR] 任务异常：Excel 启动失败：(-2147352567, '发生意外。', (0, None, None, None, 0, -2146777998), None)
Traceback (most recent call last):
  File "c:\Users\EDY\Desktop\BOT_TEST\excel.py", line 92, in __enter__
    self.excel.Visible = self.visible
  File "D:\Program\python39\lib\site-packages\win32com\client\dynamic.py", line 677, in __setattr__
    self._oleobj_.Invoke(entry.dispid, 0, invoke_type, 0, value)
pywintypes.com_error: (-2147352567, '发生意外。', (0, None, None, None, 0, -2146777998), None)

During handling of the above exception, another exception occurred:

Traceback (most recent call last):
  File "c:\Users\EDY\Desktop\BOT_TEST\excel.py", line 615, in execute
    with ExcelProcessor(
  File "c:\Users\EDY\Desktop\BOT_TEST\excel.py", line 117, in __enter__
    raise RuntimeError(f"Excel 启动失败：{str(e)}")
RuntimeError: Excel 启动失败：(-2147352567, '发生意外。', (0, None, None, None, 0, -2146777998), None)
2026-04-27 16:05:05 [INFO] 发送成功：任务启动失败通知
2026-04-27 16:05:05 [INFO] 任务耗时：0.33s
2026-04-27 16:05:05 [INFO] ====================================================================================================
2026-04-27 16:05:37 [INFO] 日志系统已初始化，日志文件：c:\Users\EDY\Desktop\BOT_TEST\logs\2026\04\2026-04-27.log
2026-04-27 16:05:37 [INFO] 已启用测试webhook模式
2026-04-27 16:05:37 [INFO] 成功加载 1 个任务
2026-04-27 16:05:37 [INFO] 进入调试模式...
2026-04-27 16:05:37 [INFO] ====================================================================================================
2026-04-27 16:05:37 [INFO] 启动任务：学员明细备份.xlsx
2026-04-27 16:05:37 [INFO] ====================================================================================================
2026-04-27 16:05:37 [WARNING] 关闭 Excel 进程异常：(-2147352567, '发生意外。', (0, None, None, None, 0, -2146777998), None)
2026-04-27 16:05:37 [DEBUG] Excel 进程已释放
2026-04-27 16:05:37 [ERROR] 任务异常：Excel 启动失败：(-2147352567, '发生意外。', (0, None, None, None, 0, -2146777998), None)
Traceback (most recent call last):
  File "c:\Users\EDY\Desktop\BOT_TEST\excel.py", line 92, in __enter__
    self.excel.Visible = self.visible
  File "D:\Program\python39\lib\site-packages\win32com\client\dynamic.py", line 677, in __setattr__
    self._oleobj_.Invoke(entry.dispid, 0, invoke_type, 0, value)
pywintypes.com_error: (-2147352567, '发生意外。', (0, None, None, None, 0, -2146777998), None)

During handling of the above exception, another exception occurred:

Traceback (most recent call last):
  File "c:\Users\EDY\Desktop\BOT_TEST\excel.py", line 615, in execute
    with ExcelProcessor(
  File "c:\Users\EDY\Desktop\BOT_TEST\excel.py", line 117, in __enter__
    raise RuntimeError(f"Excel 启动失败：{str(e)}")
RuntimeError: Excel 启动失败：(-2147352567, '发生意外。', (0, None, None, None, 0, -2146777998), None)
2026-04-27 16:05:37 [INFO] 发送成功：任务启动失败通知
2026-04-27 16:05:37 [INFO] 任务耗时：0.33s
2026-04-27 16:05:37 [INFO] ====================================================================================================
2026-04-27 16:05:48 [ERROR] 刷新异常：(-2147417846, '消息筛选器显示应用程序正在使用中。', None, None)
2026-04-27 16:05:48 [WARNING] 数据刷新失败，发送通知并终止任务
2026-04-27 16:05:48 [INFO] 发送成功：数据刷新失败通知
2026-04-27 16:05:48 [WARNING] 关闭工作簿异常：(-2147417848, '被调用的对象已与其客户端断开连接。', None, None)
2026-04-27 16:05:48 [WARNING] 关闭 Excel 进程异常：(-2147417846, '消息筛选器显示应用程序正在使用中。', None, None)
2026-04-27 16:05:48 [DEBUG] Excel 进程已释放
2026-04-27 16:05:48 [INFO] 任务耗时：209.01s
2026-04-27 16:05:48 [INFO] ====================================================================================================
2026-04-27 16:05:52 [INFO] 日志系统已初始化，日志文件：c:\Users\EDY\Desktop\BOT_TEST\logs\2026\04\2026-04-27.log
2026-04-27 16:05:52 [INFO] 已启用测试webhook模式
2026-04-27 16:05:52 [INFO] 成功加载 1 个任务
2026-04-27 16:05:52 [INFO] 进入调试模式...
2026-04-27 16:05:52 [INFO] ====================================================================================================
2026-04-27 16:05:52 [INFO] 启动任务：学员明细备份.xlsx
2026-04-27 16:05:52 [INFO] ====================================================================================================
2026-04-27 16:05:55 [DEBUG] 成功打开文件：学员明细备份.xlsx
2026-04-27 16:05:55 [INFO] 开始刷新数据...
2026-04-27 16:05:55 [DEBUG] 发现链接数据源的表格：工作表 [昨日课量备份] - 查询 [昨日课量备份] - 范围 [$A$1:$B$59147]
2026-04-27 16:05:55 [INFO] 共发现 1 个链接了数据源的表格
2026-04-27 16:05:55 [INFO]   - 工作表 [昨日课量备份] - 查询 [昨日课量备份] - 范围 [$A$1:$B$59147]
2026-04-27 16:05:55 [INFO] 检查数据连接属性：
2026-04-27 16:05:55 [INFO]   工作表 [昨日课量备份] - 查询 [昨日课量备份]:
2026-04-27 16:05:55 [INFO]     - 全部刷新时刷新此连接: ✓ 已设置
2026-04-27 16:05:55 [INFO]     - 数据源表格范围: $A$1:$B$59147
2026-04-27 16:05:55 [INFO] 在 1 个工作表中设置左上角单元格值为1
2026-04-27 16:05:55 [INFO]   工作表 [昨日课量备份] - 已将 $A$1 单元格值设置为 1
2026-04-27 16:06:05 [INFO] 执行全部刷新...
2026-04-27 16:11:00 [INFO] 工作表 [昨日课量备份] - 查询 [昨日课量备份] 的 $A$1 单元格值已更新，刷新成功
2026-04-27 16:11:00 [INFO] 所有表格刷新成功！
2026-04-27 16:11:00 [DEBUG] 重新应用筛选：昨日课量备份
2026-04-27 16:11:00 [INFO] 开始截图，共 1 个区域
2026-04-27 16:11:00 [DEBUG] 截图区域地址: $A$1:$A$2
2026-04-27 16:11:01 [INFO] 截图成功：[test] 工作表[sheet1] 区域[A1]
2026-04-27 16:11:01 [DEBUG] 已将所有工作表缩放比例恢复为100%
2026-04-27 16:11:02 [DEBUG] Excel 进程已释放
2026-04-27 16:11:03 [INFO] 发送成功：截图 学员明细备份_test_20260427_161100_146126.png
2026-04-27 16:11:03 [DEBUG] 清理临时文件：学员明细备份_test_20260427_161100_146126.png
2026-04-27 16:11:03 [INFO] 任务耗时：310.28s
2026-04-27 16:11:03 [INFO] ====================================================================================================
2026-04-27 16:15:33 [INFO] 日志系统已初始化，日志文件：c:\Users\EDY\Desktop\BOT_TEST\logs\2026\04\2026-04-27.log
2026-04-27 16:15:53 [INFO] 日志系统已初始化，日志文件：c:\Users\EDY\Desktop\BOT_TEST\logs\2026\04\2026-04-27.log
2026-04-27 16:15:53 [INFO] 已启用测试webhook模式
2026-04-27 16:15:53 [INFO] 成功加载 1 个任务
2026-04-27 16:15:53 [INFO] 进入调试模式...
2026-04-27 16:15:53 [INFO] ====================================================================================================
2026-04-27 16:15:53 [INFO] 启动任务：学员明细备份.xlsx
2026-04-27 16:15:53 [INFO] ====================================================================================================
2026-04-27 16:15:56 [DEBUG] 成功打开文件：学员明细备份.xlsx
2026-04-27 16:15:56 [INFO] 开始刷新数据...
2026-04-27 16:15:56 [DEBUG] 未安装 pywinauto，跳过 UIA 弹窗守护
2026-04-27 16:15:56 [DEBUG] 发现链接数据源的表格：工作表 [昨日课量备份] - 查询 [昨日课量备份] - 范围 [$A$1:$B$59147]
2026-04-27 16:15:56 [INFO] 共发现 1 个链接了数据源的表格
2026-04-27 16:15:56 [INFO]   - 工作表 [昨日课量备份] - 查询 [昨日课量备份] - 范围 [$A$1:$B$59147]
2026-04-27 16:15:56 [INFO] 检查数据连接属性：
2026-04-27 16:15:56 [INFO]   工作表 [昨日课量备份] - 查询 [昨日课量备份]:
2026-04-27 16:15:56 [INFO]     - 全部刷新时刷新此连接: ✓ 已设置
2026-04-27 16:15:56 [INFO]     - 数据源表格范围: $A$1:$B$59147
2026-04-27 16:15:56 [INFO] 在 1 个工作表中设置左上角单元格值为1
2026-04-27 16:15:56 [INFO]   工作表 [昨日课量备份] - 已将 $A$1 单元格值设置为 1
2026-04-27 16:16:06 [INFO] 执行全部刷新...
2026-04-27 16:17:18 [INFO] 工作表 [昨日课量备份] - 查询 [昨日课量备份] 的 $A$1 单元格值已更新，刷新成功
2026-04-27 16:17:18 [INFO] 所有表格刷新成功！
2026-04-27 16:17:18 [DEBUG] 未安装 pywinauto，跳过 UIA 弹窗守护
2026-04-27 16:17:18 [DEBUG] 重新应用筛选：昨日课量备份
2026-04-27 16:17:18 [DEBUG] 未安装 pywinauto，跳过 UIA 弹窗守护
2026-04-27 16:17:18 [INFO] 开始截图，共 1 个区域
2026-04-27 16:17:18 [DEBUG] 截图区域地址: $A$1:$A$2
2026-04-27 16:17:19 [INFO] 截图成功：[test] 工作表[sheet1] 区域[A1]
2026-04-27 16:17:19 [DEBUG] 已将所有工作表缩放比例恢复为100%
2026-04-27 16:17:22 [DEBUG] Excel 进程已释放
2026-04-27 16:17:23 [INFO] 发送成功：截图 学员明细备份_test_20260427_161718_165556.png
2026-04-27 16:17:23 [DEBUG] 清理临时文件：学员明细备份_test_20260427_161718_165556.png
2026-04-27 16:17:23 [INFO] 任务耗时：89.18s
2026-04-27 16:17:23 [INFO] ====================================================================================================
2026-04-27 16:18:09 [INFO] 日志系统已初始化，日志文件：c:\Users\EDY\Desktop\BOT_TEST\logs\2026\04\2026-04-27.log
2026-04-27 16:18:09 [INFO] 已启用测试webhook模式
2026-04-27 16:18:09 [INFO] 成功加载 1 个任务
2026-04-27 16:18:09 [INFO] 进入调试模式...
2026-04-27 16:18:09 [INFO] ====================================================================================================
2026-04-27 16:18:09 [INFO] 启动任务：学员明细备份.xlsx
2026-04-27 16:18:09 [INFO] ====================================================================================================
2026-04-27 16:18:11 [DEBUG] 成功打开文件：学员明细备份.xlsx
2026-04-27 16:18:11 [INFO] 开始刷新数据...
2026-04-27 16:18:11 [DEBUG] 发现链接数据源的表格：工作表 [昨日课量备份] - 查询 [昨日课量备份] - 范围 [$A$1:$B$59147]
2026-04-27 16:18:11 [INFO] 共发现 1 个链接了数据源的表格
2026-04-27 16:18:11 [INFO]   - 工作表 [昨日课量备份] - 查询 [昨日课量备份] - 范围 [$A$1:$B$59147]
2026-04-27 16:18:11 [INFO] 检查数据连接属性：
2026-04-27 16:18:11 [INFO]   工作表 [昨日课量备份] - 查询 [昨日课量备份]:
2026-04-27 16:18:11 [INFO]     - 全部刷新时刷新此连接: ✓ 已设置
2026-04-27 16:18:11 [INFO]     - 数据源表格范围: $A$1:$B$59147
2026-04-27 16:18:11 [INFO] 在 1 个工作表中设置左上角单元格值为1
2026-04-27 16:18:11 [INFO]   工作表 [昨日课量备份] - 已将 $A$1 单元格值设置为 1
2026-04-27 16:18:21 [INFO] 执行全部刷新...
2026-04-27 16:18:21 [ERROR] 刷新异常：(-2147417848, '被调用的对象已与其客户端断开连接。', None, None)
2026-04-27 16:18:21 [WARNING] 数据刷新失败，发送通知并终止任务
2026-04-27 16:18:21 [INFO] 发送成功：数据刷新失败通知
2026-04-27 16:18:21 [WARNING] 关闭工作簿异常：(-2147417848, '被调用的对象已与其客户端断开连接。', None, None)
2026-04-27 16:18:22 [DEBUG] Excel 进程已释放
2026-04-27 16:18:22 [INFO] 任务耗时：12.98s
2026-04-27 16:18:22 [INFO] ====================================================================================================
